Resource Usage Report for PCIe_EP_Demo 

Mapping to part: mpf300tfcg1152-1
Cell usage:
AND3            2 uses
BANKCTRL_GPIO   3 uses
BANKCTRL_HSIO   4 uses
BIBUF_DIFF_DQS  4 uses
CLKINT          26 uses
CLKINT_PRESERVE  2 uses
DFN1            2 uses
DLL             2 uses
HS_IO_CLK       4 uses
ICB_CLKDIV      1 use
ICB_NGMUX       1 use
INIT            1 use
IOD             104 uses
LANECTRL        6 uses
OR4             2 uses
OSC_RC160MHZ    1 use
OUTBUF_FEEDBACK  2 uses
OUTBUF_FEEDBACK_DIFF  2 uses
PCIE            1 use
PCIE_COMMON     1 use
PLL             3 uses
TRIBUFF_FEEDBACK  4 uses
TX_PLL          1 use
XCVR_APB_LINK   1 use
XCVR_PIPE_AXI0  2 uses
XCVR_PIPE_AXI1  2 uses
XCVR_REF_CLK    1 use
CFG1           345 uses
CFG2           5267 uses
CFG3           10254 uses
CFG4           14604 uses

Carry cells:
ARI1            5723 uses - used for arithmetic functions
ARI1            1803 uses - used for Wide-Mux implementation
Total ARI1      7526 uses


Sequential Cells: 
SLE            29769 uses

DSP Blocks:    0 of 924 (0%)

I/O ports: 148
I/O primitives: 112
BIBUF          32 uses
INBUF          12 uses
OUTBUF         14 uses
TRIBUFF        54 uses


Global Clock Buffers: 26

Total LUTs:    37996

Extra resources required for RAM and MACC_PA interface logic during P&R:

RAM64X12 Interface Logic : SLEs = 2580; LUTs = 2580;
RAM1K20  Interface Logic : SLEs = 1620; LUTs = 1620;
MACC_PA     Interface Logic : SLEs = 0; LUTs = 0;
MACC_PA_BC_ROM     Interface Logic : SLEs = 0; LUTs = 0;

Total number of SLEs after P&R:  29769 + 2580 + 1620 + 0 = 33969;
Total number of LUTs after P&R:  37996 + 2580 + 1620 + 0 = 42196;

