
Copyright (C) 1994-2021 Synopsys, Inc.
This Synopsys software and all associated documentation are proprietary to Synopsys, Inc.
and may only be used pursuant to the terms and conditions of a written license agreement
with Synopsys, Inc. All other use, reproduction, modification, or distribution of the
Synopsys software or the associated documentation is strictly prohibited.
Tool: Synplify Pro (R)
Build: S-2021.09M
Install: /soft/sqatest5/releases/production/Synopsys/Synplify/lin/synplify_S202109M
OS: CentOS Linux 7 (Core)
Hostname: hyd-sw-01
max virtual memory: unlimited (bytes)
max user processes: 4096
max stack size: 8388608 (bytes)


Implementation : synthesis

# Written on Tue May 17 09:08:53 2022

##### DESIGN INFO #######################################################

Top View:                "PCIe_EP_Demo"
Constraint File(s):      "/sqahyd/Pramod/Github_Examples/SmartDebug_PCIe_Register_read/PCIe_Register_Read/designer/PCIe_EP_Demo/synthesis.fdc"




##### SUMMARY ############################################################

Found 84 issues in 84 out of 135 constraints


##### DETAILS ############################################################



Clock Relationships
*******************

Starting                                                                     Ending                                                         |     rise to rise     |     fall to fall     |     rise to fall     |     fall to rise                     
-------------------------------------------------------------------------------------------------------------------------------------------------------------------------------------------------------------------------------------------------------
System                                                                       PF_DDR4_SS_0/CCC_0/pll_inst_0/OUT1                             |     5.000            |     No paths         |     No paths         |     No paths                         
System                                                                       PF_DDR4_SS_0/CCC_0/pll_inst_0/OUT2                             |     1.250            |     No paths         |     No paths         |     No paths                         
System                                                                       PF_DDR4_SS_0/CCC_0/pll_inst_0/OUT3                             |     1.250            |     No paths         |     No paths         |     No paths                         
System                                                                       PF_DDR3_SS_CCC_0_PF_CCC|pll_inst_0_clkint_4_inferred_clock     |     10.000           |     No paths         |     No paths         |     No paths                         
System                                                                       PF_DDR3_SS_0/CCC_0/pll_inst_0/OUT2                             |     1.667            |     No paths         |     No paths         |     No paths                         
System                                                                       PF_DDR3_SS_0/CCC_0/pll_inst_0/OUT3                             |     1.667            |     No paths         |     No paths         |     No paths                         
REF_CLK_0                                                                    REF_CLK_0                                                      |     20.000           |     No paths         |     No paths         |     No paths                         
REF_CLK_0                                                                    PF_DDR4_SS_0/CCC_0/pll_inst_0/OUT1                             |     Diff grp         |     No paths         |     No paths         |     No paths                         
PF_DDR4_SS_0/CCC_0/pll_inst_0/OUT1                                           System                                                         |     5.000            |     No paths         |     No paths         |     No paths                         
PF_DDR4_SS_0/CCC_0/pll_inst_0/OUT1                                           REF_CLK_0                                                      |     Diff grp         |     No paths         |     No paths         |     No paths                         
PF_DDR4_SS_0/CCC_0/pll_inst_0/OUT1                                           PF_DDR4_SS_0/CCC_0/pll_inst_0/OUT1                             |     5.000            |     No paths         |     No paths         |     2.500                            
PF_DDR4_SS_0/CCC_0/pll_inst_0/OUT1                                           PF_DDR4_SS_0/CCC_0/pll_inst_0/OUT2                             |     Diff grp         |     No paths         |     No paths         |     No paths                         
PF_DDR4_SS_0/CCC_0/pll_inst_0/OUT1                                           PF_DDR4_SS_0/CCC_0/pll_inst_0/OUT3                             |     Diff grp         |     No paths         |     No paths         |     No paths                         
PF_DDR4_SS_0/CCC_0/pll_inst_0/OUT1                                           COREDDR_TIP_INT_Z187|VCO_PHSEL_ROTATE_inferred_clock[0]        |     Diff grp         |     No paths         |     No paths         |     No paths                         
PF_DDR4_SS_0/CCC_0/pll_inst_0/OUT1                                           PF_DDR3_SS_CCC_0_PF_CCC|pll_inst_0_clkint_4_inferred_clock     |     Diff grp         |     No paths         |     No paths         |     No paths                         
PF_DDR4_SS_0/CCC_0/pll_inst_0/OUT2                                           System                                                         |     1.250            |     No paths         |     No paths         |     No paths                         
PF_DDR4_SS_DDRPHY_BLK_LANE_1_CTRL_PF_LANECTRL|N_3_inferred_clock             System                                                         |     10.000           |     No paths         |     No paths         |     No paths                         
PF_DDR4_SS_DDRPHY_BLK_LANE_1_CTRL_PF_LANECTRL|TX_DQS_270_inferred_clock      System                                                         |     10.000           |     No paths         |     No paths         |     No paths                         
PF_DDR4_SS_DDRPHY_BLK_LANE_0_CTRL_PF_LANECTRL|N_3_inferred_clock             System                                                         |     10.000           |     No paths         |     No paths         |     No paths                         
PF_DDR4_SS_DDRPHY_BLK_LANE_0_CTRL_PF_LANECTRL|TX_DQS_270_inferred_clock      System                                                         |     10.000           |     No paths         |     No paths         |     No paths                         
PF_DDR4_SS_DDRPHY_BLK_LANECTRL_ADDR_CMD_0_PF_LANECTRL|N_3_inferred_clock     System                                                         |     10.000           |     No paths         |     No paths         |     No paths                         
PF_DDR3_SS_CCC_0_PF_CCC|pll_inst_0_clkint_4_inferred_clock                   System                                                         |     10.000           |     No paths         |     No paths         |     No paths                         
PF_DDR3_SS_CCC_0_PF_CCC|pll_inst_0_clkint_4_inferred_clock                   PF_DDR4_SS_0/CCC_0/pll_inst_0/OUT1                             |     Diff grp         |     No paths         |     No paths         |     No paths                         
PF_DDR3_SS_CCC_0_PF_CCC|pll_inst_0_clkint_4_inferred_clock                   PF_DDR3_SS_CCC_0_PF_CCC|pll_inst_0_clkint_4_inferred_clock     |     10.000           |     No paths         |     No paths         |     No paths                         
PF_DDR3_SS_CCC_0_PF_CCC|pll_inst_0_clkint_4_inferred_clock                   COREDDR_TIP_INT_Z129|VCO_PHSEL_ROTATE_inferred_clock[0]        |     Diff grp         |     No paths         |     No paths         |     No paths                         
PF_DDR3_SS_CCC_0_PF_CCC|pll_inst_0_clkint_4_inferred_clock                   PF_DDR3_SS_0/CCC_0/pll_inst_0/OUT2                             |     Diff grp         |     No paths         |     No paths         |     No paths                         
PF_DDR3_SS_CCC_0_PF_CCC|pll_inst_0_clkint_4_inferred_clock                   PF_DDR3_SS_0/CCC_0/pll_inst_0/OUT3                             |     Diff grp         |     No paths         |     No paths         |     No paths                         
PF_DDR3_SS_DDRPHY_BLK_LANE_1_CTRL_PF_LANECTRL|N_3_inferred_clock             System                                                         |     10.000           |     No paths         |     No paths         |     No paths                         
PF_DDR3_SS_DDRPHY_BLK_LANE_1_CTRL_PF_LANECTRL|TX_DQS_270_inferred_clock      System                                                         |     10.000           |     No paths         |     No paths         |     No paths                         
PF_DDR3_SS_DDRPHY_BLK_LANE_0_CTRL_PF_LANECTRL|N_3_inferred_clock             System                                                         |     10.000           |     No paths         |     No paths         |     No paths                         
PF_DDR3_SS_DDRPHY_BLK_LANE_0_CTRL_PF_LANECTRL|TX_DQS_270_inferred_clock      System                                                         |     10.000           |     No paths         |     No paths         |     No paths                         
PF_DDR3_SS_DDRPHY_BLK_LANECTRL_ADDR_CMD_0_PF_LANECTRL|N_3_inferred_clock     System                                                         |     10.000           |     No paths         |     No paths         |     No paths                         
PF_DDR3_SS_0/CCC_0/pll_inst_0/OUT2                                           System                                                         |     1.667            |     No paths         |     No paths         |     No paths                         
=======================================================================================================================================================================================================================================================
 Note: 'No paths' indicates there are no paths in the design for that pair of clock edges.
       'Diff grp' indicates that paths exist but the starting clock and ending clock are in different clock groups.


Unconstrained Start/End Points
******************************

p:ACT_N
p:A[0]
p:A[1]
p:A[2]
p:A[3]
p:A[4]
p:A[5]
p:A[6]
p:A[7]
p:A[8]
p:A[9]
p:A[10]
p:A[11]
p:A[12]
p:A[13]
p:A_0[0]
p:A_0[1]
p:A_0[2]
p:A_0[3]
p:A_0[4]
p:A_0[5]
p:A_0[6]
p:A_0[7]
p:A_0[8]
p:A_0[9]
p:A_0[10]
p:A_0[11]
p:A_0[12]
p:A_0[13]
p:A_0[14]
p:A_0[15]
p:BANK0_1_7_CALIB_DONE
p:BA[0]
p:BA[1]
p:BA_0[0]
p:BA_0[1]
p:BA_0[2]
p:BG[0]
p:BG[1]
p:CAS_N
p:CAS_N_0
p:CK0
p:CK0_0
p:CK0_N
p:CK0_N_0
p:CKE
p:CKE_0
p:CS_N
p:CS_N_0
p:CTRLR_READY_DDR3
p:CTRLR_READY_DDR4
p:DM[0]
p:DM[1]
p:DM_N[0]
p:DM_N[1]
p:DQS[0] (bidir end point)
p:DQS[0] (bidir start point)
p:DQS[1] (bidir end point)
p:DQS[1] (bidir start point)
p:DQS_0[0] (bidir end point)
p:DQS_0[0] (bidir start point)
p:DQS_0[1] (bidir end point)
p:DQS_0[1] (bidir start point)
p:DQS_N[0] (bidir end point)
p:DQS_N[0] (bidir start point)
p:DQS_N[1] (bidir end point)
p:DQS_N[1] (bidir start point)
p:DQS_N_0[0] (bidir end point)
p:DQS_N_0[0] (bidir start point)
p:DQS_N_0[1] (bidir end point)
p:DQS_N_0[1] (bidir start point)
p:DQ[0] (bidir end point)
p:DQ[0] (bidir start point)
p:DQ[1] (bidir end point)
p:DQ[1] (bidir start point)
p:DQ[2] (bidir end point)
p:DQ[2] (bidir start point)
p:DQ[3] (bidir end point)
p:DQ[3] (bidir start point)
p:DQ[4] (bidir end point)
p:DQ[4] (bidir start point)
p:DQ[5] (bidir end point)
p:DQ[5] (bidir start point)
p:DQ[6] (bidir end point)
p:DQ[6] (bidir start point)
p:DQ[7] (bidir end point)
p:DQ[7] (bidir start point)
p:DQ[8] (bidir end point)
p:DQ[8] (bidir start point)
p:DQ[9] (bidir end point)
p:DQ[9] (bidir start point)
p:DQ[10] (bidir end point)
p:DQ[10] (bidir start point)
p:DQ[11] (bidir end point)
p:DQ[11] (bidir start point)
p:DQ[12] (bidir end point)
p:DQ[12] (bidir start point)
p:DQ[13] (bidir end point)
p:DQ[13] (bidir start point)
p:DQ[14] (bidir end point)
p:DQ[14] (bidir start point)
p:DQ[15] (bidir end point)
p:DQ[15] (bidir start point)
p:DQ_0[0] (bidir end point)
p:DQ_0[0] (bidir start point)
p:DQ_0[1] (bidir end point)
p:DQ_0[1] (bidir start point)
p:DQ_0[2] (bidir end point)
p:DQ_0[2] (bidir start point)
p:DQ_0[3] (bidir end point)
p:DQ_0[3] (bidir start point)
p:DQ_0[4] (bidir end point)
p:DQ_0[4] (bidir start point)
p:DQ_0[5] (bidir end point)
p:DQ_0[5] (bidir start point)
p:DQ_0[6] (bidir end point)
p:DQ_0[6] (bidir start point)
p:DQ_0[7] (bidir end point)
p:DQ_0[7] (bidir start point)
p:DQ_0[8] (bidir end point)
p:DQ_0[8] (bidir start point)
p:DQ_0[9] (bidir end point)
p:DQ_0[9] (bidir start point)
p:DQ_0[10] (bidir end point)
p:DQ_0[10] (bidir start point)
p:DQ_0[11] (bidir end point)
p:DQ_0[11] (bidir start point)
p:DQ_0[12] (bidir end point)
p:DQ_0[12] (bidir start point)
p:DQ_0[13] (bidir end point)
p:DQ_0[13] (bidir start point)
p:DQ_0[14] (bidir end point)
p:DQ_0[14] (bidir start point)
p:DQ_0[15] (bidir end point)
p:DQ_0[15] (bidir start point)
p:ODT
p:ODT_0
p:PCIESS_LANE_RXD0_N
p:PCIESS_LANE_RXD0_P
p:PCIESS_LANE_RXD1_N
p:PCIESS_LANE_RXD1_P
p:PCIESS_LANE_RXD2_N
p:PCIESS_LANE_RXD2_P
p:PCIESS_LANE_RXD3_N
p:PCIESS_LANE_RXD3_P
p:PCIESS_LANE_TXD0_N
p:PCIESS_LANE_TXD0_P
p:PCIESS_LANE_TXD1_N
p:PCIESS_LANE_TXD1_P
p:PCIESS_LANE_TXD2_N
p:PCIESS_LANE_TXD2_P
p:PCIESS_LANE_TXD3_N
p:PCIESS_LANE_TXD3_P
p:PCIE_1_PERST_N
p:PLL_LOCK_DDR3
p:PLL_LOCK_DDR4
p:RAS_N
p:RAS_N_0
p:REF_CLK_PAD_N
p:RESET_N
p:RESET_N_0
p:RX
p:SHIELD0
p:SHIELD0_0
p:SHIELD1
p:SHIELD1_0
p:TX
p:USER_RESETN
p:WE_N
p:WE_N_0
p:dip_switch_o[0]
p:dip_switch_o[1]
p:dip_switch_o[2]
p:dip_switch_o[3]
p:led_o[0]
p:led_o[1]
p:led_o[2]
p:led_o[3]
p:led_o[4]
p:led_o[5]
p:led_o[6]
p:led_o[7]
p:switch_i[0]
p:switch_i[1]
p:switch_i[2]
p:switch_i[3]


Inapplicable constraints
************************

create_generated_clock -name CCC_111MHz_0/CCC_111MHz_0/pll_inst_0/OUT0 -multiply_by 20 -divide_by 9 -source [get_pins { CCC_111MHz_0.CCC_111MHz_0.pll_inst_0.REF_CLK_0 }] [get_pins { CCC_111MHz_0.CCC_111MHz_0.pll_inst_0.OUT0 }]
	@E:BN544:"/sqahyd/Pramod/Github_Examples/SmartDebug_PCIe_Register_read/PCIe_Register_Read/designer/PCIe_EP_Demo/synthesis.fdc":12:0:12:0|create_generated_clock with both -multiply_by and -divide_by not supported for this target technology
create_generated_clock -name PF_DDR3_SS_0/CCC_0/pll_inst_0/OUT1 -multiply_by 3 -divide_by 2 -source [get_pins { PF_DDR3_SS_0.CCC_0.pll_inst_0.REF_CLK_0 }] [get_pins { PF_DDR3_SS_0.CCC_0.pll_inst_0.OUT1 }]
	@E:BN544:"/sqahyd/Pramod/Github_Examples/SmartDebug_PCIe_Register_read/PCIe_Register_Read/designer/PCIe_EP_Demo/synthesis.fdc":15:0:15:0|create_generated_clock with both -multiply_by and -divide_by not supported for this target technology
set_false_path -from [get_pins { PCIe_EP_0.PCIex4_0.PCIE_1.TL_CLK }]
	@E::"/sqahyd/Pramod/Github_Examples/SmartDebug_PCIe_Register_read/PCIe_Register_Read/designer/PCIe_EP_Demo/synthesis.fdc":23:0:23:0|Timing constraint (from [get_pins { PCIe_EP_0.PCIex4_0.PCIE_1.TL_CLK }]) (false path) was not applied to the design because the from list is incorrect: it contains no clock, primary input, sequential cell, or sequential cell clock pin
set_multicycle_path -setup_only 2 -from [get_cells { PF_DDR3_SS_0.DDRPHY_BLK_0.IOD_TRAINING_0.COREDDR_TIP_INT_U.TIP_CTRL_BLK.u_write_callibrator.select* }]
	@E:MF1028:"/sqahyd/Pramod/Github_Examples/SmartDebug_PCIe_Register_read/PCIe_Register_Read/designer/PCIe_EP_Demo/synthesis.fdc":120:0:120:0|Parameter "-setup_only" is not valid.
	@N:Z112:"/sqahyd/Pramod/Github_Examples/SmartDebug_PCIe_Register_read/PCIe_Register_Read/designer/PCIe_EP_Demo/synthesis.fdc":120:0:120:0|Constraint will be disabled.
set_multicycle_path -setup_only 2 -from [get_cells { PF_DDR4_SS_0.DDRPHY_BLK_0.IOD_TRAINING_0.COREDDR_TIP_INT_U.TIP_CTRL_BLK.u_write_callibrator.select* }]
	@E:MF1028:"/sqahyd/Pramod/Github_Examples/SmartDebug_PCIe_Register_read/PCIe_Register_Read/designer/PCIe_EP_Demo/synthesis.fdc":121:0:121:0|Parameter "-setup_only" is not valid.
	@N:Z112:"/sqahyd/Pramod/Github_Examples/SmartDebug_PCIe_Register_read/PCIe_Register_Read/designer/PCIe_EP_Demo/synthesis.fdc":121:0:121:0|Constraint will be disabled.

Applicable constraints with issues
**********************************

set_false_path -through [get_pins { PF_DDR3_SS_0.DDRPHY_BLK_0.*.I_IOD_*.DELAY_LINE_OUT_OF_RANGE }]
	@W::"/sqahyd/Pramod/Github_Examples/SmartDebug_PCIe_Register_read/PCIe_Register_Read/designer/PCIe_EP_Demo/synthesis.fdc":29:0:29:0|Timing constraint (through [get_pins { PF_DDR3_SS_0.DDRPHY_BLK_0.*.I_IOD_*.DELAY_LINE_OUT_OF_RANGE }]) (false path) was not applied to the design because none of the paths specified by the constraint exist in the design
set_false_path -through [get_pins { PF_DDR4_SS_0.DDRPHY_BLK_0.*.I_IOD_*.DELAY_LINE_OUT_OF_RANGE }]
	@W::"/sqahyd/Pramod/Github_Examples/SmartDebug_PCIe_Register_read/PCIe_Register_Read/designer/PCIe_EP_Demo/synthesis.fdc":77:0:77:0|Timing constraint (through [get_pins { PF_DDR4_SS_0.DDRPHY_BLK_0.*.I_IOD_*.DELAY_LINE_OUT_OF_RANGE }]) (false path) was not applied to the design because none of the paths specified by the constraint exist in the design
set_false_path -to [get_pins { PCIe_EP_0.PCIex4_0.PCIE_1.INTERRUPT[0] PCIe_EP_0.PCIex4_0.PCIE_1.INTERRUPT[1] PCIe_EP_0.PCIex4_0.PCIE_1.INTERRUPT[2] PCIe_EP_0.PCIex4_0.PCIE_1.INTERRUPT[3] PCIe_EP_0.PCIex4_0.PCIE_1.INTERRUPT[4] PCIe_EP_0.PCIex4_0.PCIE_1.INTERRUPT[5] PCIe_EP_0.PCIex4_0.PCIE_1.INTERRUPT[6] PCIe_EP_0.PCIex4_0.PCIE_1.INTERRUPT[7] PCIe_EP_0.PCIex4_0.PCIE_1.WAKEREQ PCIe_EP_0.PCIex4_0.PCIE_1.MPERST_N }]
	@W::"/sqahyd/Pramod/Github_Examples/SmartDebug_PCIe_Register_read/PCIe_Register_Read/designer/PCIe_EP_Demo/synthesis.fdc":22:0:22:0|Timing constraint (to [get_pins { PCIe_EP_0.PCIex4_0.PCIE_1.INTERRUPT[0] PCIe_EP_0.PCIex4_0.PCIE_1.INTERRUPT[1] PCIe_EP_0.PCIex4_0.PCIE_1.INTERRUPT[2] PCIe_EP_0.PCIex4_0.PCIE_1.INTERRUPT[3] PCIe_EP_0.PCIex4_0.PCIE_1.INTERRUPT[4] PCIe_EP_0.PCIex4_0.PCIE_1.INTERRUPT[5] PCIe_EP_0.PCIex4_0.PCIE_1.INTERRUPT[6] PCIe_EP_0.PCIex4_0.PCIE_1.INTERRUPT[7] PCIe_EP_0.PCIex4_0.PCIE_1.WAKEREQ PCIe_EP_0.PCIex4_0.PCIE_1.MPERST_N }]) (false path) was not applied to the design because none of the paths specified by the constraint exist in the design
set_false_path -to [get_pins { PF_DDR3_SS_0.CCC_0.pll_inst_0.PHASE_OUT0_SEL }]
	@W::"/sqahyd/Pramod/Github_Examples/SmartDebug_PCIe_Register_read/PCIe_Register_Read/designer/PCIe_EP_Demo/synthesis.fdc":69:0:69:0|Timing constraint (to [get_pins { PF_DDR3_SS_0.CCC_0.pll_inst_0.PHASE_OUT0_SEL }]) (false path) was not applied to the design because no matching path was synchronous
set_false_path -to [get_pins { PF_DDR3_SS_0.CCC_0.pll_inst_0.PHASE_OUT2_SEL }]
	@W::"/sqahyd/Pramod/Github_Examples/SmartDebug_PCIe_Register_read/PCIe_Register_Read/designer/PCIe_EP_Demo/synthesis.fdc":70:0:70:0|Timing constraint (to [get_pins { PF_DDR3_SS_0.CCC_0.pll_inst_0.PHASE_OUT2_SEL }]) (false path) was not applied to the design because no matching path was synchronous
set_false_path -to [get_pins { PF_DDR3_SS_0.CCC_0.pll_inst_0.PHASE_OUT3_SEL }]
	@W::"/sqahyd/Pramod/Github_Examples/SmartDebug_PCIe_Register_read/PCIe_Register_Read/designer/PCIe_EP_Demo/synthesis.fdc":71:0:71:0|Timing constraint (to [get_pins { PF_DDR3_SS_0.CCC_0.pll_inst_0.PHASE_OUT3_SEL }]) (false path) was not applied to the design because no matching path was synchronous
set_false_path -to [get_pins { PF_DDR3_SS_0.DDRPHY_BLK_0.*.I_IOD_*.ARST_N }]
	@W::"/sqahyd/Pramod/Github_Examples/SmartDebug_PCIe_Register_read/PCIe_Register_Read/designer/PCIe_EP_Demo/synthesis.fdc":24:0:24:0|Timing constraint (to [get_pins { PF_DDR3_SS_0.DDRPHY_BLK_0.*.I_IOD_*.ARST_N }]) (false path) was not applied to the design because none of the paths specified by the constraint exist in the design
set_false_path -to [get_pins { PF_DDR3_SS_0.DDRPHY_BLK_0.*.I_IOD_*.DELAY_LINE_MOVE }]
	@W::"/sqahyd/Pramod/Github_Examples/SmartDebug_PCIe_Register_read/PCIe_Register_Read/designer/PCIe_EP_Demo/synthesis.fdc":28:0:28:0|Timing constraint (to [get_pins { PF_DDR3_SS_0.DDRPHY_BLK_0.*.I_IOD_*.DELAY_LINE_MOVE }]) (false path) was not applied to the design because none of the paths specified by the constraint exist in the design
set_false_path -to [get_pins { PF_DDR3_SS_0.DDRPHY_BLK_0.*.I_IOD_*.RX_SYNC_RST* }]
	@W::"/sqahyd/Pramod/Github_Examples/SmartDebug_PCIe_Register_read/PCIe_Register_Read/designer/PCIe_EP_Demo/synthesis.fdc":27:0:27:0|Timing constraint (to [get_pins { PF_DDR3_SS_0.DDRPHY_BLK_0.*.I_IOD_*.RX_SYNC_RST* }]) (false path) was not applied to the design because none of the paths specified by the constraint exist in the design
set_false_path -to [get_pins { PF_DDR3_SS_0.DDRPHY_BLK_0.LANECTRL_ADDR_CMD_0.I_LANECTRL*.HS_IO_CLK_PAUSE }]
	@W::"/sqahyd/Pramod/Github_Examples/SmartDebug_PCIe_Register_read/PCIe_Register_Read/designer/PCIe_EP_Demo/synthesis.fdc":26:0:26:0|Timing constraint (to [get_pins { PF_DDR3_SS_0.DDRPHY_BLK_0.LANECTRL_ADDR_CMD_0.I_LANECTRL*.HS_IO_CLK_PAUSE }]) (false path) was not applied to the design because none of the paths specified by the constraint exist in the design
set_false_path -to [get_pins { PF_DDR3_SS_0.DDRPHY_BLK_0.LANE_*_CTRL.I_LANECTRL.HS_IO_CLK_PAUSE }]
	@W::"/sqahyd/Pramod/Github_Examples/SmartDebug_PCIe_Register_read/PCIe_Register_Read/designer/PCIe_EP_Demo/synthesis.fdc":25:0:25:0|Timing constraint (to [get_pins { PF_DDR3_SS_0.DDRPHY_BLK_0.LANE_*_CTRL.I_LANECTRL.HS_IO_CLK_PAUSE }]) (false path) was not applied to the design because none of the paths specified by the constraint exist in the design
set_false_path -to [get_pins { PF_DDR3_SS_0.DDRPHY_BLK_0.LANE_0_CTRL.I_LANECTRL.DDR_READ }]
	@W::"/sqahyd/Pramod/Github_Examples/SmartDebug_PCIe_Register_read/PCIe_Register_Read/designer/PCIe_EP_Demo/synthesis.fdc":30:0:30:0|Timing constraint (to [get_pins { PF_DDR3_SS_0.DDRPHY_BLK_0.LANE_0_CTRL.I_LANECTRL.DDR_READ }]) (false path) was not applied to the design because no matching path was synchronous
set_false_path -to [get_pins { PF_DDR3_SS_0.DDRPHY_BLK_0.LANE_0_CTRL.I_LANECTRL.DELAY_LINE_DIRECTION }]
	@W::"/sqahyd/Pramod/Github_Examples/SmartDebug_PCIe_Register_read/PCIe_Register_Read/designer/PCIe_EP_Demo/synthesis.fdc":32:0:32:0|Timing constraint (to [get_pins { PF_DDR3_SS_0.DDRPHY_BLK_0.LANE_0_CTRL.I_LANECTRL.DELAY_LINE_DIRECTION }]) (false path) was not applied to the design because none of the paths specified by the constraint exist in the design
set_false_path -to [get_pins { PF_DDR3_SS_0.DDRPHY_BLK_0.LANE_0_CTRL.I_LANECTRL.DELAY_LINE_LOAD PF_DDR3_SS_0.DDRPHY_BLK_0.LANE_0_CTRL.I_LANECTRL.DELAY_LINE_SEL }]
	@W::"/sqahyd/Pramod/Github_Examples/SmartDebug_PCIe_Register_read/PCIe_Register_Read/designer/PCIe_EP_Demo/synthesis.fdc":34:0:34:0|Timing constraint (to [get_pins { PF_DDR3_SS_0.DDRPHY_BLK_0.LANE_0_CTRL.I_LANECTRL.DELAY_LINE_LOAD PF_DDR3_SS_0.DDRPHY_BLK_0.LANE_0_CTRL.I_LANECTRL.DELAY_LINE_SEL }]) (false path) was not applied to the design because none of the paths specified by the constraint exist in the design
set_false_path -to [get_pins { PF_DDR3_SS_0.DDRPHY_BLK_0.LANE_0_CTRL.I_LANECTRL.DELAY_LINE_MOVE }]
	@W::"/sqahyd/Pramod/Github_Examples/SmartDebug_PCIe_Register_read/PCIe_Register_Read/designer/PCIe_EP_Demo/synthesis.fdc":33:0:33:0|Timing constraint (to [get_pins { PF_DDR3_SS_0.DDRPHY_BLK_0.LANE_0_CTRL.I_LANECTRL.DELAY_LINE_MOVE }]) (false path) was not applied to the design because none of the paths specified by the constraint exist in the design
set_false_path -to [get_pins { PF_DDR3_SS_0.DDRPHY_BLK_0.LANE_0_CTRL.I_LANECTRL.DLL_CODE[0] }]
	@W::"/sqahyd/Pramod/Github_Examples/SmartDebug_PCIe_Register_read/PCIe_Register_Read/designer/PCIe_EP_Demo/synthesis.fdc":37:0:37:0|Timing constraint (to [get_pins { PF_DDR3_SS_0.DDRPHY_BLK_0.LANE_0_CTRL.I_LANECTRL.DLL_CODE[0] }]) (false path) was not applied to the design because none of the paths specified by the constraint exist in the design
set_false_path -to [get_pins { PF_DDR3_SS_0.DDRPHY_BLK_0.LANE_0_CTRL.I_LANECTRL.DLL_CODE[1] }]
	@W::"/sqahyd/Pramod/Github_Examples/SmartDebug_PCIe_Register_read/PCIe_Register_Read/designer/PCIe_EP_Demo/synthesis.fdc":38:0:38:0|Timing constraint (to [get_pins { PF_DDR3_SS_0.DDRPHY_BLK_0.LANE_0_CTRL.I_LANECTRL.DLL_CODE[1] }]) (false path) was not applied to the design because none of the paths specified by the constraint exist in the design
set_false_path -to [get_pins { PF_DDR3_SS_0.DDRPHY_BLK_0.LANE_0_CTRL.I_LANECTRL.DLL_CODE[2] }]
	@W::"/sqahyd/Pramod/Github_Examples/SmartDebug_PCIe_Register_read/PCIe_Register_Read/designer/PCIe_EP_Demo/synthesis.fdc":39:0:39:0|Timing constraint (to [get_pins { PF_DDR3_SS_0.DDRPHY_BLK_0.LANE_0_CTRL.I_LANECTRL.DLL_CODE[2] }]) (false path) was not applied to the design because none of the paths specified by the constraint exist in the design
set_false_path -to [get_pins { PF_DDR3_SS_0.DDRPHY_BLK_0.LANE_0_CTRL.I_LANECTRL.DLL_CODE[3] }]
	@W::"/sqahyd/Pramod/Github_Examples/SmartDebug_PCIe_Register_read/PCIe_Register_Read/designer/PCIe_EP_Demo/synthesis.fdc":40:0:40:0|Timing constraint (to [get_pins { PF_DDR3_SS_0.DDRPHY_BLK_0.LANE_0_CTRL.I_LANECTRL.DLL_CODE[3] }]) (false path) was not applied to the design because none of the paths specified by the constraint exist in the design
set_false_path -to [get_pins { PF_DDR3_SS_0.DDRPHY_BLK_0.LANE_0_CTRL.I_LANECTRL.DLL_CODE[4] }]
	@W::"/sqahyd/Pramod/Github_Examples/SmartDebug_PCIe_Register_read/PCIe_Register_Read/designer/PCIe_EP_Demo/synthesis.fdc":41:0:41:0|Timing constraint (to [get_pins { PF_DDR3_SS_0.DDRPHY_BLK_0.LANE_0_CTRL.I_LANECTRL.DLL_CODE[4] }]) (false path) was not applied to the design because none of the paths specified by the constraint exist in the design
set_false_path -to [get_pins { PF_DDR3_SS_0.DDRPHY_BLK_0.LANE_0_CTRL.I_LANECTRL.DLL_CODE[5] }]
	@W::"/sqahyd/Pramod/Github_Examples/SmartDebug_PCIe_Register_read/PCIe_Register_Read/designer/PCIe_EP_Demo/synthesis.fdc":42:0:42:0|Timing constraint (to [get_pins { PF_DDR3_SS_0.DDRPHY_BLK_0.LANE_0_CTRL.I_LANECTRL.DLL_CODE[5] }]) (false path) was not applied to the design because none of the paths specified by the constraint exist in the design
set_false_path -to [get_pins { PF_DDR3_SS_0.DDRPHY_BLK_0.LANE_0_CTRL.I_LANECTRL.DLL_CODE[6] }]
	@W::"/sqahyd/Pramod/Github_Examples/SmartDebug_PCIe_Register_read/PCIe_Register_Read/designer/PCIe_EP_Demo/synthesis.fdc":43:0:43:0|Timing constraint (to [get_pins { PF_DDR3_SS_0.DDRPHY_BLK_0.LANE_0_CTRL.I_LANECTRL.DLL_CODE[6] }]) (false path) was not applied to the design because none of the paths specified by the constraint exist in the design
set_false_path -to [get_pins { PF_DDR3_SS_0.DDRPHY_BLK_0.LANE_0_CTRL.I_LANECTRL.DLL_CODE[7] }]
	@W::"/sqahyd/Pramod/Github_Examples/SmartDebug_PCIe_Register_read/PCIe_Register_Read/designer/PCIe_EP_Demo/synthesis.fdc":44:0:44:0|Timing constraint (to [get_pins { PF_DDR3_SS_0.DDRPHY_BLK_0.LANE_0_CTRL.I_LANECTRL.DLL_CODE[7] }]) (false path) was not applied to the design because none of the paths specified by the constraint exist in the design
set_false_path -to [get_pins { PF_DDR3_SS_0.DDRPHY_BLK_0.LANE_0_CTRL.I_LANECTRL.READ_CLK_SEL[2] }]
	@W::"/sqahyd/Pramod/Github_Examples/SmartDebug_PCIe_Register_read/PCIe_Register_Read/designer/PCIe_EP_Demo/synthesis.fdc":36:0:36:0|Timing constraint (to [get_pins { PF_DDR3_SS_0.DDRPHY_BLK_0.LANE_0_CTRL.I_LANECTRL.READ_CLK_SEL[2] }]) (false path) was not applied to the design because none of the paths specified by the constraint exist in the design
set_false_path -to [get_pins { PF_DDR3_SS_0.DDRPHY_BLK_0.LANE_0_CTRL.I_LANECTRL.RESET }]
	@W::"/sqahyd/Pramod/Github_Examples/SmartDebug_PCIe_Register_read/PCIe_Register_Read/designer/PCIe_EP_Demo/synthesis.fdc":31:0:31:0|Timing constraint (to [get_pins { PF_DDR3_SS_0.DDRPHY_BLK_0.LANE_0_CTRL.I_LANECTRL.RESET }]) (false path) was not applied to the design because none of the paths specified by the constraint exist in the design
set_false_path -to [get_pins { PF_DDR3_SS_0.DDRPHY_BLK_0.LANE_0_CTRL.I_LANECTRL.SWITCH }]
	@W::"/sqahyd/Pramod/Github_Examples/SmartDebug_PCIe_Register_read/PCIe_Register_Read/designer/PCIe_EP_Demo/synthesis.fdc":35:0:35:0|Timing constraint (to [get_pins { PF_DDR3_SS_0.DDRPHY_BLK_0.LANE_0_CTRL.I_LANECTRL.SWITCH }]) (false path) was not applied to the design because none of the paths specified by the constraint exist in the design
set_false_path -to [get_pins { PF_DDR3_SS_0.DDRPHY_BLK_0.LANE_1_CTRL.I_LANECTRL.DDR_READ }]
	@W::"/sqahyd/Pramod/Github_Examples/SmartDebug_PCIe_Register_read/PCIe_Register_Read/designer/PCIe_EP_Demo/synthesis.fdc":45:0:45:0|Timing constraint (to [get_pins { PF_DDR3_SS_0.DDRPHY_BLK_0.LANE_1_CTRL.I_LANECTRL.DDR_READ }]) (false path) was not applied to the design because no matching path was synchronous
set_false_path -to [get_pins { PF_DDR3_SS_0.DDRPHY_BLK_0.LANE_1_CTRL.I_LANECTRL.DELAY_LINE_DIRECTION }]
	@W::"/sqahyd/Pramod/Github_Examples/SmartDebug_PCIe_Register_read/PCIe_Register_Read/designer/PCIe_EP_Demo/synthesis.fdc":47:0:47:0|Timing constraint (to [get_pins { PF_DDR3_SS_0.DDRPHY_BLK_0.LANE_1_CTRL.I_LANECTRL.DELAY_LINE_DIRECTION }]) (false path) was not applied to the design because none of the paths specified by the constraint exist in the design
set_false_path -to [get_pins { PF_DDR3_SS_0.DDRPHY_BLK_0.LANE_1_CTRL.I_LANECTRL.DELAY_LINE_LOAD PF_DDR3_SS_0.DDRPHY_BLK_0.LANE_1_CTRL.I_LANECTRL.DELAY_LINE_SEL }]
	@W::"/sqahyd/Pramod/Github_Examples/SmartDebug_PCIe_Register_read/PCIe_Register_Read/designer/PCIe_EP_Demo/synthesis.fdc":49:0:49:0|Timing constraint (to [get_pins { PF_DDR3_SS_0.DDRPHY_BLK_0.LANE_1_CTRL.I_LANECTRL.DELAY_LINE_LOAD PF_DDR3_SS_0.DDRPHY_BLK_0.LANE_1_CTRL.I_LANECTRL.DELAY_LINE_SEL }]) (false path) was not applied to the design because none of the paths specified by the constraint exist in the design
set_false_path -to [get_pins { PF_DDR3_SS_0.DDRPHY_BLK_0.LANE_1_CTRL.I_LANECTRL.DELAY_LINE_MOVE }]
	@W::"/sqahyd/Pramod/Github_Examples/SmartDebug_PCIe_Register_read/PCIe_Register_Read/designer/PCIe_EP_Demo/synthesis.fdc":48:0:48:0|Timing constraint (to [get_pins { PF_DDR3_SS_0.DDRPHY_BLK_0.LANE_1_CTRL.I_LANECTRL.DELAY_LINE_MOVE }]) (false path) was not applied to the design because none of the paths specified by the constraint exist in the design
set_false_path -to [get_pins { PF_DDR3_SS_0.DDRPHY_BLK_0.LANE_1_CTRL.I_LANECTRL.DLL_CODE[0] }]
	@W::"/sqahyd/Pramod/Github_Examples/SmartDebug_PCIe_Register_read/PCIe_Register_Read/designer/PCIe_EP_Demo/synthesis.fdc":52:0:52:0|Timing constraint (to [get_pins { PF_DDR3_SS_0.DDRPHY_BLK_0.LANE_1_CTRL.I_LANECTRL.DLL_CODE[0] }]) (false path) was not applied to the design because none of the paths specified by the constraint exist in the design
set_false_path -to [get_pins { PF_DDR3_SS_0.DDRPHY_BLK_0.LANE_1_CTRL.I_LANECTRL.DLL_CODE[1] }]
	@W::"/sqahyd/Pramod/Github_Examples/SmartDebug_PCIe_Register_read/PCIe_Register_Read/designer/PCIe_EP_Demo/synthesis.fdc":53:0:53:0|Timing constraint (to [get_pins { PF_DDR3_SS_0.DDRPHY_BLK_0.LANE_1_CTRL.I_LANECTRL.DLL_CODE[1] }]) (false path) was not applied to the design because none of the paths specified by the constraint exist in the design
set_false_path -to [get_pins { PF_DDR3_SS_0.DDRPHY_BLK_0.LANE_1_CTRL.I_LANECTRL.DLL_CODE[2] }]
	@W::"/sqahyd/Pramod/Github_Examples/SmartDebug_PCIe_Register_read/PCIe_Register_Read/designer/PCIe_EP_Demo/synthesis.fdc":54:0:54:0|Timing constraint (to [get_pins { PF_DDR3_SS_0.DDRPHY_BLK_0.LANE_1_CTRL.I_LANECTRL.DLL_CODE[2] }]) (false path) was not applied to the design because none of the paths specified by the constraint exist in the design
set_false_path -to [get_pins { PF_DDR3_SS_0.DDRPHY_BLK_0.LANE_1_CTRL.I_LANECTRL.DLL_CODE[3] }]
	@W::"/sqahyd/Pramod/Github_Examples/SmartDebug_PCIe_Register_read/PCIe_Register_Read/designer/PCIe_EP_Demo/synthesis.fdc":55:0:55:0|Timing constraint (to [get_pins { PF_DDR3_SS_0.DDRPHY_BLK_0.LANE_1_CTRL.I_LANECTRL.DLL_CODE[3] }]) (false path) was not applied to the design because none of the paths specified by the constraint exist in the design
set_false_path -to [get_pins { PF_DDR3_SS_0.DDRPHY_BLK_0.LANE_1_CTRL.I_LANECTRL.DLL_CODE[4] }]
	@W::"/sqahyd/Pramod/Github_Examples/SmartDebug_PCIe_Register_read/PCIe_Register_Read/designer/PCIe_EP_Demo/synthesis.fdc":56:0:56:0|Timing constraint (to [get_pins { PF_DDR3_SS_0.DDRPHY_BLK_0.LANE_1_CTRL.I_LANECTRL.DLL_CODE[4] }]) (false path) was not applied to the design because none of the paths specified by the constraint exist in the design
set_false_path -to [get_pins { PF_DDR3_SS_0.DDRPHY_BLK_0.LANE_1_CTRL.I_LANECTRL.DLL_CODE[5] }]
	@W::"/sqahyd/Pramod/Github_Examples/SmartDebug_PCIe_Register_read/PCIe_Register_Read/designer/PCIe_EP_Demo/synthesis.fdc":57:0:57:0|Timing constraint (to [get_pins { PF_DDR3_SS_0.DDRPHY_BLK_0.LANE_1_CTRL.I_LANECTRL.DLL_CODE[5] }]) (false path) was not applied to the design because none of the paths specified by the constraint exist in the design
set_false_path -to [get_pins { PF_DDR3_SS_0.DDRPHY_BLK_0.LANE_1_CTRL.I_LANECTRL.DLL_CODE[6] }]
	@W::"/sqahyd/Pramod/Github_Examples/SmartDebug_PCIe_Register_read/PCIe_Register_Read/designer/PCIe_EP_Demo/synthesis.fdc":58:0:58:0|Timing constraint (to [get_pins { PF_DDR3_SS_0.DDRPHY_BLK_0.LANE_1_CTRL.I_LANECTRL.DLL_CODE[6] }]) (false path) was not applied to the design because none of the paths specified by the constraint exist in the design
set_false_path -to [get_pins { PF_DDR3_SS_0.DDRPHY_BLK_0.LANE_1_CTRL.I_LANECTRL.DLL_CODE[7] }]
	@W::"/sqahyd/Pramod/Github_Examples/SmartDebug_PCIe_Register_read/PCIe_Register_Read/designer/PCIe_EP_Demo/synthesis.fdc":59:0:59:0|Timing constraint (to [get_pins { PF_DDR3_SS_0.DDRPHY_BLK_0.LANE_1_CTRL.I_LANECTRL.DLL_CODE[7] }]) (false path) was not applied to the design because none of the paths specified by the constraint exist in the design
set_false_path -to [get_pins { PF_DDR3_SS_0.DDRPHY_BLK_0.LANE_1_CTRL.I_LANECTRL.READ_CLK_SEL[2] }]
	@W::"/sqahyd/Pramod/Github_Examples/SmartDebug_PCIe_Register_read/PCIe_Register_Read/designer/PCIe_EP_Demo/synthesis.fdc":51:0:51:0|Timing constraint (to [get_pins { PF_DDR3_SS_0.DDRPHY_BLK_0.LANE_1_CTRL.I_LANECTRL.READ_CLK_SEL[2] }]) (false path) was not applied to the design because none of the paths specified by the constraint exist in the design
set_false_path -to [get_pins { PF_DDR3_SS_0.DDRPHY_BLK_0.LANE_1_CTRL.I_LANECTRL.RESET }]
	@W::"/sqahyd/Pramod/Github_Examples/SmartDebug_PCIe_Register_read/PCIe_Register_Read/designer/PCIe_EP_Demo/synthesis.fdc":46:0:46:0|Timing constraint (to [get_pins { PF_DDR3_SS_0.DDRPHY_BLK_0.LANE_1_CTRL.I_LANECTRL.RESET }]) (false path) was not applied to the design because none of the paths specified by the constraint exist in the design
set_false_path -to [get_pins { PF_DDR3_SS_0.DDRPHY_BLK_0.LANE_1_CTRL.I_LANECTRL.SWITCH }]
	@W::"/sqahyd/Pramod/Github_Examples/SmartDebug_PCIe_Register_read/PCIe_Register_Read/designer/PCIe_EP_Demo/synthesis.fdc":50:0:50:0|Timing constraint (to [get_pins { PF_DDR3_SS_0.DDRPHY_BLK_0.LANE_1_CTRL.I_LANECTRL.SWITCH }]) (false path) was not applied to the design because none of the paths specified by the constraint exist in the design
set_false_path -to [get_pins { PF_DDR4_SS_0.CCC_0.pll_inst_0.PHASE_OUT0_SEL }]
	@W::"/sqahyd/Pramod/Github_Examples/SmartDebug_PCIe_Register_read/PCIe_Register_Read/designer/PCIe_EP_Demo/synthesis.fdc":117:0:117:0|Timing constraint (to [get_pins { PF_DDR4_SS_0.CCC_0.pll_inst_0.PHASE_OUT0_SEL }]) (false path) was not applied to the design because no matching path was synchronous
set_false_path -to [get_pins { PF_DDR4_SS_0.CCC_0.pll_inst_0.PHASE_OUT2_SEL }]
	@W::"/sqahyd/Pramod/Github_Examples/SmartDebug_PCIe_Register_read/PCIe_Register_Read/designer/PCIe_EP_Demo/synthesis.fdc":118:0:118:0|Timing constraint (to [get_pins { PF_DDR4_SS_0.CCC_0.pll_inst_0.PHASE_OUT2_SEL }]) (false path) was not applied to the design because no matching path was synchronous
set_false_path -to [get_pins { PF_DDR4_SS_0.CCC_0.pll_inst_0.PHASE_OUT3_SEL }]
	@W::"/sqahyd/Pramod/Github_Examples/SmartDebug_PCIe_Register_read/PCIe_Register_Read/designer/PCIe_EP_Demo/synthesis.fdc":119:0:119:0|Timing constraint (to [get_pins { PF_DDR4_SS_0.CCC_0.pll_inst_0.PHASE_OUT3_SEL }]) (false path) was not applied to the design because no matching path was synchronous
set_false_path -to [get_pins { PF_DDR4_SS_0.DDRPHY_BLK_0.*.I_IOD_*.ARST_N }]
	@W::"/sqahyd/Pramod/Github_Examples/SmartDebug_PCIe_Register_read/PCIe_Register_Read/designer/PCIe_EP_Demo/synthesis.fdc":72:0:72:0|Timing constraint (to [get_pins { PF_DDR4_SS_0.DDRPHY_BLK_0.*.I_IOD_*.ARST_N }]) (false path) was not applied to the design because none of the paths specified by the constraint exist in the design
set_false_path -to [get_pins { PF_DDR4_SS_0.DDRPHY_BLK_0.*.I_IOD_*.DELAY_LINE_MOVE }]
	@W::"/sqahyd/Pramod/Github_Examples/SmartDebug_PCIe_Register_read/PCIe_Register_Read/designer/PCIe_EP_Demo/synthesis.fdc":76:0:76:0|Timing constraint (to [get_pins { PF_DDR4_SS_0.DDRPHY_BLK_0.*.I_IOD_*.DELAY_LINE_MOVE }]) (false path) was not applied to the design because none of the paths specified by the constraint exist in the design
set_false_path -to [get_pins { PF_DDR4_SS_0.DDRPHY_BLK_0.*.I_IOD_*.RX_SYNC_RST* }]
	@W::"/sqahyd/Pramod/Github_Examples/SmartDebug_PCIe_Register_read/PCIe_Register_Read/designer/PCIe_EP_Demo/synthesis.fdc":75:0:75:0|Timing constraint (to [get_pins { PF_DDR4_SS_0.DDRPHY_BLK_0.*.I_IOD_*.RX_SYNC_RST* }]) (false path) was not applied to the design because none of the paths specified by the constraint exist in the design
set_false_path -to [get_pins { PF_DDR4_SS_0.DDRPHY_BLK_0.LANECTRL_ADDR_CMD_0.I_LANECTRL*.HS_IO_CLK_PAUSE }]
	@W::"/sqahyd/Pramod/Github_Examples/SmartDebug_PCIe_Register_read/PCIe_Register_Read/designer/PCIe_EP_Demo/synthesis.fdc":74:0:74:0|Timing constraint (to [get_pins { PF_DDR4_SS_0.DDRPHY_BLK_0.LANECTRL_ADDR_CMD_0.I_LANECTRL*.HS_IO_CLK_PAUSE }]) (false path) was not applied to the design because none of the paths specified by the constraint exist in the design
set_false_path -to [get_pins { PF_DDR4_SS_0.DDRPHY_BLK_0.LANE_*_CTRL.I_LANECTRL.HS_IO_CLK_PAUSE }]
	@W::"/sqahyd/Pramod/Github_Examples/SmartDebug_PCIe_Register_read/PCIe_Register_Read/designer/PCIe_EP_Demo/synthesis.fdc":73:0:73:0|Timing constraint (to [get_pins { PF_DDR4_SS_0.DDRPHY_BLK_0.LANE_*_CTRL.I_LANECTRL.HS_IO_CLK_PAUSE }]) (false path) was not applied to the design because none of the paths specified by the constraint exist in the design
set_false_path -to [get_pins { PF_DDR4_SS_0.DDRPHY_BLK_0.LANE_0_CTRL.I_LANECTRL.DDR_READ }]
	@W::"/sqahyd/Pramod/Github_Examples/SmartDebug_PCIe_Register_read/PCIe_Register_Read/designer/PCIe_EP_Demo/synthesis.fdc":78:0:78:0|Timing constraint (to [get_pins { PF_DDR4_SS_0.DDRPHY_BLK_0.LANE_0_CTRL.I_LANECTRL.DDR_READ }]) (false path) was not applied to the design because no matching path was synchronous
set_false_path -to [get_pins { PF_DDR4_SS_0.DDRPHY_BLK_0.LANE_0_CTRL.I_LANECTRL.DELAY_LINE_DIRECTION }]
	@W::"/sqahyd/Pramod/Github_Examples/SmartDebug_PCIe_Register_read/PCIe_Register_Read/designer/PCIe_EP_Demo/synthesis.fdc":80:0:80:0|Timing constraint (to [get_pins { PF_DDR4_SS_0.DDRPHY_BLK_0.LANE_0_CTRL.I_LANECTRL.DELAY_LINE_DIRECTION }]) (false path) was not applied to the design because none of the paths specified by the constraint exist in the design
set_false_path -to [get_pins { PF_DDR4_SS_0.DDRPHY_BLK_0.LANE_0_CTRL.I_LANECTRL.DELAY_LINE_LOAD PF_DDR4_SS_0.DDRPHY_BLK_0.LANE_0_CTRL.I_LANECTRL.DELAY_LINE_SEL }]
	@W::"/sqahyd/Pramod/Github_Examples/SmartDebug_PCIe_Register_read/PCIe_Register_Read/designer/PCIe_EP_Demo/synthesis.fdc":82:0:82:0|Timing constraint (to [get_pins { PF_DDR4_SS_0.DDRPHY_BLK_0.LANE_0_CTRL.I_LANECTRL.DELAY_LINE_LOAD PF_DDR4_SS_0.DDRPHY_BLK_0.LANE_0_CTRL.I_LANECTRL.DELAY_LINE_SEL }]) (false path) was not applied to the design because none of the paths specified by the constraint exist in the design
set_false_path -to [get_pins { PF_DDR4_SS_0.DDRPHY_BLK_0.LANE_0_CTRL.I_LANECTRL.DELAY_LINE_MOVE }]
	@W::"/sqahyd/Pramod/Github_Examples/SmartDebug_PCIe_Register_read/PCIe_Register_Read/designer/PCIe_EP_Demo/synthesis.fdc":81:0:81:0|Timing constraint (to [get_pins { PF_DDR4_SS_0.DDRPHY_BLK_0.LANE_0_CTRL.I_LANECTRL.DELAY_LINE_MOVE }]) (false path) was not applied to the design because none of the paths specified by the constraint exist in the design
set_false_path -to [get_pins { PF_DDR4_SS_0.DDRPHY_BLK_0.LANE_0_CTRL.I_LANECTRL.DLL_CODE[0] }]
	@W::"/sqahyd/Pramod/Github_Examples/SmartDebug_PCIe_Register_read/PCIe_Register_Read/designer/PCIe_EP_Demo/synthesis.fdc":85:0:85:0|Timing constraint (to [get_pins { PF_DDR4_SS_0.DDRPHY_BLK_0.LANE_0_CTRL.I_LANECTRL.DLL_CODE[0] }]) (false path) was not applied to the design because none of the paths specified by the constraint exist in the design
set_false_path -to [get_pins { PF_DDR4_SS_0.DDRPHY_BLK_0.LANE_0_CTRL.I_LANECTRL.DLL_CODE[1] }]
	@W::"/sqahyd/Pramod/Github_Examples/SmartDebug_PCIe_Register_read/PCIe_Register_Read/designer/PCIe_EP_Demo/synthesis.fdc":86:0:86:0|Timing constraint (to [get_pins { PF_DDR4_SS_0.DDRPHY_BLK_0.LANE_0_CTRL.I_LANECTRL.DLL_CODE[1] }]) (false path) was not applied to the design because none of the paths specified by the constraint exist in the design
set_false_path -to [get_pins { PF_DDR4_SS_0.DDRPHY_BLK_0.LANE_0_CTRL.I_LANECTRL.DLL_CODE[2] }]
	@W::"/sqahyd/Pramod/Github_Examples/SmartDebug_PCIe_Register_read/PCIe_Register_Read/designer/PCIe_EP_Demo/synthesis.fdc":87:0:87:0|Timing constraint (to [get_pins { PF_DDR4_SS_0.DDRPHY_BLK_0.LANE_0_CTRL.I_LANECTRL.DLL_CODE[2] }]) (false path) was not applied to the design because none of the paths specified by the constraint exist in the design
set_false_path -to [get_pins { PF_DDR4_SS_0.DDRPHY_BLK_0.LANE_0_CTRL.I_LANECTRL.DLL_CODE[3] }]
	@W::"/sqahyd/Pramod/Github_Examples/SmartDebug_PCIe_Register_read/PCIe_Register_Read/designer/PCIe_EP_Demo/synthesis.fdc":88:0:88:0|Timing constraint (to [get_pins { PF_DDR4_SS_0.DDRPHY_BLK_0.LANE_0_CTRL.I_LANECTRL.DLL_CODE[3] }]) (false path) was not applied to the design because none of the paths specified by the constraint exist in the design
set_false_path -to [get_pins { PF_DDR4_SS_0.DDRPHY_BLK_0.LANE_0_CTRL.I_LANECTRL.DLL_CODE[4] }]
	@W::"/sqahyd/Pramod/Github_Examples/SmartDebug_PCIe_Register_read/PCIe_Register_Read/designer/PCIe_EP_Demo/synthesis.fdc":89:0:89:0|Timing constraint (to [get_pins { PF_DDR4_SS_0.DDRPHY_BLK_0.LANE_0_CTRL.I_LANECTRL.DLL_CODE[4] }]) (false path) was not applied to the design because none of the paths specified by the constraint exist in the design
set_false_path -to [get_pins { PF_DDR4_SS_0.DDRPHY_BLK_0.LANE_0_CTRL.I_LANECTRL.DLL_CODE[5] }]
	@W::"/sqahyd/Pramod/Github_Examples/SmartDebug_PCIe_Register_read/PCIe_Register_Read/designer/PCIe_EP_Demo/synthesis.fdc":90:0:90:0|Timing constraint (to [get_pins { PF_DDR4_SS_0.DDRPHY_BLK_0.LANE_0_CTRL.I_LANECTRL.DLL_CODE[5] }]) (false path) was not applied to the design because none of the paths specified by the constraint exist in the design
set_false_path -to [get_pins { PF_DDR4_SS_0.DDRPHY_BLK_0.LANE_0_CTRL.I_LANECTRL.DLL_CODE[6] }]
	@W::"/sqahyd/Pramod/Github_Examples/SmartDebug_PCIe_Register_read/PCIe_Register_Read/designer/PCIe_EP_Demo/synthesis.fdc":91:0:91:0|Timing constraint (to [get_pins { PF_DDR4_SS_0.DDRPHY_BLK_0.LANE_0_CTRL.I_LANECTRL.DLL_CODE[6] }]) (false path) was not applied to the design because none of the paths specified by the constraint exist in the design
set_false_path -to [get_pins { PF_DDR4_SS_0.DDRPHY_BLK_0.LANE_0_CTRL.I_LANECTRL.DLL_CODE[7] }]
	@W::"/sqahyd/Pramod/Github_Examples/SmartDebug_PCIe_Register_read/PCIe_Register_Read/designer/PCIe_EP_Demo/synthesis.fdc":92:0:92:0|Timing constraint (to [get_pins { PF_DDR4_SS_0.DDRPHY_BLK_0.LANE_0_CTRL.I_LANECTRL.DLL_CODE[7] }]) (false path) was not applied to the design because none of the paths specified by the constraint exist in the design
set_false_path -to [get_pins { PF_DDR4_SS_0.DDRPHY_BLK_0.LANE_0_CTRL.I_LANECTRL.READ_CLK_SEL[2] }]
	@W::"/sqahyd/Pramod/Github_Examples/SmartDebug_PCIe_Register_read/PCIe_Register_Read/designer/PCIe_EP_Demo/synthesis.fdc":84:0:84:0|Timing constraint (to [get_pins { PF_DDR4_SS_0.DDRPHY_BLK_0.LANE_0_CTRL.I_LANECTRL.READ_CLK_SEL[2] }]) (false path) was not applied to the design because none of the paths specified by the constraint exist in the design
set_false_path -to [get_pins { PF_DDR4_SS_0.DDRPHY_BLK_0.LANE_0_CTRL.I_LANECTRL.RESET }]
	@W::"/sqahyd/Pramod/Github_Examples/SmartDebug_PCIe_Register_read/PCIe_Register_Read/designer/PCIe_EP_Demo/synthesis.fdc":79:0:79:0|Timing constraint (to [get_pins { PF_DDR4_SS_0.DDRPHY_BLK_0.LANE_0_CTRL.I_LANECTRL.RESET }]) (false path) was not applied to the design because none of the paths specified by the constraint exist in the design
set_false_path -to [get_pins { PF_DDR4_SS_0.DDRPHY_BLK_0.LANE_0_CTRL.I_LANECTRL.SWITCH }]
	@W::"/sqahyd/Pramod/Github_Examples/SmartDebug_PCIe_Register_read/PCIe_Register_Read/designer/PCIe_EP_Demo/synthesis.fdc":83:0:83:0|Timing constraint (to [get_pins { PF_DDR4_SS_0.DDRPHY_BLK_0.LANE_0_CTRL.I_LANECTRL.SWITCH }]) (false path) was not applied to the design because none of the paths specified by the constraint exist in the design
set_false_path -to [get_pins { PF_DDR4_SS_0.DDRPHY_BLK_0.LANE_1_CTRL.I_LANECTRL.DDR_READ }]
	@W::"/sqahyd/Pramod/Github_Examples/SmartDebug_PCIe_Register_read/PCIe_Register_Read/designer/PCIe_EP_Demo/synthesis.fdc":93:0:93:0|Timing constraint (to [get_pins { PF_DDR4_SS_0.DDRPHY_BLK_0.LANE_1_CTRL.I_LANECTRL.DDR_READ }]) (false path) was not applied to the design because no matching path was synchronous
set_false_path -to [get_pins { PF_DDR4_SS_0.DDRPHY_BLK_0.LANE_1_CTRL.I_LANECTRL.DELAY_LINE_DIRECTION }]
	@W::"/sqahyd/Pramod/Github_Examples/SmartDebug_PCIe_Register_read/PCIe_Register_Read/designer/PCIe_EP_Demo/synthesis.fdc":95:0:95:0|Timing constraint (to [get_pins { PF_DDR4_SS_0.DDRPHY_BLK_0.LANE_1_CTRL.I_LANECTRL.DELAY_LINE_DIRECTION }]) (false path) was not applied to the design because none of the paths specified by the constraint exist in the design
set_false_path -to [get_pins { PF_DDR4_SS_0.DDRPHY_BLK_0.LANE_1_CTRL.I_LANECTRL.DELAY_LINE_LOAD PF_DDR4_SS_0.DDRPHY_BLK_0.LANE_1_CTRL.I_LANECTRL.DELAY_LINE_SEL }]
	@W::"/sqahyd/Pramod/Github_Examples/SmartDebug_PCIe_Register_read/PCIe_Register_Read/designer/PCIe_EP_Demo/synthesis.fdc":97:0:97:0|Timing constraint (to [get_pins { PF_DDR4_SS_0.DDRPHY_BLK_0.LANE_1_CTRL.I_LANECTRL.DELAY_LINE_LOAD PF_DDR4_SS_0.DDRPHY_BLK_0.LANE_1_CTRL.I_LANECTRL.DELAY_LINE_SEL }]) (false path) was not applied to the design because none of the paths specified by the constraint exist in the design
set_false_path -to [get_pins { PF_DDR4_SS_0.DDRPHY_BLK_0.LANE_1_CTRL.I_LANECTRL.DELAY_LINE_MOVE }]
	@W::"/sqahyd/Pramod/Github_Examples/SmartDebug_PCIe_Register_read/PCIe_Register_Read/designer/PCIe_EP_Demo/synthesis.fdc":96:0:96:0|Timing constraint (to [get_pins { PF_DDR4_SS_0.DDRPHY_BLK_0.LANE_1_CTRL.I_LANECTRL.DELAY_LINE_MOVE }]) (false path) was not applied to the design because none of the paths specified by the constraint exist in the design
set_false_path -to [get_pins { PF_DDR4_SS_0.DDRPHY_BLK_0.LANE_1_CTRL.I_LANECTRL.DLL_CODE[0] }]
	@W::"/sqahyd/Pramod/Github_Examples/SmartDebug_PCIe_Register_read/PCIe_Register_Read/designer/PCIe_EP_Demo/synthesis.fdc":100:0:100:0|Timing constraint (to [get_pins { PF_DDR4_SS_0.DDRPHY_BLK_0.LANE_1_CTRL.I_LANECTRL.DLL_CODE[0] }]) (false path) was not applied to the design because none of the paths specified by the constraint exist in the design
set_false_path -to [get_pins { PF_DDR4_SS_0.DDRPHY_BLK_0.LANE_1_CTRL.I_LANECTRL.DLL_CODE[1] }]
	@W::"/sqahyd/Pramod/Github_Examples/SmartDebug_PCIe_Register_read/PCIe_Register_Read/designer/PCIe_EP_Demo/synthesis.fdc":101:0:101:0|Timing constraint (to [get_pins { PF_DDR4_SS_0.DDRPHY_BLK_0.LANE_1_CTRL.I_LANECTRL.DLL_CODE[1] }]) (false path) was not applied to the design because none of the paths specified by the constraint exist in the design
set_false_path -to [get_pins { PF_DDR4_SS_0.DDRPHY_BLK_0.LANE_1_CTRL.I_LANECTRL.DLL_CODE[2] }]
	@W::"/sqahyd/Pramod/Github_Examples/SmartDebug_PCIe_Register_read/PCIe_Register_Read/designer/PCIe_EP_Demo/synthesis.fdc":102:0:102:0|Timing constraint (to [get_pins { PF_DDR4_SS_0.DDRPHY_BLK_0.LANE_1_CTRL.I_LANECTRL.DLL_CODE[2] }]) (false path) was not applied to the design because none of the paths specified by the constraint exist in the design
set_false_path -to [get_pins { PF_DDR4_SS_0.DDRPHY_BLK_0.LANE_1_CTRL.I_LANECTRL.DLL_CODE[3] }]
	@W::"/sqahyd/Pramod/Github_Examples/SmartDebug_PCIe_Register_read/PCIe_Register_Read/designer/PCIe_EP_Demo/synthesis.fdc":103:0:103:0|Timing constraint (to [get_pins { PF_DDR4_SS_0.DDRPHY_BLK_0.LANE_1_CTRL.I_LANECTRL.DLL_CODE[3] }]) (false path) was not applied to the design because none of the paths specified by the constraint exist in the design
set_false_path -to [get_pins { PF_DDR4_SS_0.DDRPHY_BLK_0.LANE_1_CTRL.I_LANECTRL.DLL_CODE[4] }]
	@W::"/sqahyd/Pramod/Github_Examples/SmartDebug_PCIe_Register_read/PCIe_Register_Read/designer/PCIe_EP_Demo/synthesis.fdc":104:0:104:0|Timing constraint (to [get_pins { PF_DDR4_SS_0.DDRPHY_BLK_0.LANE_1_CTRL.I_LANECTRL.DLL_CODE[4] }]) (false path) was not applied to the design because none of the paths specified by the constraint exist in the design
set_false_path -to [get_pins { PF_DDR4_SS_0.DDRPHY_BLK_0.LANE_1_CTRL.I_LANECTRL.DLL_CODE[5] }]
	@W::"/sqahyd/Pramod/Github_Examples/SmartDebug_PCIe_Register_read/PCIe_Register_Read/designer/PCIe_EP_Demo/synthesis.fdc":105:0:105:0|Timing constraint (to [get_pins { PF_DDR4_SS_0.DDRPHY_BLK_0.LANE_1_CTRL.I_LANECTRL.DLL_CODE[5] }]) (false path) was not applied to the design because none of the paths specified by the constraint exist in the design
set_false_path -to [get_pins { PF_DDR4_SS_0.DDRPHY_BLK_0.LANE_1_CTRL.I_LANECTRL.DLL_CODE[6] }]
	@W::"/sqahyd/Pramod/Github_Examples/SmartDebug_PCIe_Register_read/PCIe_Register_Read/designer/PCIe_EP_Demo/synthesis.fdc":106:0:106:0|Timing constraint (to [get_pins { PF_DDR4_SS_0.DDRPHY_BLK_0.LANE_1_CTRL.I_LANECTRL.DLL_CODE[6] }]) (false path) was not applied to the design because none of the paths specified by the constraint exist in the design
set_false_path -to [get_pins { PF_DDR4_SS_0.DDRPHY_BLK_0.LANE_1_CTRL.I_LANECTRL.DLL_CODE[7] }]
	@W::"/sqahyd/Pramod/Github_Examples/SmartDebug_PCIe_Register_read/PCIe_Register_Read/designer/PCIe_EP_Demo/synthesis.fdc":107:0:107:0|Timing constraint (to [get_pins { PF_DDR4_SS_0.DDRPHY_BLK_0.LANE_1_CTRL.I_LANECTRL.DLL_CODE[7] }]) (false path) was not applied to the design because none of the paths specified by the constraint exist in the design
set_false_path -to [get_pins { PF_DDR4_SS_0.DDRPHY_BLK_0.LANE_1_CTRL.I_LANECTRL.READ_CLK_SEL[2] }]
	@W::"/sqahyd/Pramod/Github_Examples/SmartDebug_PCIe_Register_read/PCIe_Register_Read/designer/PCIe_EP_Demo/synthesis.fdc":99:0:99:0|Timing constraint (to [get_pins { PF_DDR4_SS_0.DDRPHY_BLK_0.LANE_1_CTRL.I_LANECTRL.READ_CLK_SEL[2] }]) (false path) was not applied to the design because none of the paths specified by the constraint exist in the design
set_false_path -to [get_pins { PF_DDR4_SS_0.DDRPHY_BLK_0.LANE_1_CTRL.I_LANECTRL.RESET }]
	@W::"/sqahyd/Pramod/Github_Examples/SmartDebug_PCIe_Register_read/PCIe_Register_Read/designer/PCIe_EP_Demo/synthesis.fdc":94:0:94:0|Timing constraint (to [get_pins { PF_DDR4_SS_0.DDRPHY_BLK_0.LANE_1_CTRL.I_LANECTRL.RESET }]) (false path) was not applied to the design because none of the paths specified by the constraint exist in the design
set_false_path -to [get_pins { PF_DDR4_SS_0.DDRPHY_BLK_0.LANE_1_CTRL.I_LANECTRL.SWITCH }]
	@W::"/sqahyd/Pramod/Github_Examples/SmartDebug_PCIe_Register_read/PCIe_Register_Read/designer/PCIe_EP_Demo/synthesis.fdc":98:0:98:0|Timing constraint (to [get_pins { PF_DDR4_SS_0.DDRPHY_BLK_0.LANE_1_CTRL.I_LANECTRL.SWITCH }]) (false path) was not applied to the design because none of the paths specified by the constraint exist in the design

Constraints with matching wildcard expressions
**********************************************

set_false_path -through [get_pins { PF_DDR3_SS_0.DDRPHY_BLK_0.*.I_*FEEDBACK*.Y }]
	@N:MF891:"/sqahyd/Pramod/Github_Examples/SmartDebug_PCIe_Register_read/PCIe_Register_Read/designer/PCIe_EP_Demo/synthesis.fdc":60:0:60:0|expression "[get_pins { PF_DDR3_SS_0.DDRPHY_BLK_0.*.I_*FEEDBACK*.Y }]" applies to objects:
		PF_DDR3_SS_0.DDRPHY_BLK_0.LANE_0_IOD_DM.I_TRIBUFF_FEEDBACK_0.Y
		PF_DDR3_SS_0.DDRPHY_BLK_0.LANE_1_IOD_DM.I_TRIBUFF_FEEDBACK_0.Y
set_false_path -through [get_pins { PF_DDR3_SS_0.DDRPHY_BLK_0.*.I_BIBUF*.D }]
	@N:MF891:"/sqahyd/Pramod/Github_Examples/SmartDebug_PCIe_Register_read/PCIe_Register_Read/designer/PCIe_EP_Demo/synthesis.fdc":65:0:65:0|expression "[get_pins { PF_DDR3_SS_0.DDRPHY_BLK_0.*.I_BIBUF*.D }]" applies to objects:
		PF_DDR3_SS_0.DDRPHY_BLK_0.LANE_0_IOD_DQS.I_BIBUF_DIFF_DQS_0.D
		PF_DDR3_SS_0.DDRPHY_BLK_0.LANE_1_IOD_DQS.I_BIBUF_DIFF_DQS_0.D
set_false_path -through [get_pins { PF_DDR3_SS_0.DDRPHY_BLK_0.*.I_BIBUF*.E }]
	@N:MF891:"/sqahyd/Pramod/Github_Examples/SmartDebug_PCIe_Register_read/PCIe_Register_Read/designer/PCIe_EP_Demo/synthesis.fdc":66:0:66:0|expression "[get_pins { PF_DDR3_SS_0.DDRPHY_BLK_0.*.I_BIBUF*.E }]" applies to objects:
		PF_DDR3_SS_0.DDRPHY_BLK_0.LANE_0_IOD_DQS.I_BIBUF_DIFF_DQS_0.E
		PF_DDR3_SS_0.DDRPHY_BLK_0.LANE_1_IOD_DQS.I_BIBUF_DIFF_DQS_0.E
set_false_path -through [get_pins { PF_DDR3_SS_0.DDRPHY_BLK_0.*.I_BIBUF*.Y }]
	@N:MF891:"/sqahyd/Pramod/Github_Examples/SmartDebug_PCIe_Register_read/PCIe_Register_Read/designer/PCIe_EP_Demo/synthesis.fdc":67:0:67:0|expression "[get_pins { PF_DDR3_SS_0.DDRPHY_BLK_0.*.I_BIBUF*.Y }]" applies to objects:
		PF_DDR3_SS_0.DDRPHY_BLK_0.LANE_0_IOD_DQS.I_BIBUF_DIFF_DQS_0.Y
		PF_DDR3_SS_0.DDRPHY_BLK_0.LANE_1_IOD_DQS.I_BIBUF_DIFF_DQS_0.Y
set_false_path -through [get_pins { PF_DDR3_SS_0.DDRPHY_BLK_0.*.I_BIBUF_DIFF_DQS_*.YN }]
	@N:MF891:"/sqahyd/Pramod/Github_Examples/SmartDebug_PCIe_Register_read/PCIe_Register_Read/designer/PCIe_EP_Demo/synthesis.fdc":68:0:68:0|expression "[get_pins { PF_DDR3_SS_0.DDRPHY_BLK_0.*.I_BIBUF_DIFF_DQS_*.YN }]" applies to objects:
		PF_DDR3_SS_0.DDRPHY_BLK_0.LANE_0_IOD_DQS.I_BIBUF_DIFF_DQS_0.YN
		PF_DDR3_SS_0.DDRPHY_BLK_0.LANE_1_IOD_DQS.I_BIBUF_DIFF_DQS_0.YN
set_false_path -through [get_pins { PF_DDR3_SS_0.DDRPHY_BLK_0.*.I_IOD_*.DELAY_LINE_OUT_OF_RANGE }]
	@N:MF891:"/sqahyd/Pramod/Github_Examples/SmartDebug_PCIe_Register_read/PCIe_Register_Read/designer/PCIe_EP_Demo/synthesis.fdc":29:0:29:0|expression "[get_pins { PF_DDR3_SS_0.DDRPHY_BLK_0.*.I_IOD_*.DELAY_LINE_OUT_OF_RANGE }]" applies to objects:
		PF_DDR3_SS_0.DDRPHY_BLK_0.IOD_A_11_0.I_IOD_0.DELAY_LINE_OUT_OF_RANGE
		PF_DDR3_SS_0.DDRPHY_BLK_0.IOD_A_11_0.I_IOD_1.DELAY_LINE_OUT_OF_RANGE
		PF_DDR3_SS_0.DDRPHY_BLK_0.IOD_A_11_0.I_IOD_2.DELAY_LINE_OUT_OF_RANGE
		PF_DDR3_SS_0.DDRPHY_BLK_0.IOD_A_11_0.I_IOD_3.DELAY_LINE_OUT_OF_RANGE
		PF_DDR3_SS_0.DDRPHY_BLK_0.IOD_A_11_0.I_IOD_4.DELAY_LINE_OUT_OF_RANGE
		PF_DDR3_SS_0.DDRPHY_BLK_0.IOD_A_11_0.I_IOD_5.DELAY_LINE_OUT_OF_RANGE
		PF_DDR3_SS_0.DDRPHY_BLK_0.IOD_A_11_0.I_IOD_6.DELAY_LINE_OUT_OF_RANGE
		PF_DDR3_SS_0.DDRPHY_BLK_0.IOD_A_11_0.I_IOD_7.DELAY_LINE_OUT_OF_RANGE
		PF_DDR3_SS_0.DDRPHY_BLK_0.IOD_A_11_0.I_IOD_8.DELAY_LINE_OUT_OF_RANGE
		PF_DDR3_SS_0.DDRPHY_BLK_0.IOD_A_11_0.I_IOD_9.DELAY_LINE_OUT_OF_RANGE
		PF_DDR3_SS_0.DDRPHY_BLK_0.IOD_A_11_0.I_IOD_10.DELAY_LINE_OUT_OF_RANGE
		PF_DDR3_SS_0.DDRPHY_BLK_0.IOD_A_11_0.I_IOD_11.DELAY_LINE_OUT_OF_RANGE
		PF_DDR3_SS_0.DDRPHY_BLK_0.IOD_A_12.I_IOD_0.DELAY_LINE_OUT_OF_RANGE
		PF_DDR3_SS_0.DDRPHY_BLK_0.IOD_A_13.I_IOD_0.DELAY_LINE_OUT_OF_RANGE
		PF_DDR3_SS_0.DDRPHY_BLK_0.IOD_A_14.I_IOD_0.DELAY_LINE_OUT_OF_RANGE
		PF_DDR3_SS_0.DDRPHY_BLK_0.IOD_A_15.I_IOD_0.DELAY_LINE_OUT_OF_RANGE
		PF_DDR3_SS_0.DDRPHY_BLK_0.IOD_BA.I_IOD_0.DELAY_LINE_OUT_OF_RANGE
		PF_DDR3_SS_0.DDRPHY_BLK_0.IOD_BA.I_IOD_1.DELAY_LINE_OUT_OF_RANGE
		PF_DDR3_SS_0.DDRPHY_BLK_0.IOD_BA.I_IOD_2.DELAY_LINE_OUT_OF_RANGE
		PF_DDR3_SS_0.DDRPHY_BLK_0.IOD_BCLK_TRAINING.I_IOD_0.DELAY_LINE_OUT_OF_RANGE
		PF_DDR3_SS_0.DDRPHY_BLK_0.IOD_CAS_N.I_IOD_0.DELAY_LINE_OUT_OF_RANGE
		PF_DDR3_SS_0.DDRPHY_BLK_0.IOD_CKE.I_IOD_0.DELAY_LINE_OUT_OF_RANGE
		PF_DDR3_SS_0.DDRPHY_BLK_0.IOD_CS_N.I_IOD_0.DELAY_LINE_OUT_OF_RANGE
		PF_DDR3_SS_0.DDRPHY_BLK_0.IOD_ODT.I_IOD_0.DELAY_LINE_OUT_OF_RANGE
		PF_DDR3_SS_0.DDRPHY_BLK_0.IOD_RAS_N.I_IOD_0.DELAY_LINE_OUT_OF_RANGE
		PF_DDR3_SS_0.DDRPHY_BLK_0.IOD_REF_CLK_TRAINING.I_IOD_0.DELAY_LINE_OUT_OF_RANGE
		PF_DDR3_SS_0.DDRPHY_BLK_0.IOD_RESET_N.I_IOD_0.DELAY_LINE_OUT_OF_RANGE
		PF_DDR3_SS_0.DDRPHY_BLK_0.IOD_WE_N.I_IOD_0.DELAY_LINE_OUT_OF_RANGE
		PF_DDR3_SS_0.DDRPHY_BLK_0.LANE_0_IOD_DM.I_IOD_0.DELAY_LINE_OUT_OF_RANGE
		PF_DDR3_SS_0.DDRPHY_BLK_0.LANE_0_IOD_DQ.I_IOD_0.DELAY_LINE_OUT_OF_RANGE
		PF_DDR3_SS_0.DDRPHY_BLK_0.LANE_0_IOD_DQ.I_IOD_1.DELAY_LINE_OUT_OF_RANGE
		PF_DDR3_SS_0.DDRPHY_BLK_0.LANE_0_IOD_DQ.I_IOD_2.DELAY_LINE_OUT_OF_RANGE
		PF_DDR3_SS_0.DDRPHY_BLK_0.LANE_0_IOD_DQ.I_IOD_3.DELAY_LINE_OUT_OF_RANGE
		PF_DDR3_SS_0.DDRPHY_BLK_0.LANE_0_IOD_DQ.I_IOD_4.DELAY_LINE_OUT_OF_RANGE
		PF_DDR3_SS_0.DDRPHY_BLK_0.LANE_0_IOD_DQ.I_IOD_5.DELAY_LINE_OUT_OF_RANGE
		PF_DDR3_SS_0.DDRPHY_BLK_0.LANE_0_IOD_DQ.I_IOD_6.DELAY_LINE_OUT_OF_RANGE
		PF_DDR3_SS_0.DDRPHY_BLK_0.LANE_0_IOD_DQ.I_IOD_7.DELAY_LINE_OUT_OF_RANGE
		PF_DDR3_SS_0.DDRPHY_BLK_0.LANE_0_IOD_DQS.I_IOD_0.DELAY_LINE_OUT_OF_RANGE
		PF_DDR3_SS_0.DDRPHY_BLK_0.LANE_0_IOD_DQSW_TRAINING.I_IOD_0.DELAY_LINE_OUT_OF_RANGE
		PF_DDR3_SS_0.DDRPHY_BLK_0.LANE_0_IOD_READ_TRAINING.I_IOD_0.DELAY_LINE_OUT_OF_RANGE
		PF_DDR3_SS_0.DDRPHY_BLK_0.LANE_1_IOD_DM.I_IOD_0.DELAY_LINE_OUT_OF_RANGE
		PF_DDR3_SS_0.DDRPHY_BLK_0.LANE_1_IOD_DQ.I_IOD_0.DELAY_LINE_OUT_OF_RANGE
		PF_DDR3_SS_0.DDRPHY_BLK_0.LANE_1_IOD_DQ.I_IOD_1.DELAY_LINE_OUT_OF_RANGE
		PF_DDR3_SS_0.DDRPHY_BLK_0.LANE_1_IOD_DQ.I_IOD_2.DELAY_LINE_OUT_OF_RANGE
		PF_DDR3_SS_0.DDRPHY_BLK_0.LANE_1_IOD_DQ.I_IOD_3.DELAY_LINE_OUT_OF_RANGE
		PF_DDR3_SS_0.DDRPHY_BLK_0.LANE_1_IOD_DQ.I_IOD_4.DELAY_LINE_OUT_OF_RANGE
		PF_DDR3_SS_0.DDRPHY_BLK_0.LANE_1_IOD_DQ.I_IOD_5.DELAY_LINE_OUT_OF_RANGE
		PF_DDR3_SS_0.DDRPHY_BLK_0.LANE_1_IOD_DQ.I_IOD_6.DELAY_LINE_OUT_OF_RANGE
		PF_DDR3_SS_0.DDRPHY_BLK_0.LANE_1_IOD_DQ.I_IOD_7.DELAY_LINE_OUT_OF_RANGE
		PF_DDR3_SS_0.DDRPHY_BLK_0.LANE_1_IOD_DQS.I_IOD_0.DELAY_LINE_OUT_OF_RANGE
		PF_DDR3_SS_0.DDRPHY_BLK_0.LANE_1_IOD_DQSW_TRAINING.I_IOD_0.DELAY_LINE_OUT_OF_RANGE
		PF_DDR3_SS_0.DDRPHY_BLK_0.LANE_1_IOD_READ_TRAINING.I_IOD_0.DELAY_LINE_OUT_OF_RANGE
set_false_path -through [get_pins { PF_DDR3_SS_0.DDRPHY_BLK_0.*.I_TRIBUFF_*.D }]
	@N:MF891:"/sqahyd/Pramod/Github_Examples/SmartDebug_PCIe_Register_read/PCIe_Register_Read/designer/PCIe_EP_Demo/synthesis.fdc":63:0:63:0|expression "[get_pins { PF_DDR3_SS_0.DDRPHY_BLK_0.*.I_TRIBUFF_*.D }]" applies to objects:
		PF_DDR3_SS_0.DDRPHY_BLK_0.LANE_0_IOD_DM.I_TRIBUFF_FEEDBACK_0.D
		PF_DDR3_SS_0.DDRPHY_BLK_0.LANE_1_IOD_DM.I_TRIBUFF_FEEDBACK_0.D
set_false_path -through [get_pins { PF_DDR3_SS_0.DDRPHY_BLK_0.*.I_TRIBUFF_*.E }]
	@N:MF891:"/sqahyd/Pramod/Github_Examples/SmartDebug_PCIe_Register_read/PCIe_Register_Read/designer/PCIe_EP_Demo/synthesis.fdc":64:0:64:0|expression "[get_pins { PF_DDR3_SS_0.DDRPHY_BLK_0.*.I_TRIBUFF_*.E }]" applies to objects:
		PF_DDR3_SS_0.DDRPHY_BLK_0.LANE_0_IOD_DM.I_TRIBUFF_FEEDBACK_0.E
		PF_DDR3_SS_0.DDRPHY_BLK_0.LANE_1_IOD_DM.I_TRIBUFF_FEEDBACK_0.E
set_false_path -through [get_pins { PF_DDR4_SS_0.DDRPHY_BLK_0.*.I_*FEEDBACK*.Y }]
	@N:MF891:"/sqahyd/Pramod/Github_Examples/SmartDebug_PCIe_Register_read/PCIe_Register_Read/designer/PCIe_EP_Demo/synthesis.fdc":108:0:108:0|expression "[get_pins { PF_DDR4_SS_0.DDRPHY_BLK_0.*.I_*FEEDBACK*.Y }]" applies to objects:
		PF_DDR4_SS_0.DDRPHY_BLK_0.LANE_0_IOD_DM.I_TRIBUFF_FEEDBACK_0.Y
		PF_DDR4_SS_0.DDRPHY_BLK_0.LANE_1_IOD_DM.I_TRIBUFF_FEEDBACK_0.Y
set_false_path -through [get_pins { PF_DDR4_SS_0.DDRPHY_BLK_0.*.I_BIBUF*.D }]
	@N:MF891:"/sqahyd/Pramod/Github_Examples/SmartDebug_PCIe_Register_read/PCIe_Register_Read/designer/PCIe_EP_Demo/synthesis.fdc":113:0:113:0|expression "[get_pins { PF_DDR4_SS_0.DDRPHY_BLK_0.*.I_BIBUF*.D }]" applies to objects:
		PF_DDR4_SS_0.DDRPHY_BLK_0.LANE_0_IOD_DQS.I_BIBUF_DIFF_DQS_0.D
		PF_DDR4_SS_0.DDRPHY_BLK_0.LANE_1_IOD_DQS.I_BIBUF_DIFF_DQS_0.D
set_false_path -through [get_pins { PF_DDR4_SS_0.DDRPHY_BLK_0.*.I_BIBUF*.E }]
	@N:MF891:"/sqahyd/Pramod/Github_Examples/SmartDebug_PCIe_Register_read/PCIe_Register_Read/designer/PCIe_EP_Demo/synthesis.fdc":114:0:114:0|expression "[get_pins { PF_DDR4_SS_0.DDRPHY_BLK_0.*.I_BIBUF*.E }]" applies to objects:
		PF_DDR4_SS_0.DDRPHY_BLK_0.LANE_0_IOD_DQS.I_BIBUF_DIFF_DQS_0.E
		PF_DDR4_SS_0.DDRPHY_BLK_0.LANE_1_IOD_DQS.I_BIBUF_DIFF_DQS_0.E
set_false_path -through [get_pins { PF_DDR4_SS_0.DDRPHY_BLK_0.*.I_BIBUF*.Y }]
	@N:MF891:"/sqahyd/Pramod/Github_Examples/SmartDebug_PCIe_Register_read/PCIe_Register_Read/designer/PCIe_EP_Demo/synthesis.fdc":115:0:115:0|expression "[get_pins { PF_DDR4_SS_0.DDRPHY_BLK_0.*.I_BIBUF*.Y }]" applies to objects:
		PF_DDR4_SS_0.DDRPHY_BLK_0.LANE_0_IOD_DQS.I_BIBUF_DIFF_DQS_0.Y
		PF_DDR4_SS_0.DDRPHY_BLK_0.LANE_1_IOD_DQS.I_BIBUF_DIFF_DQS_0.Y
set_false_path -through [get_pins { PF_DDR4_SS_0.DDRPHY_BLK_0.*.I_BIBUF_DIFF_DQS_*.YN }]
	@N:MF891:"/sqahyd/Pramod/Github_Examples/SmartDebug_PCIe_Register_read/PCIe_Register_Read/designer/PCIe_EP_Demo/synthesis.fdc":116:0:116:0|expression "[get_pins { PF_DDR4_SS_0.DDRPHY_BLK_0.*.I_BIBUF_DIFF_DQS_*.YN }]" applies to objects:
		PF_DDR4_SS_0.DDRPHY_BLK_0.LANE_0_IOD_DQS.I_BIBUF_DIFF_DQS_0.YN
		PF_DDR4_SS_0.DDRPHY_BLK_0.LANE_1_IOD_DQS.I_BIBUF_DIFF_DQS_0.YN
set_false_path -through [get_pins { PF_DDR4_SS_0.DDRPHY_BLK_0.*.I_IOD_*.DELAY_LINE_OUT_OF_RANGE }]
	@N:MF891:"/sqahyd/Pramod/Github_Examples/SmartDebug_PCIe_Register_read/PCIe_Register_Read/designer/PCIe_EP_Demo/synthesis.fdc":77:0:77:0|expression "[get_pins { PF_DDR4_SS_0.DDRPHY_BLK_0.*.I_IOD_*.DELAY_LINE_OUT_OF_RANGE }]" applies to objects:
		PF_DDR4_SS_0.DDRPHY_BLK_0.IOD_ACT_N.I_IOD_0.DELAY_LINE_OUT_OF_RANGE
		PF_DDR4_SS_0.DDRPHY_BLK_0.IOD_A_11_0.I_IOD_0.DELAY_LINE_OUT_OF_RANGE
		PF_DDR4_SS_0.DDRPHY_BLK_0.IOD_A_11_0.I_IOD_1.DELAY_LINE_OUT_OF_RANGE
		PF_DDR4_SS_0.DDRPHY_BLK_0.IOD_A_11_0.I_IOD_2.DELAY_LINE_OUT_OF_RANGE
		PF_DDR4_SS_0.DDRPHY_BLK_0.IOD_A_11_0.I_IOD_3.DELAY_LINE_OUT_OF_RANGE
		PF_DDR4_SS_0.DDRPHY_BLK_0.IOD_A_11_0.I_IOD_4.DELAY_LINE_OUT_OF_RANGE
		PF_DDR4_SS_0.DDRPHY_BLK_0.IOD_A_11_0.I_IOD_5.DELAY_LINE_OUT_OF_RANGE
		PF_DDR4_SS_0.DDRPHY_BLK_0.IOD_A_11_0.I_IOD_6.DELAY_LINE_OUT_OF_RANGE
		PF_DDR4_SS_0.DDRPHY_BLK_0.IOD_A_11_0.I_IOD_7.DELAY_LINE_OUT_OF_RANGE
		PF_DDR4_SS_0.DDRPHY_BLK_0.IOD_A_11_0.I_IOD_8.DELAY_LINE_OUT_OF_RANGE
		PF_DDR4_SS_0.DDRPHY_BLK_0.IOD_A_11_0.I_IOD_9.DELAY_LINE_OUT_OF_RANGE
		PF_DDR4_SS_0.DDRPHY_BLK_0.IOD_A_11_0.I_IOD_10.DELAY_LINE_OUT_OF_RANGE
		PF_DDR4_SS_0.DDRPHY_BLK_0.IOD_A_11_0.I_IOD_11.DELAY_LINE_OUT_OF_RANGE
		PF_DDR4_SS_0.DDRPHY_BLK_0.IOD_A_12.I_IOD_0.DELAY_LINE_OUT_OF_RANGE
		PF_DDR4_SS_0.DDRPHY_BLK_0.IOD_A_13.I_IOD_0.DELAY_LINE_OUT_OF_RANGE
		PF_DDR4_SS_0.DDRPHY_BLK_0.IOD_BA.I_IOD_0.DELAY_LINE_OUT_OF_RANGE
		PF_DDR4_SS_0.DDRPHY_BLK_0.IOD_BA.I_IOD_1.DELAY_LINE_OUT_OF_RANGE
		PF_DDR4_SS_0.DDRPHY_BLK_0.IOD_BCLK_TRAINING.I_IOD_0.DELAY_LINE_OUT_OF_RANGE
		PF_DDR4_SS_0.DDRPHY_BLK_0.IOD_BG.I_IOD_0.DELAY_LINE_OUT_OF_RANGE
		PF_DDR4_SS_0.DDRPHY_BLK_0.IOD_BG.I_IOD_1.DELAY_LINE_OUT_OF_RANGE
		PF_DDR4_SS_0.DDRPHY_BLK_0.IOD_CAS_N.I_IOD_0.DELAY_LINE_OUT_OF_RANGE
		PF_DDR4_SS_0.DDRPHY_BLK_0.IOD_CKE.I_IOD_0.DELAY_LINE_OUT_OF_RANGE
		PF_DDR4_SS_0.DDRPHY_BLK_0.IOD_CS_N.I_IOD_0.DELAY_LINE_OUT_OF_RANGE
		PF_DDR4_SS_0.DDRPHY_BLK_0.IOD_ODT.I_IOD_0.DELAY_LINE_OUT_OF_RANGE
		PF_DDR4_SS_0.DDRPHY_BLK_0.IOD_RAS_N.I_IOD_0.DELAY_LINE_OUT_OF_RANGE
		PF_DDR4_SS_0.DDRPHY_BLK_0.IOD_REF_CLK_TRAINING.I_IOD_0.DELAY_LINE_OUT_OF_RANGE
		PF_DDR4_SS_0.DDRPHY_BLK_0.IOD_RESET_N.I_IOD_0.DELAY_LINE_OUT_OF_RANGE
		PF_DDR4_SS_0.DDRPHY_BLK_0.IOD_WE_N.I_IOD_0.DELAY_LINE_OUT_OF_RANGE
		PF_DDR4_SS_0.DDRPHY_BLK_0.LANE_0_IOD_DM.I_IOD_0.DELAY_LINE_OUT_OF_RANGE
		PF_DDR4_SS_0.DDRPHY_BLK_0.LANE_0_IOD_DQ.I_IOD_0.DELAY_LINE_OUT_OF_RANGE
		PF_DDR4_SS_0.DDRPHY_BLK_0.LANE_0_IOD_DQ.I_IOD_1.DELAY_LINE_OUT_OF_RANGE
		PF_DDR4_SS_0.DDRPHY_BLK_0.LANE_0_IOD_DQ.I_IOD_2.DELAY_LINE_OUT_OF_RANGE
		PF_DDR4_SS_0.DDRPHY_BLK_0.LANE_0_IOD_DQ.I_IOD_3.DELAY_LINE_OUT_OF_RANGE
		PF_DDR4_SS_0.DDRPHY_BLK_0.LANE_0_IOD_DQ.I_IOD_4.DELAY_LINE_OUT_OF_RANGE
		PF_DDR4_SS_0.DDRPHY_BLK_0.LANE_0_IOD_DQ.I_IOD_5.DELAY_LINE_OUT_OF_RANGE
		PF_DDR4_SS_0.DDRPHY_BLK_0.LANE_0_IOD_DQ.I_IOD_6.DELAY_LINE_OUT_OF_RANGE
		PF_DDR4_SS_0.DDRPHY_BLK_0.LANE_0_IOD_DQ.I_IOD_7.DELAY_LINE_OUT_OF_RANGE
		PF_DDR4_SS_0.DDRPHY_BLK_0.LANE_0_IOD_DQS.I_IOD_0.DELAY_LINE_OUT_OF_RANGE
		PF_DDR4_SS_0.DDRPHY_BLK_0.LANE_0_IOD_DQSW_TRAINING.I_IOD_0.DELAY_LINE_OUT_OF_RANGE
		PF_DDR4_SS_0.DDRPHY_BLK_0.LANE_0_IOD_READ_TRAINING.I_IOD_0.DELAY_LINE_OUT_OF_RANGE
		PF_DDR4_SS_0.DDRPHY_BLK_0.LANE_1_IOD_DM.I_IOD_0.DELAY_LINE_OUT_OF_RANGE
		PF_DDR4_SS_0.DDRPHY_BLK_0.LANE_1_IOD_DQ.I_IOD_0.DELAY_LINE_OUT_OF_RANGE
		PF_DDR4_SS_0.DDRPHY_BLK_0.LANE_1_IOD_DQ.I_IOD_1.DELAY_LINE_OUT_OF_RANGE
		PF_DDR4_SS_0.DDRPHY_BLK_0.LANE_1_IOD_DQ.I_IOD_2.DELAY_LINE_OUT_OF_RANGE
		PF_DDR4_SS_0.DDRPHY_BLK_0.LANE_1_IOD_DQ.I_IOD_3.DELAY_LINE_OUT_OF_RANGE
		PF_DDR4_SS_0.DDRPHY_BLK_0.LANE_1_IOD_DQ.I_IOD_4.DELAY_LINE_OUT_OF_RANGE
		PF_DDR4_SS_0.DDRPHY_BLK_0.LANE_1_IOD_DQ.I_IOD_5.DELAY_LINE_OUT_OF_RANGE
		PF_DDR4_SS_0.DDRPHY_BLK_0.LANE_1_IOD_DQ.I_IOD_6.DELAY_LINE_OUT_OF_RANGE
		PF_DDR4_SS_0.DDRPHY_BLK_0.LANE_1_IOD_DQ.I_IOD_7.DELAY_LINE_OUT_OF_RANGE
		PF_DDR4_SS_0.DDRPHY_BLK_0.LANE_1_IOD_DQS.I_IOD_0.DELAY_LINE_OUT_OF_RANGE
		PF_DDR4_SS_0.DDRPHY_BLK_0.LANE_1_IOD_DQSW_TRAINING.I_IOD_0.DELAY_LINE_OUT_OF_RANGE
		PF_DDR4_SS_0.DDRPHY_BLK_0.LANE_1_IOD_READ_TRAINING.I_IOD_0.DELAY_LINE_OUT_OF_RANGE
set_false_path -through [get_pins { PF_DDR4_SS_0.DDRPHY_BLK_0.*.I_TRIBUFF_*.D }]
	@N:MF891:"/sqahyd/Pramod/Github_Examples/SmartDebug_PCIe_Register_read/PCIe_Register_Read/designer/PCIe_EP_Demo/synthesis.fdc":111:0:111:0|expression "[get_pins { PF_DDR4_SS_0.DDRPHY_BLK_0.*.I_TRIBUFF_*.D }]" applies to objects:
		PF_DDR4_SS_0.DDRPHY_BLK_0.LANE_0_IOD_DM.I_TRIBUFF_FEEDBACK_0.D
		PF_DDR4_SS_0.DDRPHY_BLK_0.LANE_1_IOD_DM.I_TRIBUFF_FEEDBACK_0.D
set_false_path -through [get_pins { PF_DDR4_SS_0.DDRPHY_BLK_0.*.I_TRIBUFF_*.E }]
	@N:MF891:"/sqahyd/Pramod/Github_Examples/SmartDebug_PCIe_Register_read/PCIe_Register_Read/designer/PCIe_EP_Demo/synthesis.fdc":112:0:112:0|expression "[get_pins { PF_DDR4_SS_0.DDRPHY_BLK_0.*.I_TRIBUFF_*.E }]" applies to objects:
		PF_DDR4_SS_0.DDRPHY_BLK_0.LANE_0_IOD_DM.I_TRIBUFF_FEEDBACK_0.E
		PF_DDR4_SS_0.DDRPHY_BLK_0.LANE_1_IOD_DM.I_TRIBUFF_FEEDBACK_0.E
set_false_path -to [get_pins { PF_DDR3_SS_0.DDRPHY_BLK_0.*.I_IOD_*.ARST_N }]
	@N:MF891:"/sqahyd/Pramod/Github_Examples/SmartDebug_PCIe_Register_read/PCIe_Register_Read/designer/PCIe_EP_Demo/synthesis.fdc":24:0:24:0|expression "[get_pins { PF_DDR3_SS_0.DDRPHY_BLK_0.*.I_IOD_*.ARST_N }]" applies to objects:
		PF_DDR3_SS_0.DDRPHY_BLK_0.IOD_A_11_0.I_IOD_0.ARST_N
		PF_DDR3_SS_0.DDRPHY_BLK_0.IOD_A_11_0.I_IOD_1.ARST_N
		PF_DDR3_SS_0.DDRPHY_BLK_0.IOD_A_11_0.I_IOD_2.ARST_N
		PF_DDR3_SS_0.DDRPHY_BLK_0.IOD_A_11_0.I_IOD_3.ARST_N
		PF_DDR3_SS_0.DDRPHY_BLK_0.IOD_A_11_0.I_IOD_4.ARST_N
		PF_DDR3_SS_0.DDRPHY_BLK_0.IOD_A_11_0.I_IOD_5.ARST_N
		PF_DDR3_SS_0.DDRPHY_BLK_0.IOD_A_11_0.I_IOD_6.ARST_N
		PF_DDR3_SS_0.DDRPHY_BLK_0.IOD_A_11_0.I_IOD_7.ARST_N
		PF_DDR3_SS_0.DDRPHY_BLK_0.IOD_A_11_0.I_IOD_8.ARST_N
		PF_DDR3_SS_0.DDRPHY_BLK_0.IOD_A_11_0.I_IOD_9.ARST_N
		PF_DDR3_SS_0.DDRPHY_BLK_0.IOD_A_11_0.I_IOD_10.ARST_N
		PF_DDR3_SS_0.DDRPHY_BLK_0.IOD_A_11_0.I_IOD_11.ARST_N
		PF_DDR3_SS_0.DDRPHY_BLK_0.IOD_A_12.I_IOD_0.ARST_N
		PF_DDR3_SS_0.DDRPHY_BLK_0.IOD_A_13.I_IOD_0.ARST_N
		PF_DDR3_SS_0.DDRPHY_BLK_0.IOD_A_14.I_IOD_0.ARST_N
		PF_DDR3_SS_0.DDRPHY_BLK_0.IOD_A_15.I_IOD_0.ARST_N
		PF_DDR3_SS_0.DDRPHY_BLK_0.IOD_BA.I_IOD_0.ARST_N
		PF_DDR3_SS_0.DDRPHY_BLK_0.IOD_BA.I_IOD_1.ARST_N
		PF_DDR3_SS_0.DDRPHY_BLK_0.IOD_BA.I_IOD_2.ARST_N
		PF_DDR3_SS_0.DDRPHY_BLK_0.IOD_BCLK_TRAINING.I_IOD_0.ARST_N
		PF_DDR3_SS_0.DDRPHY_BLK_0.IOD_CAS_N.I_IOD_0.ARST_N
		PF_DDR3_SS_0.DDRPHY_BLK_0.IOD_CKE.I_IOD_0.ARST_N
		PF_DDR3_SS_0.DDRPHY_BLK_0.IOD_CS_N.I_IOD_0.ARST_N
		PF_DDR3_SS_0.DDRPHY_BLK_0.IOD_ODT.I_IOD_0.ARST_N
		PF_DDR3_SS_0.DDRPHY_BLK_0.IOD_RAS_N.I_IOD_0.ARST_N
		PF_DDR3_SS_0.DDRPHY_BLK_0.IOD_REF_CLK_TRAINING.I_IOD_0.ARST_N
		PF_DDR3_SS_0.DDRPHY_BLK_0.IOD_RESET_N.I_IOD_0.ARST_N
		PF_DDR3_SS_0.DDRPHY_BLK_0.IOD_WE_N.I_IOD_0.ARST_N
		PF_DDR3_SS_0.DDRPHY_BLK_0.LANE_0_IOD_DM.I_IOD_0.ARST_N
		PF_DDR3_SS_0.DDRPHY_BLK_0.LANE_0_IOD_DQ.I_IOD_0.ARST_N
		PF_DDR3_SS_0.DDRPHY_BLK_0.LANE_0_IOD_DQ.I_IOD_1.ARST_N
		PF_DDR3_SS_0.DDRPHY_BLK_0.LANE_0_IOD_DQ.I_IOD_2.ARST_N
		PF_DDR3_SS_0.DDRPHY_BLK_0.LANE_0_IOD_DQ.I_IOD_3.ARST_N
		PF_DDR3_SS_0.DDRPHY_BLK_0.LANE_0_IOD_DQ.I_IOD_4.ARST_N
		PF_DDR3_SS_0.DDRPHY_BLK_0.LANE_0_IOD_DQ.I_IOD_5.ARST_N
		PF_DDR3_SS_0.DDRPHY_BLK_0.LANE_0_IOD_DQ.I_IOD_6.ARST_N
		PF_DDR3_SS_0.DDRPHY_BLK_0.LANE_0_IOD_DQ.I_IOD_7.ARST_N
		PF_DDR3_SS_0.DDRPHY_BLK_0.LANE_0_IOD_DQS.I_IOD_0.ARST_N
		PF_DDR3_SS_0.DDRPHY_BLK_0.LANE_0_IOD_DQSW_TRAINING.I_IOD_0.ARST_N
		PF_DDR3_SS_0.DDRPHY_BLK_0.LANE_0_IOD_READ_TRAINING.I_IOD_0.ARST_N
		PF_DDR3_SS_0.DDRPHY_BLK_0.LANE_1_IOD_DM.I_IOD_0.ARST_N
		PF_DDR3_SS_0.DDRPHY_BLK_0.LANE_1_IOD_DQ.I_IOD_0.ARST_N
		PF_DDR3_SS_0.DDRPHY_BLK_0.LANE_1_IOD_DQ.I_IOD_1.ARST_N
		PF_DDR3_SS_0.DDRPHY_BLK_0.LANE_1_IOD_DQ.I_IOD_2.ARST_N
		PF_DDR3_SS_0.DDRPHY_BLK_0.LANE_1_IOD_DQ.I_IOD_3.ARST_N
		PF_DDR3_SS_0.DDRPHY_BLK_0.LANE_1_IOD_DQ.I_IOD_4.ARST_N
		PF_DDR3_SS_0.DDRPHY_BLK_0.LANE_1_IOD_DQ.I_IOD_5.ARST_N
		PF_DDR3_SS_0.DDRPHY_BLK_0.LANE_1_IOD_DQ.I_IOD_6.ARST_N
		PF_DDR3_SS_0.DDRPHY_BLK_0.LANE_1_IOD_DQ.I_IOD_7.ARST_N
		PF_DDR3_SS_0.DDRPHY_BLK_0.LANE_1_IOD_DQS.I_IOD_0.ARST_N
		PF_DDR3_SS_0.DDRPHY_BLK_0.LANE_1_IOD_DQSW_TRAINING.I_IOD_0.ARST_N
		PF_DDR3_SS_0.DDRPHY_BLK_0.LANE_1_IOD_READ_TRAINING.I_IOD_0.ARST_N
set_false_path -to [get_pins { PF_DDR3_SS_0.DDRPHY_BLK_0.*.I_IOD_*.DELAY_LINE_MOVE }]
	@N:MF891:"/sqahyd/Pramod/Github_Examples/SmartDebug_PCIe_Register_read/PCIe_Register_Read/designer/PCIe_EP_Demo/synthesis.fdc":28:0:28:0|expression "[get_pins { PF_DDR3_SS_0.DDRPHY_BLK_0.*.I_IOD_*.DELAY_LINE_MOVE }]" applies to objects:
		PF_DDR3_SS_0.DDRPHY_BLK_0.IOD_A_11_0.I_IOD_0.DELAY_LINE_MOVE
		PF_DDR3_SS_0.DDRPHY_BLK_0.IOD_A_11_0.I_IOD_1.DELAY_LINE_MOVE
		PF_DDR3_SS_0.DDRPHY_BLK_0.IOD_A_11_0.I_IOD_2.DELAY_LINE_MOVE
		PF_DDR3_SS_0.DDRPHY_BLK_0.IOD_A_11_0.I_IOD_3.DELAY_LINE_MOVE
		PF_DDR3_SS_0.DDRPHY_BLK_0.IOD_A_11_0.I_IOD_4.DELAY_LINE_MOVE
		PF_DDR3_SS_0.DDRPHY_BLK_0.IOD_A_11_0.I_IOD_5.DELAY_LINE_MOVE
		PF_DDR3_SS_0.DDRPHY_BLK_0.IOD_A_11_0.I_IOD_6.DELAY_LINE_MOVE
		PF_DDR3_SS_0.DDRPHY_BLK_0.IOD_A_11_0.I_IOD_7.DELAY_LINE_MOVE
		PF_DDR3_SS_0.DDRPHY_BLK_0.IOD_A_11_0.I_IOD_8.DELAY_LINE_MOVE
		PF_DDR3_SS_0.DDRPHY_BLK_0.IOD_A_11_0.I_IOD_9.DELAY_LINE_MOVE
		PF_DDR3_SS_0.DDRPHY_BLK_0.IOD_A_11_0.I_IOD_10.DELAY_LINE_MOVE
		PF_DDR3_SS_0.DDRPHY_BLK_0.IOD_A_11_0.I_IOD_11.DELAY_LINE_MOVE
		PF_DDR3_SS_0.DDRPHY_BLK_0.IOD_A_12.I_IOD_0.DELAY_LINE_MOVE
		PF_DDR3_SS_0.DDRPHY_BLK_0.IOD_A_13.I_IOD_0.DELAY_LINE_MOVE
		PF_DDR3_SS_0.DDRPHY_BLK_0.IOD_A_14.I_IOD_0.DELAY_LINE_MOVE
		PF_DDR3_SS_0.DDRPHY_BLK_0.IOD_A_15.I_IOD_0.DELAY_LINE_MOVE
		PF_DDR3_SS_0.DDRPHY_BLK_0.IOD_BA.I_IOD_0.DELAY_LINE_MOVE
		PF_DDR3_SS_0.DDRPHY_BLK_0.IOD_BA.I_IOD_1.DELAY_LINE_MOVE
		PF_DDR3_SS_0.DDRPHY_BLK_0.IOD_BA.I_IOD_2.DELAY_LINE_MOVE
		PF_DDR3_SS_0.DDRPHY_BLK_0.IOD_BCLK_TRAINING.I_IOD_0.DELAY_LINE_MOVE
		PF_DDR3_SS_0.DDRPHY_BLK_0.IOD_CAS_N.I_IOD_0.DELAY_LINE_MOVE
		PF_DDR3_SS_0.DDRPHY_BLK_0.IOD_CKE.I_IOD_0.DELAY_LINE_MOVE
		PF_DDR3_SS_0.DDRPHY_BLK_0.IOD_CS_N.I_IOD_0.DELAY_LINE_MOVE
		PF_DDR3_SS_0.DDRPHY_BLK_0.IOD_ODT.I_IOD_0.DELAY_LINE_MOVE
		PF_DDR3_SS_0.DDRPHY_BLK_0.IOD_RAS_N.I_IOD_0.DELAY_LINE_MOVE
		PF_DDR3_SS_0.DDRPHY_BLK_0.IOD_REF_CLK_TRAINING.I_IOD_0.DELAY_LINE_MOVE
		PF_DDR3_SS_0.DDRPHY_BLK_0.IOD_RESET_N.I_IOD_0.DELAY_LINE_MOVE
		PF_DDR3_SS_0.DDRPHY_BLK_0.IOD_WE_N.I_IOD_0.DELAY_LINE_MOVE
		PF_DDR3_SS_0.DDRPHY_BLK_0.LANE_0_IOD_DM.I_IOD_0.DELAY_LINE_MOVE
		PF_DDR3_SS_0.DDRPHY_BLK_0.LANE_0_IOD_DQ.I_IOD_0.DELAY_LINE_MOVE
		PF_DDR3_SS_0.DDRPHY_BLK_0.LANE_0_IOD_DQ.I_IOD_1.DELAY_LINE_MOVE
		PF_DDR3_SS_0.DDRPHY_BLK_0.LANE_0_IOD_DQ.I_IOD_2.DELAY_LINE_MOVE
		PF_DDR3_SS_0.DDRPHY_BLK_0.LANE_0_IOD_DQ.I_IOD_3.DELAY_LINE_MOVE
		PF_DDR3_SS_0.DDRPHY_BLK_0.LANE_0_IOD_DQ.I_IOD_4.DELAY_LINE_MOVE
		PF_DDR3_SS_0.DDRPHY_BLK_0.LANE_0_IOD_DQ.I_IOD_5.DELAY_LINE_MOVE
		PF_DDR3_SS_0.DDRPHY_BLK_0.LANE_0_IOD_DQ.I_IOD_6.DELAY_LINE_MOVE
		PF_DDR3_SS_0.DDRPHY_BLK_0.LANE_0_IOD_DQ.I_IOD_7.DELAY_LINE_MOVE
		PF_DDR3_SS_0.DDRPHY_BLK_0.LANE_0_IOD_DQS.I_IOD_0.DELAY_LINE_MOVE
		PF_DDR3_SS_0.DDRPHY_BLK_0.LANE_0_IOD_DQSW_TRAINING.I_IOD_0.DELAY_LINE_MOVE
		PF_DDR3_SS_0.DDRPHY_BLK_0.LANE_0_IOD_READ_TRAINING.I_IOD_0.DELAY_LINE_MOVE
		PF_DDR3_SS_0.DDRPHY_BLK_0.LANE_1_IOD_DM.I_IOD_0.DELAY_LINE_MOVE
		PF_DDR3_SS_0.DDRPHY_BLK_0.LANE_1_IOD_DQ.I_IOD_0.DELAY_LINE_MOVE
		PF_DDR3_SS_0.DDRPHY_BLK_0.LANE_1_IOD_DQ.I_IOD_1.DELAY_LINE_MOVE
		PF_DDR3_SS_0.DDRPHY_BLK_0.LANE_1_IOD_DQ.I_IOD_2.DELAY_LINE_MOVE
		PF_DDR3_SS_0.DDRPHY_BLK_0.LANE_1_IOD_DQ.I_IOD_3.DELAY_LINE_MOVE
		PF_DDR3_SS_0.DDRPHY_BLK_0.LANE_1_IOD_DQ.I_IOD_4.DELAY_LINE_MOVE
		PF_DDR3_SS_0.DDRPHY_BLK_0.LANE_1_IOD_DQ.I_IOD_5.DELAY_LINE_MOVE
		PF_DDR3_SS_0.DDRPHY_BLK_0.LANE_1_IOD_DQ.I_IOD_6.DELAY_LINE_MOVE
		PF_DDR3_SS_0.DDRPHY_BLK_0.LANE_1_IOD_DQ.I_IOD_7.DELAY_LINE_MOVE
		PF_DDR3_SS_0.DDRPHY_BLK_0.LANE_1_IOD_DQS.I_IOD_0.DELAY_LINE_MOVE
		PF_DDR3_SS_0.DDRPHY_BLK_0.LANE_1_IOD_DQSW_TRAINING.I_IOD_0.DELAY_LINE_MOVE
		PF_DDR3_SS_0.DDRPHY_BLK_0.LANE_1_IOD_READ_TRAINING.I_IOD_0.DELAY_LINE_MOVE
set_false_path -to [get_pins { PF_DDR3_SS_0.DDRPHY_BLK_0.*.I_IOD_*.RX_SYNC_RST* }]
	@N:MF891:"/sqahyd/Pramod/Github_Examples/SmartDebug_PCIe_Register_read/PCIe_Register_Read/designer/PCIe_EP_Demo/synthesis.fdc":27:0:27:0|expression "[get_pins { PF_DDR3_SS_0.DDRPHY_BLK_0.*.I_IOD_*.RX_SYNC_RST* }]" applies to objects:
		PF_DDR3_SS_0.DDRPHY_BLK_0.IOD_A_11_0.I_IOD_0.RX_SYNC_RST
		PF_DDR3_SS_0.DDRPHY_BLK_0.IOD_A_11_0.I_IOD_1.RX_SYNC_RST
		PF_DDR3_SS_0.DDRPHY_BLK_0.IOD_A_11_0.I_IOD_2.RX_SYNC_RST
		PF_DDR3_SS_0.DDRPHY_BLK_0.IOD_A_11_0.I_IOD_3.RX_SYNC_RST
		PF_DDR3_SS_0.DDRPHY_BLK_0.IOD_A_11_0.I_IOD_4.RX_SYNC_RST
		PF_DDR3_SS_0.DDRPHY_BLK_0.IOD_A_11_0.I_IOD_5.RX_SYNC_RST
		PF_DDR3_SS_0.DDRPHY_BLK_0.IOD_A_11_0.I_IOD_6.RX_SYNC_RST
		PF_DDR3_SS_0.DDRPHY_BLK_0.IOD_A_11_0.I_IOD_7.RX_SYNC_RST
		PF_DDR3_SS_0.DDRPHY_BLK_0.IOD_A_11_0.I_IOD_8.RX_SYNC_RST
		PF_DDR3_SS_0.DDRPHY_BLK_0.IOD_A_11_0.I_IOD_9.RX_SYNC_RST
		PF_DDR3_SS_0.DDRPHY_BLK_0.IOD_A_11_0.I_IOD_10.RX_SYNC_RST
		PF_DDR3_SS_0.DDRPHY_BLK_0.IOD_A_11_0.I_IOD_11.RX_SYNC_RST
		PF_DDR3_SS_0.DDRPHY_BLK_0.IOD_A_12.I_IOD_0.RX_SYNC_RST
		PF_DDR3_SS_0.DDRPHY_BLK_0.IOD_A_13.I_IOD_0.RX_SYNC_RST
		PF_DDR3_SS_0.DDRPHY_BLK_0.IOD_A_14.I_IOD_0.RX_SYNC_RST
		PF_DDR3_SS_0.DDRPHY_BLK_0.IOD_A_15.I_IOD_0.RX_SYNC_RST
		PF_DDR3_SS_0.DDRPHY_BLK_0.IOD_BA.I_IOD_0.RX_SYNC_RST
		PF_DDR3_SS_0.DDRPHY_BLK_0.IOD_BA.I_IOD_1.RX_SYNC_RST
		PF_DDR3_SS_0.DDRPHY_BLK_0.IOD_BA.I_IOD_2.RX_SYNC_RST
		PF_DDR3_SS_0.DDRPHY_BLK_0.IOD_BCLK_TRAINING.I_IOD_0.RX_SYNC_RST
		PF_DDR3_SS_0.DDRPHY_BLK_0.IOD_CAS_N.I_IOD_0.RX_SYNC_RST
		PF_DDR3_SS_0.DDRPHY_BLK_0.IOD_CKE.I_IOD_0.RX_SYNC_RST
		PF_DDR3_SS_0.DDRPHY_BLK_0.IOD_CS_N.I_IOD_0.RX_SYNC_RST
		PF_DDR3_SS_0.DDRPHY_BLK_0.IOD_ODT.I_IOD_0.RX_SYNC_RST
		PF_DDR3_SS_0.DDRPHY_BLK_0.IOD_RAS_N.I_IOD_0.RX_SYNC_RST
		PF_DDR3_SS_0.DDRPHY_BLK_0.IOD_REF_CLK_TRAINING.I_IOD_0.RX_SYNC_RST
		PF_DDR3_SS_0.DDRPHY_BLK_0.IOD_RESET_N.I_IOD_0.RX_SYNC_RST
		PF_DDR3_SS_0.DDRPHY_BLK_0.IOD_WE_N.I_IOD_0.RX_SYNC_RST
		PF_DDR3_SS_0.DDRPHY_BLK_0.LANE_0_IOD_DM.I_IOD_0.RX_SYNC_RST
		PF_DDR3_SS_0.DDRPHY_BLK_0.LANE_0_IOD_DQ.I_IOD_0.RX_SYNC_RST
		PF_DDR3_SS_0.DDRPHY_BLK_0.LANE_0_IOD_DQ.I_IOD_1.RX_SYNC_RST
		PF_DDR3_SS_0.DDRPHY_BLK_0.LANE_0_IOD_DQ.I_IOD_2.RX_SYNC_RST
		PF_DDR3_SS_0.DDRPHY_BLK_0.LANE_0_IOD_DQ.I_IOD_3.RX_SYNC_RST
		PF_DDR3_SS_0.DDRPHY_BLK_0.LANE_0_IOD_DQ.I_IOD_4.RX_SYNC_RST
		PF_DDR3_SS_0.DDRPHY_BLK_0.LANE_0_IOD_DQ.I_IOD_5.RX_SYNC_RST
		PF_DDR3_SS_0.DDRPHY_BLK_0.LANE_0_IOD_DQ.I_IOD_6.RX_SYNC_RST
		PF_DDR3_SS_0.DDRPHY_BLK_0.LANE_0_IOD_DQ.I_IOD_7.RX_SYNC_RST
		PF_DDR3_SS_0.DDRPHY_BLK_0.LANE_0_IOD_DQS.I_IOD_0.RX_SYNC_RST
		PF_DDR3_SS_0.DDRPHY_BLK_0.LANE_0_IOD_DQSW_TRAINING.I_IOD_0.RX_SYNC_RST
		PF_DDR3_SS_0.DDRPHY_BLK_0.LANE_0_IOD_READ_TRAINING.I_IOD_0.RX_SYNC_RST
		PF_DDR3_SS_0.DDRPHY_BLK_0.LANE_1_IOD_DM.I_IOD_0.RX_SYNC_RST
		PF_DDR3_SS_0.DDRPHY_BLK_0.LANE_1_IOD_DQ.I_IOD_0.RX_SYNC_RST
		PF_DDR3_SS_0.DDRPHY_BLK_0.LANE_1_IOD_DQ.I_IOD_1.RX_SYNC_RST
		PF_DDR3_SS_0.DDRPHY_BLK_0.LANE_1_IOD_DQ.I_IOD_2.RX_SYNC_RST
		PF_DDR3_SS_0.DDRPHY_BLK_0.LANE_1_IOD_DQ.I_IOD_3.RX_SYNC_RST
		PF_DDR3_SS_0.DDRPHY_BLK_0.LANE_1_IOD_DQ.I_IOD_4.RX_SYNC_RST
		PF_DDR3_SS_0.DDRPHY_BLK_0.LANE_1_IOD_DQ.I_IOD_5.RX_SYNC_RST
		PF_DDR3_SS_0.DDRPHY_BLK_0.LANE_1_IOD_DQ.I_IOD_6.RX_SYNC_RST
		PF_DDR3_SS_0.DDRPHY_BLK_0.LANE_1_IOD_DQ.I_IOD_7.RX_SYNC_RST
		PF_DDR3_SS_0.DDRPHY_BLK_0.LANE_1_IOD_DQS.I_IOD_0.RX_SYNC_RST
		PF_DDR3_SS_0.DDRPHY_BLK_0.LANE_1_IOD_DQSW_TRAINING.I_IOD_0.RX_SYNC_RST
		PF_DDR3_SS_0.DDRPHY_BLK_0.LANE_1_IOD_READ_TRAINING.I_IOD_0.RX_SYNC_RST
set_false_path -to [get_pins { PF_DDR3_SS_0.DDRPHY_BLK_0.LANECTRL_ADDR_CMD_0.I_LANECTRL*.HS_IO_CLK_PAUSE }]
	@N:MF891:"/sqahyd/Pramod/Github_Examples/SmartDebug_PCIe_Register_read/PCIe_Register_Read/designer/PCIe_EP_Demo/synthesis.fdc":26:0:26:0|expression "[get_pins { PF_DDR3_SS_0.DDRPHY_BLK_0.LANECTRL_ADDR_CMD_0.I_LANECTRL*.HS_IO_CLK_PAUSE }]" applies to objects:
		PF_DDR3_SS_0.DDRPHY_BLK_0.LANECTRL_ADDR_CMD_0.I_LANECTRL.HS_IO_CLK_PAUSE
		PF_DDR3_SS_0.DDRPHY_BLK_0.LANECTRL_ADDR_CMD_0.I_LANECTRL_PAUSE_SYNC.HS_IO_CLK_PAUSE
set_false_path -to [get_pins { PF_DDR3_SS_0.DDRPHY_BLK_0.LANE_*_CTRL.I_LANECTRL.HS_IO_CLK_PAUSE }]
	@N:MF891:"/sqahyd/Pramod/Github_Examples/SmartDebug_PCIe_Register_read/PCIe_Register_Read/designer/PCIe_EP_Demo/synthesis.fdc":25:0:25:0|expression "[get_pins { PF_DDR3_SS_0.DDRPHY_BLK_0.LANE_*_CTRL.I_LANECTRL.HS_IO_CLK_PAUSE }]" applies to objects:
		PF_DDR3_SS_0.DDRPHY_BLK_0.LANE_0_CTRL.I_LANECTRL.HS_IO_CLK_PAUSE
		PF_DDR3_SS_0.DDRPHY_BLK_0.LANE_1_CTRL.I_LANECTRL.HS_IO_CLK_PAUSE
set_false_path -to [get_pins { PF_DDR4_SS_0.DDRPHY_BLK_0.*.I_IOD_*.ARST_N }]
	@N:MF891:"/sqahyd/Pramod/Github_Examples/SmartDebug_PCIe_Register_read/PCIe_Register_Read/designer/PCIe_EP_Demo/synthesis.fdc":72:0:72:0|expression "[get_pins { PF_DDR4_SS_0.DDRPHY_BLK_0.*.I_IOD_*.ARST_N }]" applies to objects:
		PF_DDR4_SS_0.DDRPHY_BLK_0.IOD_ACT_N.I_IOD_0.ARST_N
		PF_DDR4_SS_0.DDRPHY_BLK_0.IOD_A_11_0.I_IOD_0.ARST_N
		PF_DDR4_SS_0.DDRPHY_BLK_0.IOD_A_11_0.I_IOD_1.ARST_N
		PF_DDR4_SS_0.DDRPHY_BLK_0.IOD_A_11_0.I_IOD_2.ARST_N
		PF_DDR4_SS_0.DDRPHY_BLK_0.IOD_A_11_0.I_IOD_3.ARST_N
		PF_DDR4_SS_0.DDRPHY_BLK_0.IOD_A_11_0.I_IOD_4.ARST_N
		PF_DDR4_SS_0.DDRPHY_BLK_0.IOD_A_11_0.I_IOD_5.ARST_N
		PF_DDR4_SS_0.DDRPHY_BLK_0.IOD_A_11_0.I_IOD_6.ARST_N
		PF_DDR4_SS_0.DDRPHY_BLK_0.IOD_A_11_0.I_IOD_7.ARST_N
		PF_DDR4_SS_0.DDRPHY_BLK_0.IOD_A_11_0.I_IOD_8.ARST_N
		PF_DDR4_SS_0.DDRPHY_BLK_0.IOD_A_11_0.I_IOD_9.ARST_N
		PF_DDR4_SS_0.DDRPHY_BLK_0.IOD_A_11_0.I_IOD_10.ARST_N
		PF_DDR4_SS_0.DDRPHY_BLK_0.IOD_A_11_0.I_IOD_11.ARST_N
		PF_DDR4_SS_0.DDRPHY_BLK_0.IOD_A_12.I_IOD_0.ARST_N
		PF_DDR4_SS_0.DDRPHY_BLK_0.IOD_A_13.I_IOD_0.ARST_N
		PF_DDR4_SS_0.DDRPHY_BLK_0.IOD_BA.I_IOD_0.ARST_N
		PF_DDR4_SS_0.DDRPHY_BLK_0.IOD_BA.I_IOD_1.ARST_N
		PF_DDR4_SS_0.DDRPHY_BLK_0.IOD_BCLK_TRAINING.I_IOD_0.ARST_N
		PF_DDR4_SS_0.DDRPHY_BLK_0.IOD_BG.I_IOD_0.ARST_N
		PF_DDR4_SS_0.DDRPHY_BLK_0.IOD_BG.I_IOD_1.ARST_N
		PF_DDR4_SS_0.DDRPHY_BLK_0.IOD_CAS_N.I_IOD_0.ARST_N
		PF_DDR4_SS_0.DDRPHY_BLK_0.IOD_CKE.I_IOD_0.ARST_N
		PF_DDR4_SS_0.DDRPHY_BLK_0.IOD_CS_N.I_IOD_0.ARST_N
		PF_DDR4_SS_0.DDRPHY_BLK_0.IOD_ODT.I_IOD_0.ARST_N
		PF_DDR4_SS_0.DDRPHY_BLK_0.IOD_RAS_N.I_IOD_0.ARST_N
		PF_DDR4_SS_0.DDRPHY_BLK_0.IOD_REF_CLK_TRAINING.I_IOD_0.ARST_N
		PF_DDR4_SS_0.DDRPHY_BLK_0.IOD_RESET_N.I_IOD_0.ARST_N
		PF_DDR4_SS_0.DDRPHY_BLK_0.IOD_WE_N.I_IOD_0.ARST_N
		PF_DDR4_SS_0.DDRPHY_BLK_0.LANE_0_IOD_DM.I_IOD_0.ARST_N
		PF_DDR4_SS_0.DDRPHY_BLK_0.LANE_0_IOD_DQ.I_IOD_0.ARST_N
		PF_DDR4_SS_0.DDRPHY_BLK_0.LANE_0_IOD_DQ.I_IOD_1.ARST_N
		PF_DDR4_SS_0.DDRPHY_BLK_0.LANE_0_IOD_DQ.I_IOD_2.ARST_N
		PF_DDR4_SS_0.DDRPHY_BLK_0.LANE_0_IOD_DQ.I_IOD_3.ARST_N
		PF_DDR4_SS_0.DDRPHY_BLK_0.LANE_0_IOD_DQ.I_IOD_4.ARST_N
		PF_DDR4_SS_0.DDRPHY_BLK_0.LANE_0_IOD_DQ.I_IOD_5.ARST_N
		PF_DDR4_SS_0.DDRPHY_BLK_0.LANE_0_IOD_DQ.I_IOD_6.ARST_N
		PF_DDR4_SS_0.DDRPHY_BLK_0.LANE_0_IOD_DQ.I_IOD_7.ARST_N
		PF_DDR4_SS_0.DDRPHY_BLK_0.LANE_0_IOD_DQS.I_IOD_0.ARST_N
		PF_DDR4_SS_0.DDRPHY_BLK_0.LANE_0_IOD_DQSW_TRAINING.I_IOD_0.ARST_N
		PF_DDR4_SS_0.DDRPHY_BLK_0.LANE_0_IOD_READ_TRAINING.I_IOD_0.ARST_N
		PF_DDR4_SS_0.DDRPHY_BLK_0.LANE_1_IOD_DM.I_IOD_0.ARST_N
		PF_DDR4_SS_0.DDRPHY_BLK_0.LANE_1_IOD_DQ.I_IOD_0.ARST_N
		PF_DDR4_SS_0.DDRPHY_BLK_0.LANE_1_IOD_DQ.I_IOD_1.ARST_N
		PF_DDR4_SS_0.DDRPHY_BLK_0.LANE_1_IOD_DQ.I_IOD_2.ARST_N
		PF_DDR4_SS_0.DDRPHY_BLK_0.LANE_1_IOD_DQ.I_IOD_3.ARST_N
		PF_DDR4_SS_0.DDRPHY_BLK_0.LANE_1_IOD_DQ.I_IOD_4.ARST_N
		PF_DDR4_SS_0.DDRPHY_BLK_0.LANE_1_IOD_DQ.I_IOD_5.ARST_N
		PF_DDR4_SS_0.DDRPHY_BLK_0.LANE_1_IOD_DQ.I_IOD_6.ARST_N
		PF_DDR4_SS_0.DDRPHY_BLK_0.LANE_1_IOD_DQ.I_IOD_7.ARST_N
		PF_DDR4_SS_0.DDRPHY_BLK_0.LANE_1_IOD_DQS.I_IOD_0.ARST_N
		PF_DDR4_SS_0.DDRPHY_BLK_0.LANE_1_IOD_DQSW_TRAINING.I_IOD_0.ARST_N
		PF_DDR4_SS_0.DDRPHY_BLK_0.LANE_1_IOD_READ_TRAINING.I_IOD_0.ARST_N
set_false_path -to [get_pins { PF_DDR4_SS_0.DDRPHY_BLK_0.*.I_IOD_*.DELAY_LINE_MOVE }]
	@N:MF891:"/sqahyd/Pramod/Github_Examples/SmartDebug_PCIe_Register_read/PCIe_Register_Read/designer/PCIe_EP_Demo/synthesis.fdc":76:0:76:0|expression "[get_pins { PF_DDR4_SS_0.DDRPHY_BLK_0.*.I_IOD_*.DELAY_LINE_MOVE }]" applies to objects:
		PF_DDR4_SS_0.DDRPHY_BLK_0.IOD_ACT_N.I_IOD_0.DELAY_LINE_MOVE
		PF_DDR4_SS_0.DDRPHY_BLK_0.IOD_A_11_0.I_IOD_0.DELAY_LINE_MOVE
		PF_DDR4_SS_0.DDRPHY_BLK_0.IOD_A_11_0.I_IOD_1.DELAY_LINE_MOVE
		PF_DDR4_SS_0.DDRPHY_BLK_0.IOD_A_11_0.I_IOD_2.DELAY_LINE_MOVE
		PF_DDR4_SS_0.DDRPHY_BLK_0.IOD_A_11_0.I_IOD_3.DELAY_LINE_MOVE
		PF_DDR4_SS_0.DDRPHY_BLK_0.IOD_A_11_0.I_IOD_4.DELAY_LINE_MOVE
		PF_DDR4_SS_0.DDRPHY_BLK_0.IOD_A_11_0.I_IOD_5.DELAY_LINE_MOVE
		PF_DDR4_SS_0.DDRPHY_BLK_0.IOD_A_11_0.I_IOD_6.DELAY_LINE_MOVE
		PF_DDR4_SS_0.DDRPHY_BLK_0.IOD_A_11_0.I_IOD_7.DELAY_LINE_MOVE
		PF_DDR4_SS_0.DDRPHY_BLK_0.IOD_A_11_0.I_IOD_8.DELAY_LINE_MOVE
		PF_DDR4_SS_0.DDRPHY_BLK_0.IOD_A_11_0.I_IOD_9.DELAY_LINE_MOVE
		PF_DDR4_SS_0.DDRPHY_BLK_0.IOD_A_11_0.I_IOD_10.DELAY_LINE_MOVE
		PF_DDR4_SS_0.DDRPHY_BLK_0.IOD_A_11_0.I_IOD_11.DELAY_LINE_MOVE
		PF_DDR4_SS_0.DDRPHY_BLK_0.IOD_A_12.I_IOD_0.DELAY_LINE_MOVE
		PF_DDR4_SS_0.DDRPHY_BLK_0.IOD_A_13.I_IOD_0.DELAY_LINE_MOVE
		PF_DDR4_SS_0.DDRPHY_BLK_0.IOD_BA.I_IOD_0.DELAY_LINE_MOVE
		PF_DDR4_SS_0.DDRPHY_BLK_0.IOD_BA.I_IOD_1.DELAY_LINE_MOVE
		PF_DDR4_SS_0.DDRPHY_BLK_0.IOD_BCLK_TRAINING.I_IOD_0.DELAY_LINE_MOVE
		PF_DDR4_SS_0.DDRPHY_BLK_0.IOD_BG.I_IOD_0.DELAY_LINE_MOVE
		PF_DDR4_SS_0.DDRPHY_BLK_0.IOD_BG.I_IOD_1.DELAY_LINE_MOVE
		PF_DDR4_SS_0.DDRPHY_BLK_0.IOD_CAS_N.I_IOD_0.DELAY_LINE_MOVE
		PF_DDR4_SS_0.DDRPHY_BLK_0.IOD_CKE.I_IOD_0.DELAY_LINE_MOVE
		PF_DDR4_SS_0.DDRPHY_BLK_0.IOD_CS_N.I_IOD_0.DELAY_LINE_MOVE
		PF_DDR4_SS_0.DDRPHY_BLK_0.IOD_ODT.I_IOD_0.DELAY_LINE_MOVE
		PF_DDR4_SS_0.DDRPHY_BLK_0.IOD_RAS_N.I_IOD_0.DELAY_LINE_MOVE
		PF_DDR4_SS_0.DDRPHY_BLK_0.IOD_REF_CLK_TRAINING.I_IOD_0.DELAY_LINE_MOVE
		PF_DDR4_SS_0.DDRPHY_BLK_0.IOD_RESET_N.I_IOD_0.DELAY_LINE_MOVE
		PF_DDR4_SS_0.DDRPHY_BLK_0.IOD_WE_N.I_IOD_0.DELAY_LINE_MOVE
		PF_DDR4_SS_0.DDRPHY_BLK_0.LANE_0_IOD_DM.I_IOD_0.DELAY_LINE_MOVE
		PF_DDR4_SS_0.DDRPHY_BLK_0.LANE_0_IOD_DQ.I_IOD_0.DELAY_LINE_MOVE
		PF_DDR4_SS_0.DDRPHY_BLK_0.LANE_0_IOD_DQ.I_IOD_1.DELAY_LINE_MOVE
		PF_DDR4_SS_0.DDRPHY_BLK_0.LANE_0_IOD_DQ.I_IOD_2.DELAY_LINE_MOVE
		PF_DDR4_SS_0.DDRPHY_BLK_0.LANE_0_IOD_DQ.I_IOD_3.DELAY_LINE_MOVE
		PF_DDR4_SS_0.DDRPHY_BLK_0.LANE_0_IOD_DQ.I_IOD_4.DELAY_LINE_MOVE
		PF_DDR4_SS_0.DDRPHY_BLK_0.LANE_0_IOD_DQ.I_IOD_5.DELAY_LINE_MOVE
		PF_DDR4_SS_0.DDRPHY_BLK_0.LANE_0_IOD_DQ.I_IOD_6.DELAY_LINE_MOVE
		PF_DDR4_SS_0.DDRPHY_BLK_0.LANE_0_IOD_DQ.I_IOD_7.DELAY_LINE_MOVE
		PF_DDR4_SS_0.DDRPHY_BLK_0.LANE_0_IOD_DQS.I_IOD_0.DELAY_LINE_MOVE
		PF_DDR4_SS_0.DDRPHY_BLK_0.LANE_0_IOD_DQSW_TRAINING.I_IOD_0.DELAY_LINE_MOVE
		PF_DDR4_SS_0.DDRPHY_BLK_0.LANE_0_IOD_READ_TRAINING.I_IOD_0.DELAY_LINE_MOVE
		PF_DDR4_SS_0.DDRPHY_BLK_0.LANE_1_IOD_DM.I_IOD_0.DELAY_LINE_MOVE
		PF_DDR4_SS_0.DDRPHY_BLK_0.LANE_1_IOD_DQ.I_IOD_0.DELAY_LINE_MOVE
		PF_DDR4_SS_0.DDRPHY_BLK_0.LANE_1_IOD_DQ.I_IOD_1.DELAY_LINE_MOVE
		PF_DDR4_SS_0.DDRPHY_BLK_0.LANE_1_IOD_DQ.I_IOD_2.DELAY_LINE_MOVE
		PF_DDR4_SS_0.DDRPHY_BLK_0.LANE_1_IOD_DQ.I_IOD_3.DELAY_LINE_MOVE
		PF_DDR4_SS_0.DDRPHY_BLK_0.LANE_1_IOD_DQ.I_IOD_4.DELAY_LINE_MOVE
		PF_DDR4_SS_0.DDRPHY_BLK_0.LANE_1_IOD_DQ.I_IOD_5.DELAY_LINE_MOVE
		PF_DDR4_SS_0.DDRPHY_BLK_0.LANE_1_IOD_DQ.I_IOD_6.DELAY_LINE_MOVE
		PF_DDR4_SS_0.DDRPHY_BLK_0.LANE_1_IOD_DQ.I_IOD_7.DELAY_LINE_MOVE
		PF_DDR4_SS_0.DDRPHY_BLK_0.LANE_1_IOD_DQS.I_IOD_0.DELAY_LINE_MOVE
		PF_DDR4_SS_0.DDRPHY_BLK_0.LANE_1_IOD_DQSW_TRAINING.I_IOD_0.DELAY_LINE_MOVE
		PF_DDR4_SS_0.DDRPHY_BLK_0.LANE_1_IOD_READ_TRAINING.I_IOD_0.DELAY_LINE_MOVE
set_false_path -to [get_pins { PF_DDR4_SS_0.DDRPHY_BLK_0.*.I_IOD_*.RX_SYNC_RST* }]
	@N:MF891:"/sqahyd/Pramod/Github_Examples/SmartDebug_PCIe_Register_read/PCIe_Register_Read/designer/PCIe_EP_Demo/synthesis.fdc":75:0:75:0|expression "[get_pins { PF_DDR4_SS_0.DDRPHY_BLK_0.*.I_IOD_*.RX_SYNC_RST* }]" applies to objects:
		PF_DDR4_SS_0.DDRPHY_BLK_0.IOD_ACT_N.I_IOD_0.RX_SYNC_RST
		PF_DDR4_SS_0.DDRPHY_BLK_0.IOD_A_11_0.I_IOD_0.RX_SYNC_RST
		PF_DDR4_SS_0.DDRPHY_BLK_0.IOD_A_11_0.I_IOD_1.RX_SYNC_RST
		PF_DDR4_SS_0.DDRPHY_BLK_0.IOD_A_11_0.I_IOD_2.RX_SYNC_RST
		PF_DDR4_SS_0.DDRPHY_BLK_0.IOD_A_11_0.I_IOD_3.RX_SYNC_RST
		PF_DDR4_SS_0.DDRPHY_BLK_0.IOD_A_11_0.I_IOD_4.RX_SYNC_RST
		PF_DDR4_SS_0.DDRPHY_BLK_0.IOD_A_11_0.I_IOD_5.RX_SYNC_RST
		PF_DDR4_SS_0.DDRPHY_BLK_0.IOD_A_11_0.I_IOD_6.RX_SYNC_RST
		PF_DDR4_SS_0.DDRPHY_BLK_0.IOD_A_11_0.I_IOD_7.RX_SYNC_RST
		PF_DDR4_SS_0.DDRPHY_BLK_0.IOD_A_11_0.I_IOD_8.RX_SYNC_RST
		PF_DDR4_SS_0.DDRPHY_BLK_0.IOD_A_11_0.I_IOD_9.RX_SYNC_RST
		PF_DDR4_SS_0.DDRPHY_BLK_0.IOD_A_11_0.I_IOD_10.RX_SYNC_RST
		PF_DDR4_SS_0.DDRPHY_BLK_0.IOD_A_11_0.I_IOD_11.RX_SYNC_RST
		PF_DDR4_SS_0.DDRPHY_BLK_0.IOD_A_12.I_IOD_0.RX_SYNC_RST
		PF_DDR4_SS_0.DDRPHY_BLK_0.IOD_A_13.I_IOD_0.RX_SYNC_RST
		PF_DDR4_SS_0.DDRPHY_BLK_0.IOD_BA.I_IOD_0.RX_SYNC_RST
		PF_DDR4_SS_0.DDRPHY_BLK_0.IOD_BA.I_IOD_1.RX_SYNC_RST
		PF_DDR4_SS_0.DDRPHY_BLK_0.IOD_BCLK_TRAINING.I_IOD_0.RX_SYNC_RST
		PF_DDR4_SS_0.DDRPHY_BLK_0.IOD_BG.I_IOD_0.RX_SYNC_RST
		PF_DDR4_SS_0.DDRPHY_BLK_0.IOD_BG.I_IOD_1.RX_SYNC_RST
		PF_DDR4_SS_0.DDRPHY_BLK_0.IOD_CAS_N.I_IOD_0.RX_SYNC_RST
		PF_DDR4_SS_0.DDRPHY_BLK_0.IOD_CKE.I_IOD_0.RX_SYNC_RST
		PF_DDR4_SS_0.DDRPHY_BLK_0.IOD_CS_N.I_IOD_0.RX_SYNC_RST
		PF_DDR4_SS_0.DDRPHY_BLK_0.IOD_ODT.I_IOD_0.RX_SYNC_RST
		PF_DDR4_SS_0.DDRPHY_BLK_0.IOD_RAS_N.I_IOD_0.RX_SYNC_RST
		PF_DDR4_SS_0.DDRPHY_BLK_0.IOD_REF_CLK_TRAINING.I_IOD_0.RX_SYNC_RST
		PF_DDR4_SS_0.DDRPHY_BLK_0.IOD_RESET_N.I_IOD_0.RX_SYNC_RST
		PF_DDR4_SS_0.DDRPHY_BLK_0.IOD_WE_N.I_IOD_0.RX_SYNC_RST
		PF_DDR4_SS_0.DDRPHY_BLK_0.LANE_0_IOD_DM.I_IOD_0.RX_SYNC_RST
		PF_DDR4_SS_0.DDRPHY_BLK_0.LANE_0_IOD_DQ.I_IOD_0.RX_SYNC_RST
		PF_DDR4_SS_0.DDRPHY_BLK_0.LANE_0_IOD_DQ.I_IOD_1.RX_SYNC_RST
		PF_DDR4_SS_0.DDRPHY_BLK_0.LANE_0_IOD_DQ.I_IOD_2.RX_SYNC_RST
		PF_DDR4_SS_0.DDRPHY_BLK_0.LANE_0_IOD_DQ.I_IOD_3.RX_SYNC_RST
		PF_DDR4_SS_0.DDRPHY_BLK_0.LANE_0_IOD_DQ.I_IOD_4.RX_SYNC_RST
		PF_DDR4_SS_0.DDRPHY_BLK_0.LANE_0_IOD_DQ.I_IOD_5.RX_SYNC_RST
		PF_DDR4_SS_0.DDRPHY_BLK_0.LANE_0_IOD_DQ.I_IOD_6.RX_SYNC_RST
		PF_DDR4_SS_0.DDRPHY_BLK_0.LANE_0_IOD_DQ.I_IOD_7.RX_SYNC_RST
		PF_DDR4_SS_0.DDRPHY_BLK_0.LANE_0_IOD_DQS.I_IOD_0.RX_SYNC_RST
		PF_DDR4_SS_0.DDRPHY_BLK_0.LANE_0_IOD_DQSW_TRAINING.I_IOD_0.RX_SYNC_RST
		PF_DDR4_SS_0.DDRPHY_BLK_0.LANE_0_IOD_READ_TRAINING.I_IOD_0.RX_SYNC_RST
		PF_DDR4_SS_0.DDRPHY_BLK_0.LANE_1_IOD_DM.I_IOD_0.RX_SYNC_RST
		PF_DDR4_SS_0.DDRPHY_BLK_0.LANE_1_IOD_DQ.I_IOD_0.RX_SYNC_RST
		PF_DDR4_SS_0.DDRPHY_BLK_0.LANE_1_IOD_DQ.I_IOD_1.RX_SYNC_RST
		PF_DDR4_SS_0.DDRPHY_BLK_0.LANE_1_IOD_DQ.I_IOD_2.RX_SYNC_RST
		PF_DDR4_SS_0.DDRPHY_BLK_0.LANE_1_IOD_DQ.I_IOD_3.RX_SYNC_RST
		PF_DDR4_SS_0.DDRPHY_BLK_0.LANE_1_IOD_DQ.I_IOD_4.RX_SYNC_RST
		PF_DDR4_SS_0.DDRPHY_BLK_0.LANE_1_IOD_DQ.I_IOD_5.RX_SYNC_RST
		PF_DDR4_SS_0.DDRPHY_BLK_0.LANE_1_IOD_DQ.I_IOD_6.RX_SYNC_RST
		PF_DDR4_SS_0.DDRPHY_BLK_0.LANE_1_IOD_DQ.I_IOD_7.RX_SYNC_RST
		PF_DDR4_SS_0.DDRPHY_BLK_0.LANE_1_IOD_DQS.I_IOD_0.RX_SYNC_RST
		PF_DDR4_SS_0.DDRPHY_BLK_0.LANE_1_IOD_DQSW_TRAINING.I_IOD_0.RX_SYNC_RST
		PF_DDR4_SS_0.DDRPHY_BLK_0.LANE_1_IOD_READ_TRAINING.I_IOD_0.RX_SYNC_RST
set_false_path -to [get_pins { PF_DDR4_SS_0.DDRPHY_BLK_0.LANECTRL_ADDR_CMD_0.I_LANECTRL*.HS_IO_CLK_PAUSE }]
	@N:MF891:"/sqahyd/Pramod/Github_Examples/SmartDebug_PCIe_Register_read/PCIe_Register_Read/designer/PCIe_EP_Demo/synthesis.fdc":74:0:74:0|expression "[get_pins { PF_DDR4_SS_0.DDRPHY_BLK_0.LANECTRL_ADDR_CMD_0.I_LANECTRL*.HS_IO_CLK_PAUSE }]" applies to objects:
		PF_DDR4_SS_0.DDRPHY_BLK_0.LANECTRL_ADDR_CMD_0.I_LANECTRL.HS_IO_CLK_PAUSE
		PF_DDR4_SS_0.DDRPHY_BLK_0.LANECTRL_ADDR_CMD_0.I_LANECTRL_PAUSE_SYNC.HS_IO_CLK_PAUSE
set_false_path -to [get_pins { PF_DDR4_SS_0.DDRPHY_BLK_0.LANE_*_CTRL.I_LANECTRL.HS_IO_CLK_PAUSE }]
	@N:MF891:"/sqahyd/Pramod/Github_Examples/SmartDebug_PCIe_Register_read/PCIe_Register_Read/designer/PCIe_EP_Demo/synthesis.fdc":73:0:73:0|expression "[get_pins { PF_DDR4_SS_0.DDRPHY_BLK_0.LANE_*_CTRL.I_LANECTRL.HS_IO_CLK_PAUSE }]" applies to objects:
		PF_DDR4_SS_0.DDRPHY_BLK_0.LANE_0_CTRL.I_LANECTRL.HS_IO_CLK_PAUSE
		PF_DDR4_SS_0.DDRPHY_BLK_0.LANE_1_CTRL.I_LANECTRL.HS_IO_CLK_PAUSE

Library Report
**************


# End of Constraint Checker Report
