Compile Report
Microsemi Corporation - Microsemi Libero Software Release 2022.1 (Version 2022.1.0.1)
Date: Mon May 16 17:06:49 2022

Device Selection
+--------------------------------------------+-------------+
| Family                                     | PolarFire   |
| Device                                     | MPF300T     |
| Package                                    | FCG1152     |
| Speed Grade                                | -1          |
| Core Voltage                               | 1.0V        |
| Part Range                                 | EXT         |
| Default I/O technology                     | LVCMOS 1.8V |
| FPGA Hardware Breakpoint Auto Instantation | Off         |
+--------------------------------------------+-------------+

Source Files
+---------+-----------------------------------------------------------------------------+
| Topcell | top                                                                         |
| Format  | Verilog                                                                     |
| Source  | Z:\Pramod\Github_Examples\SmartDebug_XCVR\XCVR_Single_Lane\synthesis\top.vm |
+---------+-----------------------------------------------------------------------------+

Options
+----------------------------------------------------+----+
| Limit the number of high fanout nets to display to | 10 |
+----------------------------------------------------+----+

Resource Usage
+---------------------------+------+--------+------------+
| Type                      | Used | Total  | Percentage |
+---------------------------+------+--------+------------+
| 4LUT                      | 2608 | 299544 | 0.87       |
| DFF                       | 1082 | 299544 | 0.36       |
| I/O Register              | 0    | 1536   | 0.00       |
| User I/O                  | 1    | 512    | 0.20       |
| -- Single-ended I/O       | 1    | 512    | 0.20       |
| -- Differential I/O Pairs | 0    | 256    | 0.00       |
| uSRAM                     | 0    | 2772   | 0.00       |
| LSRAM                     | 0    | 952    | 0.00       |
| Math                      | 0    | 924    | 0.00       |
| H-Chip Global             | 1    | 48     | 2.08       |
| Local Global              | 2    | 1008   | 0.20       |
| PLL                       | 0    | 8      | 0.00       |
| DLL                       | 0    | 8      | 0.00       |
| Transceiver Lanes         | 1    | 16     | 6.25       |
| Transceiver PCIe          | 0    | 2      | 0.00       |
| TX_PLL                    | 1    | 11     | 9.09       |
| XCVR_REF_CLK              | 1    | 11     | 9.09       |
+---------------------------+------+--------+------------+

Detailed Logic Resource Usage
+-----------------------+------+------+
| Type                  | 4LUT | DFF  |
+-----------------------+------+------+
| Fabric Logic          | 2608 | 1082 |
| uSRAM Interface Logic | 0    | 0    |
| LSRAM Interface Logic | 0    | 0    |
| Math Interface Logic  | 0    | 0    |
| Total Used            | 2608 | 1082 |
+-----------------------+------+------+

Detailed Carry Chains Resource Usage
+--------+------+
| Length | Used |
| 7      | 2    |
| 33     | 1    |
| Total  | 3    |
+--------+------+

Detailed 4LUT Groups Resource Usage
+--------+------+
| Length | Used |
| 2      | 41   |
| Total  | 41   |
+--------+------+

I/O Function
+-------------------------------+--------------+-------------+-----------------+
| Type                          | w/o register | w/ register | w/ DDR register |
+-------------------------------+--------------+-------------+-----------------+
| Input I/O                     | 1            | 0           | 0               |
| Output I/O                    | 0            | 0           | 0               |
| Bidirectional I/O             | 0            | 0           | 0               |
| Differential Input I/O Pairs  | 0            | 0           | 0               |
| Differential Output I/O Pairs | 0            | 0           | 0               |
+-------------------------------+--------------+-------------+-----------------+

Nets assigned to chip global resources
+--------+---------+--------------------------+
| Fanout | Type    | Name                     |
+--------+---------+--------------------------+
| 1081   | INT_NET | Net   : SYS_RESET_N_arst |
|        |         | Driver: I_1/U0_RGB1      |
|        |         | Source: NETLIST          |
+--------+---------+--------------------------+

Nets assigned to row global resources
+--------+---------+-------------------------------------------------------+
| Fanout | Type    | Name                                                  |
+--------+---------+-------------------------------------------------------+
| 822    | INT_NET | Net   : SmartBert_Core_0_0/PF_XCVR_0_LANE0_RX_CLK_R   |
|        |         | Driver: SmartBert_Core_0_0/PF_XCVR_0/LANE0_RX_rclkint |
|        |         | Source: NETLIST                                       |
| 140    | INT_NET | Net   : SmartBert_Core_0_0/PF_XCVR_0_LANE0_TX_CLK_R   |
|        |         | Driver: SmartBert_Core_0_0/PF_XCVR_0/LANE0_TX_rclkint |
|        |         | Source: NETLIST                                       |
+--------+---------+-------------------------------------------------------+

High fanout nets
+--------+---------+----------------------------------------------------------------------------+
| Fanout | Type    | Name                                                                       |
+--------+---------+----------------------------------------------------------------------------+
| 470    | INT_NET | Net   : SmartBert_Core_0_0/SB_GEN_CHKR_0/SB_PRBS_CHKR_0/N_505_i            |
|        |         | Driver: SmartBert_Core_0_0/SB_GEN_CHKR_0/SB_PRBS_CHKR_0/un1_PRBS_SEL_2_0_0 |
| 334    | INT_NET | Net   : SmartBert_Core_0_0/SB_GEN_CHKR_0/SB_PRBS_CHKR_0/un1_prbs78_i       |
|        |         | Driver: SmartBert_Core_0_0/SB_GEN_CHKR_0/SB_PRBS_CHKR_0/un1_prbs78         |
| 161    | INT_NET | Net   : SmartBert_Core_0_0/SB_VER_GEN_0_LANE0_TX_PRBS_SEL[1]               |
|        |         | Driver: SmartBert_Core_0_0/SB_VER_GEN_0/LANE0_TX_PRBS_SEL[1]               |
| 155    | INT_NET | Net   : SmartBert_Core_0_0/SB_GEN_CHKR_0/SB_PRBS_CHKR_0/rx_align_pos_Z[2]  |
|        |         | Driver: SmartBert_Core_0_0/SB_GEN_CHKR_0/SB_PRBS_CHKR_0/rx_align_pos[2]    |
| 151    | INT_NET | Net   : SmartBert_Core_0_0/SB_GEN_CHKR_0/SB_PRBS_CHKR_0/rx_align_pos_Z[3]  |
|        |         | Driver: SmartBert_Core_0_0/SB_GEN_CHKR_0/SB_PRBS_CHKR_0/rx_align_pos[3]    |
| 146    | INT_NET | Net   : SmartBert_Core_0_0/SB_GEN_CHKR_0/SB_PRBS_CHKR_0/rx_align_pos_Z[0]  |
|        |         | Driver: SmartBert_Core_0_0/SB_GEN_CHKR_0/SB_PRBS_CHKR_0/rx_align_pos[0]    |
| 145    | INT_NET | Net   : SmartBert_Core_0_0/SB_GEN_CHKR_0/SB_PRBS_CHKR_0/rx_align_pos_Z[1]  |
|        |         | Driver: SmartBert_Core_0_0/SB_GEN_CHKR_0/SB_PRBS_CHKR_0/rx_align_pos[1]    |
| 134    | INT_NET | Net   : CFG0_GND_INST_NET                                                  |
|        |         | Driver: CFG0_GND_INST                                                      |
| 129    | INT_NET | Net   : SmartBert_Core_0_0/SB_GEN_CHKR_0/SB_PRBS_CHKR_0/rx_align_pos_Z[5]  |
|        |         | Driver: SmartBert_Core_0_0/SB_GEN_CHKR_0/SB_PRBS_CHKR_0/rx_align_pos[5]    |
| 99     | INT_NET | Net   : SmartBert_Core_0_0/SB_GEN_CHKR_0/SB_PRBS_CHKR_0/rx_align_pos_Z[4]  |
|        |         | Driver: SmartBert_Core_0_0/SB_GEN_CHKR_0/SB_PRBS_CHKR_0/rx_align_pos[4]    |
+--------+---------+----------------------------------------------------------------------------+

High fanout nets (through buffer trees)
+--------+---------+----------------------------------------------------------------------------+
| Fanout | Type    | Name                                                                       |
+--------+---------+----------------------------------------------------------------------------+
| 470    | INT_NET | Net   : SmartBert_Core_0_0/SB_GEN_CHKR_0/SB_PRBS_CHKR_0/N_505_i            |
|        |         | Driver: SmartBert_Core_0_0/SB_GEN_CHKR_0/SB_PRBS_CHKR_0/un1_PRBS_SEL_2_0_0 |
| 334    | INT_NET | Net   : SmartBert_Core_0_0/SB_GEN_CHKR_0/SB_PRBS_CHKR_0/un1_prbs78_i       |
|        |         | Driver: SmartBert_Core_0_0/SB_GEN_CHKR_0/SB_PRBS_CHKR_0/un1_prbs78         |
| 161    | INT_NET | Net   : SmartBert_Core_0_0/SB_VER_GEN_0_LANE0_TX_PRBS_SEL[1]               |
|        |         | Driver: SmartBert_Core_0_0/SB_VER_GEN_0/LANE0_TX_PRBS_SEL[1]               |
| 155    | INT_NET | Net   : SmartBert_Core_0_0/SB_GEN_CHKR_0/SB_PRBS_CHKR_0/rx_align_pos_Z[2]  |
|        |         | Driver: SmartBert_Core_0_0/SB_GEN_CHKR_0/SB_PRBS_CHKR_0/rx_align_pos[2]    |
| 151    | INT_NET | Net   : SmartBert_Core_0_0/SB_GEN_CHKR_0/SB_PRBS_CHKR_0/rx_align_pos_Z[3]  |
|        |         | Driver: SmartBert_Core_0_0/SB_GEN_CHKR_0/SB_PRBS_CHKR_0/rx_align_pos[3]    |
| 146    | INT_NET | Net   : SmartBert_Core_0_0/SB_GEN_CHKR_0/SB_PRBS_CHKR_0/rx_align_pos_Z[0]  |
|        |         | Driver: SmartBert_Core_0_0/SB_GEN_CHKR_0/SB_PRBS_CHKR_0/rx_align_pos[0]    |
| 145    | INT_NET | Net   : SmartBert_Core_0_0/SB_GEN_CHKR_0/SB_PRBS_CHKR_0/rx_align_pos_Z[1]  |
|        |         | Driver: SmartBert_Core_0_0/SB_GEN_CHKR_0/SB_PRBS_CHKR_0/rx_align_pos[1]    |
| 134    | INT_NET | Net   : CFG0_GND_INST_NET                                                  |
|        |         | Driver: CFG0_GND_INST                                                      |
| 129    | INT_NET | Net   : SmartBert_Core_0_0/SB_GEN_CHKR_0/SB_PRBS_CHKR_0/rx_align_pos_Z[5]  |
|        |         | Driver: SmartBert_Core_0_0/SB_GEN_CHKR_0/SB_PRBS_CHKR_0/rx_align_pos[5]    |
| 99     | INT_NET | Net   : SmartBert_Core_0_0/SB_GEN_CHKR_0/SB_PRBS_CHKR_0/rx_align_pos_Z[4]  |
|        |         | Driver: SmartBert_Core_0_0/SB_GEN_CHKR_0/SB_PRBS_CHKR_0/rx_align_pos[4]    |
+--------+---------+----------------------------------------------------------------------------+

