----------------------------------------------------------------
-Pin Report - Date: Mon May 16 17:19:47 2022 Pinchecksum: NOT-AVAILABLE
-Product: Designer
-Release: 2022.1
-Version: 2022.1.0.1
-Design Name: top
-Family: PolarFire
-Die: MPF300T
-Package: FCG1152
-----------------------------------------------------------------

Port          |Pin  |Fixed |Function         |Bank     |I/O Std   |Direction    |Used I/O Reg       |User I/O Lock Down |Clamp Diode   |Resistor Pull                     |Use I/O Calibration from the lane |Schmitt Trigger |Vcm Input Range    |On Die Termination |Odt Value (Ohm) |Input Delay |Slew              |Output Drive (mA) |Impedance (ohm)  |Output Load (pF)         |Source Termination (Ohm) |Output Delay |
--------------|-----|------|-----------------|---------|----------|-------------|-------------------|-------------------|--------------|----------------------------------|----------------------------------|----------------|-------------------|-------------------|----------------|------------|------------------|------------------|-----------------|-------------------------|-------------------------|-------------|
LANE0_RXD_N    AC32  Fixed  XCVR_2_RX0_N      ---       
LANE0_RXD_P    AC31  Fixed  XCVR_2_RX0_P      ---       
LANE0_TXD_N    AD34  Fixed  XCVR_2_TX0_N      ---       
LANE0_TXD_P    AD33  Fixed  XCVR_2_TX0_P      ---       
REF_CLK_PAD_N  AC28  Fixed  XCVR_2C_REFCLK_N  ---       
REF_CLK_PAD_P  AC27  Fixed  XCVR_2C_REFCLK_P  ---       
SYS_RESET_N    K22   Yes    HSIO55PB6         Bank6     LVCMOS18   Input         None                No                  ON             Up                                 No                                 OFF              ---                 OFF                 120              OFF          ---                ---                ---               ---                       ---                       ---           
