----------------------------------------------------------------
-Pin Report - Date: Tue Dec 29 11:57:20 2020 Pinchecksum: NOT-AVAILABLE
-Product: Designer
-Release: v2021.10
-Version: 2021.10.1.1
-Design Name: IOG_IOD_DDRX4_COMP
-Family: PolarFire
-Die: MPF300T
-Package: FCG1152
-----------------------------------------------------------------

Port                       |Pin  |Fixed |Function                               |Bank     |I/O Std   |Direction    |Used I/O Reg       |User I/O Lock Down |Clamp Diode   |Resistor Pull                     |Use I/O Calibration from the lane |Schmitt Trigger |Vcm Input Range    |On Die Termination |Odt Value (Ohm) |Input Delay |Slew              |Output Drive (mA) |Impedance (ohm)  |Output Load (pF)         |Source Termination (Ohm) |Output Delay |
---------------------------|-----|------|---------------------------------------|---------|----------|-------------|-------------------|-------------------|--------------|----------------------------------|----------------------------------|----------------|-------------------|-------------------|----------------|------------|------------------|------------------|-----------------|-------------------------|-------------------------|-------------|
Algn_Done                   L25   Yes    HSIO58PB6                               Bank6     LVCMOS18   Output        None                No                  ON             None                               No                                 ---              ---                 ---                 120              ---          OFF                8                  ---               5                         ---                       OFF           
Algn_Err                    L24   Yes    HSIO58NB6                               Bank6     LVCMOS18   Output        None                No                  ON             None                               No                                 ---              ---                 ---                 120              ---          OFF                8                  ---               5                         ---                       OFF           
BIT_ALGN_DONE               L19   No     GPIO34PB2                               Bank2     LVCMOS18   Output        None                No                  ON             None                               No                                 ---              ---                 ---                 120              ---          OFF                8                  ---               5                         ---                       OFF           
BIT_ALGN_DONE_0             AE8   Yes    HSIO156PB0                              Bank0     LVCMOS18   Output        None                No                  ON             None                               No                                 ---              ---                 ---                 120              ---          OFF                8                  ---               5                         ---                       OFF           
BIT_ALGN_ERR                AF9   Yes    HSIO158PB0                              Bank0     LVCMOS18   Output        None                No                  ON             None                               No                                 ---              ---                 ---                 120              ---          OFF                8                  ---               5                         ---                       OFF           
BIT_ALGN_ERR_0              K18   No     GPIO35PB2/CCC_SE_CLKIN_S_11             Bank2     LVCMOS18   Output        None                No                  ON             None                               No                                 ---              ---                 ---                 120              ---          OFF                8                  ---               5                         ---                       OFF           
BIT_ALGN_EYE_IN[0]          N4    Yes    GPIO224PB5                              Bank5     LVCMOS18   Input         None                No                  ON             Up                                 No                                 OFF              ---                 OFF                 120              OFF          ---                ---                ---               ---                       ---                       ---           
BIT_ALGN_EYE_IN[1]          N3    Yes    GPIO224NB5                              Bank5     LVCMOS18   Input         None                No                  ON             Up                                 No                                 OFF              ---                 OFF                 120              OFF          ---                ---                ---               ---                       ---                       ---           
BIT_ALGN_EYE_IN[2]          L4    Yes    GPIO225PB5                              Bank5     LVCMOS18   Input         None                No                  ON             Up                                 No                                 OFF              ---                 OFF                 120              OFF          ---                ---                ---               ---                       ---                       ---           
BIT_ALGN_OOR                D21   No     HSIO48NB6                               Bank6     LVCMOS18   Output        None                No                  ON             None                               No                                 ---              ---                 ---                 120              ---          OFF                8                  ---               5                         ---                       OFF           
BIT_ALGN_OOR_0              AF8   Yes    HSIO156NB0                              Bank0     LVCMOS18   Output        None                No                  ON             None                               No                                 ---              ---                 ---                 120              ---          OFF                8                  ---               5                         ---                       OFF           
BIT_ALGN_START              J25   Yes    HSIO59PB6                               Bank6     LVCMOS18   Output        None                No                  ON             None                               No                                 ---              ---                 ---                 120              ---          OFF                8                  ---               5                         ---                       OFF           
BIT_ALGN_START_0            AE7   Yes    HSIO157PB0                              Bank0     LVCMOS18   Output        None                No                  ON             None                               No                                 ---              ---                 ---                 120              ---          OFF                8                  ---               5                         ---                       OFF           
BIT_ALGN_START_1            B22   No     HSIO50NB6/DQS                           Bank6     LVCMOS18   Output        None                No                  ON             None                               No                                 ---              ---                 ---                 120              ---          OFF                8                  ---               5                         ---                       OFF           
CLK_TRAIN_ERROR             C19   No     HSIO45NB6                               Bank6     LVCMOS18   Output        None                No                  ON             None                               No                                 ---              ---                 ---                 120              ---          OFF                8                  ---               5                         ---                       OFF           
DEM_BIT_ALGN_TAPDLY[0]      J16   No     GPIO31PB2                               Bank2     LVCMOS18   Output        None                No                  ON             None                               No                                 ---              ---                 ---                 120              ---          OFF                8                  ---               5                         ---                       OFF           
DEM_BIT_ALGN_TAPDLY[1]      A9    No     GPIO25NB2                               Bank2     LVCMOS18   Output        None                No                  ON             None                               No                                 ---              ---                 ---                 120              ---          OFF                8                  ---               5                         ---                       OFF           
DEM_BIT_ALGN_TAPDLY[2]      H17   No     GPIO32NB2/DQS                           Bank2     LVCMOS18   Output        None                No                  ON             None                               No                                 ---              ---                 ---                 120              ---          OFF                8                  ---               5                         ---                       OFF           
DEM_BIT_ALGN_TAPDLY[3]      E13   No     GPIO22NB2                               Bank2     LVCMOS18   Output        None                No                  ON             None                               No                                 ---              ---                 ---                 120              ---          OFF                8                  ---               5                         ---                       OFF           
DEM_BIT_ALGN_TAPDLY[4]      B10   No     GPIO28PB2                               Bank2     LVCMOS18   Output        None                No                  ON             None                               No                                 ---              ---                 ---                 120              ---          OFF                8                  ---               5                         ---                       OFF           
DEM_BIT_ALGN_TAPDLY[5]      K17   No     GPIO35NB2                               Bank2     LVCMOS18   Output        None                No                  ON             None                               No                                 ---              ---                 ---                 120              ---          OFF                8                  ---               5                         ---                       OFF           
DEM_BIT_ALGN_TAPDLY[6]      F13   No     GPIO22PB2                               Bank2     LVCMOS18   Output        None                No                  ON             None                               No                                 ---              ---                 ---                 120              ---          OFF                8                  ---               5                         ---                       OFF           
DEM_BIT_ALGN_TAPDLY[7]      J18   No     GPIO33PB2/CCC_SE_CLKIN_S_10             Bank2     LVCMOS18   Output        None                No                  ON             None                               No                                 ---              ---                 ---                 120              ---          OFF                8                  ---               5                         ---                       OFF           
DEM_BIT_ALGN_TAPDLY_0[0]    L20   No     HSIO40NB6                               Bank6     LVCMOS18   Output        None                No                  ON             None                               No                                 ---              ---                 ---                 120              ---          OFF                8                  ---               5                         ---                       OFF           
DEM_BIT_ALGN_TAPDLY_0[1]    D20   No     HSIO42NB6                               Bank6     LVCMOS18   Output        None                No                  ON             None                               No                                 ---              ---                 ---                 120              ---          OFF                8                  ---               5                         ---                       OFF           
DEM_BIT_ALGN_TAPDLY_0[2]    B19   No     HSIO46PB6                               Bank6     LVCMOS18   Output        None                No                  ON             None                               No                                 ---              ---                 ---                 120              ---          OFF                8                  ---               5                         ---                       OFF           
DEM_BIT_ALGN_TAPDLY_0[3]    B17   No     HSIO43NB6                               Bank6     LVCMOS18   Output        None                No                  ON             None                               No                                 ---              ---                 ---                 120              ---          OFF                8                  ---               5                         ---                       OFF           
DEM_BIT_ALGN_TAPDLY_0[4]    C17   No     HSIO43PB6                               Bank6     LVCMOS18   Output        None                No                  ON             None                               No                                 ---              ---                 ---                 120              ---          OFF                8                  ---               5                         ---                       OFF           
DEM_BIT_ALGN_TAPDLY_0[5]    D19   No     HSIO42PB6                               Bank6     LVCMOS18   Output        None                No                  ON             None                               No                                 ---              ---                 ---                 120              ---          OFF                8                  ---               5                         ---                       OFF           
DEM_BIT_ALGN_TAPDLY_0[6]    G20   No     HSIO41PB6                               Bank6     LVCMOS18   Output        None                No                  ON             None                               No                                 ---              ---                 ---                 120              ---          OFF                8                  ---               5                         ---                       OFF           
DEM_BIT_ALGN_TAPDLY_0[7]    A20   No     HSIO47NB6                               Bank6     LVCMOS18   Output        None                No                  ON             None                               No                                 ---              ---                 ---                 120              ---          OFF                8                  ---               5                         ---                       OFF           
PLL_LOCK                    E23   No     HSIO51NB6                               Bank6     LVCMOS18   Output        None                No                  ON             None                               No                                 ---              ---                 ---                 120              ---          OFF                8                  ---               5                         ---                       OFF           
PLL_LOCK_0                  C1    No     GPIO250PB2                              Bank2     LVCMOS18   Output        None                No                  ON             None                               No                                 ---              ---                 ---                 120              ---          OFF                8                  ---               5                         ---                       OFF           
prbs_chk_error_o_1          C22   No     HSIO50PB6/DQS                           Bank6     LVCMOS18   Output        None                No                  ON             None                               No                                 ---              ---                 ---                 120              ---          OFF                8                  ---               5                         ---                       OFF           
PRBS_ERR                    AF7   Yes    HSIO157NB0                              Bank0     LVCMOS18   Output        None                No                  ON             None                               No                                 ---              ---                 ---                 120              ---          OFF                8                  ---               5                         ---                       OFF           
PRBS_ERR_0                  K25   Yes    HSIO59NB6                               Bank6     LVCMOS18   Output        None                No                  ON             None                               No                                 ---              ---                 ---                 120              ---          OFF                8                  ---               5                         ---                       OFF           
RESTARTN                    AH1   Yes    HSIO166PB0                              Bank0     LVCMOS18   Input         None                No                  ON             Up                                 No                                 OFF              ---                 OFF                 120              OFF          ---                ---                ---               ---                       ---                       ---           
RX_BIT_ALIGN_LEFT_WIN[0]    D9    No     GPIO24PB2                               Bank2     LVCMOS18   Output        None                No                  ON             None                               No                                 ---              ---                 ---                 120              ---          OFF                8                  ---               5                         ---                       OFF           
RX_BIT_ALIGN_LEFT_WIN[1]    L17   No     GPIO30PB2                               Bank2     LVCMOS18   Output        None                No                  ON             None                               No                                 ---              ---                 ---                 120              ---          OFF                8                  ---               5                         ---                       OFF           
RX_BIT_ALIGN_LEFT_WIN[2]    C11   No     GPIO29PB2/CLKIN_S_9/CCC_SE_CLKIN_S_9    Bank2     LVCMOS18   Output        None                No                  ON             None                               No                                 ---              ---                 ---                 120              ---          OFF                8                  ---               5                         ---                       OFF           
RX_BIT_ALIGN_LEFT_WIN[3]    D11   No     GPIO26NB2/DQS                           Bank2     LVCMOS18   Output        None                No                  ON             None                               No                                 ---              ---                 ---                 120              ---          OFF                8                  ---               5                         ---                       OFF           
RX_BIT_ALIGN_LEFT_WIN[4]    E12   No     GPIO23NB2                               Bank2     LVCMOS18   Output        None                No                  ON             None                               No                                 ---              ---                 ---                 120              ---          OFF                8                  ---               5                         ---                       OFF           
RX_BIT_ALIGN_LEFT_WIN[5]    F10   No     GPIO21NB2                               Bank2     LVCMOS18   Output        None                No                  ON             None                               No                                 ---              ---                 ---                 120              ---          OFF                8                  ---               5                         ---                       OFF           
RX_BIT_ALIGN_LEFT_WIN[6]    K16   No     GPIO31NB2                               Bank2     LVCMOS18   Output        None                No                  ON             None                               No                                 ---              ---                 ---                 120              ---          OFF                8                  ---               5                         ---                       OFF           
RX_BIT_ALIGN_LEFT_WIN[7]    B11   No     GPIO29NB2                               Bank2     LVCMOS18   Output        None                No                  ON             None                               No                                 ---              ---                 ---                 120              ---          OFF                8                  ---               5                         ---                       OFF           
RX_BIT_ALIGN_LEFT_WIN_0[0]  A19   No     HSIO46NB6                               Bank6     LVCMOS18   Output        None                No                  ON             None                               No                                 ---              ---                 ---                 120              ---          OFF                8                  ---               5                         ---                       OFF           
RX_BIT_ALIGN_LEFT_WIN_0[1]  H19   No     HSIO39PB6                               Bank6     LVCMOS18   Output        None                No                  ON             None                               No                                 ---              ---                 ---                 120              ---          OFF                8                  ---               5                         ---                       OFF           
RX_BIT_ALIGN_LEFT_WIN_0[2]  H21   No     HSIO36NB6                               Bank6     LVCMOS18   Output        None                No                  ON             None                               No                                 ---              ---                 ---                 120              ---          OFF                8                  ---               5                         ---                       OFF           
RX_BIT_ALIGN_LEFT_WIN_0[3]  AP16  No     HSIO104NB7                              Bank7     LVCMOS18   Output        None                No                  ON             None                               No                                 ---              ---                 ---                 120              ---          OFF                8                  ---               5                         ---                       OFF           
RX_BIT_ALIGN_LEFT_WIN_0[4]  G19   No     HSIO39NB6                               Bank6     LVCMOS18   Output        None                No                  ON             None                               No                                 ---              ---                 ---                 120              ---          OFF                8                  ---               5                         ---                       OFF           
RX_BIT_ALIGN_LEFT_WIN_0[5]  J20   No     HSIO36PB6                               Bank6     LVCMOS18   Output        None                No                  ON             None                               No                                 ---              ---                 ---                 120              ---          OFF                8                  ---               5                         ---                       OFF           
RX_BIT_ALIGN_LEFT_WIN_0[6]  J21   No     HSIO38PB6/DQS                           Bank6     LVCMOS18   Output        None                No                  ON             None                               No                                 ---              ---                 ---                 120              ---          OFF                8                  ---               5                         ---                       OFF           
RX_BIT_ALIGN_LEFT_WIN_0[7]  K20   No     HSIO40PB6                               Bank6     LVCMOS18   Output        None                No                  ON             None                               No                                 ---              ---                 ---                 120              ---          OFF                8                  ---               5                         ---                       OFF           
RX_BIT_ALIGN_RGHT_WIN[0]    H18   No     HSIO37PB6                               Bank6     LVCMOS18   Output        None                No                  ON             None                               No                                 ---              ---                 ---                 120              ---          OFF                8                  ---               5                         ---                       OFF           
RX_BIT_ALIGN_RGHT_WIN[1]    J19   No     GPIO33NB2                               Bank2     LVCMOS18   Output        None                No                  ON             None                               No                                 ---              ---                 ---                 120              ---          OFF                8                  ---               5                         ---                       OFF           
RX_BIT_ALIGN_RGHT_WIN[2]    G17   No     HSIO37NB6                               Bank6     LVCMOS18   Output        None                No                  ON             None                               No                                 ---              ---                 ---                 120              ---          OFF                8                  ---               5                         ---                       OFF           
RX_BIT_ALIGN_RGHT_WIN[3]    K21   No     HSIO38NB6/DQS                           Bank6     LVCMOS18   Output        None                No                  ON             None                               No                                 ---              ---                 ---                 120              ---          OFF                8                  ---               5                         ---                       OFF           
RX_BIT_ALIGN_RGHT_WIN[4]    C18   No     HSIO45PB6                               Bank6     LVCMOS18   Output        None                No                  ON             None                               No                                 ---              ---                 ---                 120              ---          OFF                8                  ---               5                         ---                       OFF           
RX_BIT_ALIGN_RGHT_WIN[5]    H16   No     GPIO32PB2/DQS                           Bank2     LVCMOS18   Output        None                No                  ON             None                               No                                 ---              ---                 ---                 120              ---          OFF                8                  ---               5                         ---                       OFF           
RX_BIT_ALIGN_RGHT_WIN[6]    L18   No     GPIO34NB2                               Bank2     LVCMOS18   Output        None                No                  ON             None                               No                                 ---              ---                 ---                 120              ---          OFF                8                  ---               5                         ---                       OFF           
RX_BIT_ALIGN_RGHT_WIN[7]    G21   No     HSIO41NB6                               Bank6     LVCMOS18   Output        None                No                  ON             None                               No                                 ---              ---                 ---                 120              ---          OFF                8                  ---               5                         ---                       OFF           
RX_BIT_ALIGN_RGHT_WIN_0[0]  C12   No     GPIO27NB2                               Bank2     LVCMOS18   Output        None                No                  ON             None                               No                                 ---              ---                 ---                 120              ---          OFF                8                  ---               5                         ---                       OFF           
RX_BIT_ALIGN_RGHT_WIN_0[1]  A10   No     GPIO28NB2                               Bank2     LVCMOS18   Output        None                No                  ON             None                               No                                 ---              ---                 ---                 120              ---          OFF                8                  ---               5                         ---                       OFF           
RX_BIT_ALIGN_RGHT_WIN_0[2]  F12   No     GPIO23PB2                               Bank2     LVCMOS18   Output        None                No                  ON             None                               No                                 ---              ---                 ---                 120              ---          OFF                8                  ---               5                         ---                       OFF           
RX_BIT_ALIGN_RGHT_WIN_0[3]  D13   No     GPIO27PB2/CLKIN_S_8/CCC_SE_CLKIN_S_8    Bank2     LVCMOS18   Output        None                No                  ON             None                               No                                 ---              ---                 ---                 120              ---          OFF                8                  ---               5                         ---                       OFF           
RX_BIT_ALIGN_RGHT_WIN_0[4]  M17   No     GPIO30NB2                               Bank2     LVCMOS18   Output        None                No                  ON             None                               No                                 ---              ---                 ---                 120              ---          OFF                8                  ---               5                         ---                       OFF           
RX_BIT_ALIGN_RGHT_WIN_0[5]  B9    No     GPIO25PB2                               Bank2     LVCMOS18   Output        None                No                  ON             None                               No                                 ---              ---                 ---                 120              ---          OFF                8                  ---               5                         ---                       OFF           
RX_BIT_ALIGN_RGHT_WIN_0[6]  D10   No     GPIO26PB2/DQS                           Bank2     LVCMOS18   Output        None                No                  ON             None                               No                                 ---              ---                 ---                 120              ---          OFF                8                  ---               5                         ---                       OFF           
RX_BIT_ALIGN_RGHT_WIN_0[7]  C9    No     GPIO24NB2                               Bank2     LVCMOS18   Output        None                No                  ON             None                               No                                 ---              ---                 ---                 120              ---          OFF                8                  ---               5                         ---                       OFF           
RX_CLK_N                    G25   Yes    HSIO65NB6                               Bank6     SSTL18I    Input         None                No                  ON             None                               No                                 OFF              MID                 ON                  50               OFF          ---                ---                ---               ---                       ---                       ---           
RX_CLK_P                    H25   Yes    HSIO65PB6/CLKIN_S_13/CCC_SE_CLKIN_S_13  Bank6     SSTL18I    Input         None                No                  ON             None                               No                                 OFF              MID                 ON                  50               OFF          ---                ---                ---               ---                       ---                       ---           
RXD[0]                      D23   Yes    HSIO52PB6                               Bank6     SSTL18I    Input         None                No                  ON             None                               No                                 OFF              MID                 ON                  50               ---          ---                ---                ---               ---                       ---                       ---           
RXD[1]                      C21   Yes    HSIO49PB6                               Bank6     SSTL18I    Input         None                No                  ON             None                               No                                 OFF              MID                 ON                  50               ---          ---                ---                ---               ---                       ---                       ---           
RXD_N[0]                    C23   Yes    HSIO52NB6                               Bank6     SSTL18I    Input         None                No                  ON             None                               No                                 OFF              MID                 ON                  50               ---          ---                ---                ---               ---                       ---                       ---           
RXD_N[1]                    B21   Yes    HSIO49NB6                               Bank6     SSTL18I    Input         None                No                  ON             None                               No                                 OFF              MID                 ON                  50               ---          ---                ---                ---               ---                       ---                       ---           
SWITCH                      B20   No     HSIO47PB6                               Bank6     LVCMOS18   Input         None                No                  ON             Up                                 No                                 OFF              ---                 OFF                 120              OFF          ---                ---                ---               ---                       ---                       ---           
TX_CLK                      F23   Yes    HSIO62PB6/DQS/CCC_SE_PLL0_OUT0          Bank6     SSTL18I    Output        None                No                  ON             None                               No                                 ---              ---                 ---                 50               ---          OFF                ---                60                5                         ---                       OFF           
TX_CLK_N                    F24   Yes    HSIO62NB6/DQS                           Bank6     SSTL18I    Output        None                No                  ON             None                               No                                 ---              ---                 ---                 50               ---          OFF                ---                60                5                         ---                       OFF           
TXD[0]                      K23   Yes    HSIO54PB6                               Bank6     SSTL18I    Output        None                No                  ON             None                               No                                 ---              ---                 ---                 50               ---          OFF                ---                60                5                         ---                       OFF           
TXD[1]                      A17   Yes    HSIO44PB6/DQS                           Bank6     SSTL18I    Output        None                No                  ON             None                               No                                 ---              ---                 ---                 50               ---          OFF                ---                60                5                         ---                       OFF           
TXD_N[0]                    L23   Yes    HSIO54NB6                               Bank6     SSTL18I    Output        None                No                  ON             None                               No                                 ---              ---                 ---                 50               ---          OFF                ---                60                5                         ---                       OFF           
TXD_N[1]                    A18   Yes    HSIO44NB6/DQS                           Bank6     SSTL18I    Output        None                No                  ON             None                               No                                 ---              ---                 ---                 50               ---          OFF                ---                60                5                         ---                       OFF           
Y                           AG9   Yes    HSIO158NB0                              Bank0     LVCMOS18   Output        None                No                  ON             None                               No                                 ---              ---                 ---                 120              ---          OFF                8                  ---               5                         ---                       OFF           
