----------------------------------------------------------------
-Pin Report - Date: Tue May 17 09:35:24 2022 Pinchecksum: NOT-AVAILABLE
-Product: Designer
-Release: 2022.1
-Version: 2022.1.0.1
-Design Name: PCIe_EP_Demo
-Family: PolarFire
-Die: MPF300T
-Package: FCG1152
-----------------------------------------------------------------

Port                 |Pin  |Fixed |Function                                                |Bank     |I/O Std   |Direction    |Used I/O Reg       |User I/O Lock Down |Clamp Diode   |Resistor Pull                     |Use I/O Calibration from the lane |Schmitt Trigger |Vcm Input Range    |On Die Termination |Odt Value (Ohm) |Input Delay |Slew              |Output Drive (mA) |Impedance (ohm)  |Output Load (pF)         |Source Termination (Ohm) |Output Delay |
---------------------|-----|------|--------------------------------------------------------|---------|----------|-------------|-------------------|-------------------|--------------|----------------------------------|----------------------------------|----------------|-------------------|-------------------|----------------|------------|------------------|------------------|-----------------|-------------------------|-------------------------|-------------|
A[0]                  AE5   Yes    HSIO173PB0/CCC_NW_CLKIN_N_0                              Bank0     HSTL12I    Output        None                No                  ON             None                               No                                 ---              ---                 ---                 50               ---          OFF                ---                50                5                         ---                       ---           
A[1]                  AF5   Yes    HSIO173NB0                                               Bank0     HSTL12I    Output        None                No                  ON             None                               No                                 ---              ---                 ---                 50               ---          OFF                ---                50                5                         ---                       ---           
A[2]                  AF2   Yes    HSIO169PB0/CCC_NW_PLL1_OUT1                              Bank0     HSTL12I    Output        None                No                  ON             None                               No                                 ---              ---                 ---                 50               ---          OFF                ---                50                5                         ---                       ---           
A[3]                  AF3   Yes    HSIO169NB0                                               Bank0     HSTL12I    Output        None                No                  ON             None                               No                                 ---              ---                 ---                 50               ---          OFF                ---                50                5                         ---                       ---           
A[4]                  AH3   Yes    HSIO167PB0                                               Bank0     HSTL12I    Output        None                No                  ON             None                               No                                 ---              ---                 ---                 50               ---          OFF                ---                50                5                         ---                       ---           
A[5]                  AJ3   Yes    HSIO167NB0                                               Bank0     HSTL12I    Output        None                No                  ON             None                               No                                 ---              ---                 ---                 50               ---          OFF                ---                50                5                         ---                       ---           
A[6]                  AH1   Yes    HSIO166PB0                                               Bank0     HSTL12I    Output        None                No                  ON             None                               No                                 ---              ---                 ---                 50               ---          OFF                ---                50                5                         ---                       ---           
A[7]                  AH2   Yes    HSIO166NB0                                               Bank0     HSTL12I    Output        None                No                  ON             None                               No                                 ---              ---                 ---                 50               ---          OFF                ---                50                5                         ---                       ---           
A[8]                  AK3   Yes    HSIO165PB0/DQS                                           Bank0     HSTL12I    Output        None                No                  ON             None                               No                                 ---              ---                 ---                 50               ---          OFF                ---                50                5                         ---                       ---           
A[9]                  AL3   Yes    HSIO165NB0/DQS                                           Bank0     HSTL12I    Output        None                No                  ON             None                               No                                 ---              ---                 ---                 50               ---          OFF                ---                50                5                         ---                       ---           
A[10]                 AJ1   Yes    HSIO164PB0                                               Bank0     HSTL12I    Output        None                No                  ON             None                               No                                 ---              ---                 ---                 50               ---          OFF                ---                50                5                         ---                       ---           
A[11]                 AK1   Yes    HSIO164NB0                                               Bank0     HSTL12I    Output        None                No                  ON             None                               No                                 ---              ---                 ---                 50               ---          OFF                ---                50                5                         ---                       ---           
A[12]                 AH4   Yes    HSIO163PB0                                               Bank0     HSTL12I    Output        None                No                  ON             None                               No                                 ---              ---                 ---                 50               ---          OFF                ---                50                5                         ---                       ---           
A[13]                 AJ4   Yes    HSIO163NB0                                               Bank0     HSTL12I    Output        None                No                  ON             None                               No                                 ---              ---                 ---                 50               ---          OFF                ---                50                5                         ---                       ---           
A_0[0]                AL27  Yes    HSIO72NB1                                                Bank1     SSTL15II   Output        None                No                  ON             None                               No                                 ---              ---                 ---                 30               ---          OFF                ---                34                5                         ---                       ---           
A_0[1]                AL26  Yes    HSIO72PB1/CCC_NE_CLKIN_N_11                              Bank1     SSTL15II   Output        None                No                  ON             None                               No                                 ---              ---                 ---                 30               ---          OFF                ---                34                5                         ---                       ---           
A_0[2]                AM27  Yes    HSIO73NB1                                                Bank1     SSTL15II   Output        None                No                  ON             None                               No                                 ---              ---                 ---                 30               ---          OFF                ---                34                5                         ---                       ---           
A_0[3]                AN27  Yes    HSIO73PB1/CCC_NE_PLL0_OUT1                               Bank1     SSTL15II   Output        None                No                  ON             None                               No                                 ---              ---                 ---                 30               ---          OFF                ---                34                5                         ---                       ---           
A_0[4]                AN26  Yes    HSIO76NB1                                                Bank1     SSTL15II   Output        None                No                  ON             None                               No                                 ---              ---                 ---                 30               ---          OFF                ---                34                5                         ---                       ---           
A_0[5]                AP25  Yes    HSIO76PB1                                                Bank1     SSTL15II   Output        None                No                  ON             None                               No                                 ---              ---                 ---                 30               ---          OFF                ---                34                5                         ---                       ---           
A_0[6]                AL25  Yes    HSIO77NB1                                                Bank1     SSTL15II   Output        None                No                  ON             None                               No                                 ---              ---                 ---                 30               ---          OFF                ---                34                5                         ---                       ---           
A_0[7]                AK25  Yes    HSIO77PB1                                                Bank1     SSTL15II   Output        None                No                  ON             None                               No                                 ---              ---                 ---                 30               ---          OFF                ---                34                5                         ---                       ---           
A_0[8]                AJ23  Yes    HSIO79NB1                                                Bank1     SSTL15II   Output        None                No                  ON             None                               No                                 ---              ---                 ---                 30               ---          OFF                ---                34                5                         ---                       ---           
A_0[9]                AH23  Yes    HSIO79PB1/CCC_NE_PLL1_OUT1                               Bank1     SSTL15II   Output        None                No                  ON             None                               No                                 ---              ---                 ---                 30               ---          OFF                ---                34                5                         ---                       ---           
A_0[10]               AJ25  Yes    HSIO81NB1/DQS                                            Bank1     SSTL15II   Output        None                No                  ON             None                               No                                 ---              ---                 ---                 30               ---          OFF                ---                34                5                         ---                       ---           
A_0[11]               AJ24  Yes    HSIO81PB1/DQS/CCC_NE_PLL1_OUT0                           Bank1     SSTL15II   Output        None                No                  ON             None                               No                                 ---              ---                 ---                 30               ---          OFF                ---                34                5                         ---                       ---           
A_0[12]               AL22  Yes    HSIO82NB1                                                Bank1     SSTL15II   Output        None                No                  ON             None                               No                                 ---              ---                 ---                 30               ---          OFF                ---                34                5                         ---                       ---           
A_0[13]               AK23  Yes    HSIO82PB1                                                Bank1     SSTL15II   Output        None                No                  ON             None                               No                                 ---              ---                 ---                 30               ---          OFF                ---                34                5                         ---                       ---           
A_0[14]               AL24  Yes    HSIO83NB1                                                Bank1     SSTL15II   Output        None                No                  ON             None                               No                                 ---              ---                 ---                 30               ---          OFF                ---                34                5                         ---                       ---           
A_0[15]               AL23  Yes    HSIO83PB1                                                Bank1     SSTL15II   Output        None                No                  ON             None                               No                                 ---              ---                 ---                 30               ---          OFF                ---                34                5                         ---                       ---           
ACT_N                 AE6   Yes    HSIO160NB0                                               Bank0     HSTL12I    Output        None                No                  ON             None                               No                                 ---              ---                 ---                 50               ---          OFF                ---                50                5                         ---                       ---           
BA[0]                 AD8   Yes    HSIO161NB0                                               Bank0     HSTL12I    Output        None                No                  ON             None                               No                                 ---              ---                 ---                 50               ---          OFF                ---                50                5                         ---                       ---           
BA[1]                 AD6   Yes    HSIO160PB0                                               Bank0     HSTL12I    Output        None                No                  ON             None                               No                                 ---              ---                 ---                 50               ---          OFF                ---                50                5                         ---                       ---           
BA_0[0]               AE25  Yes    HSIO84PB1                                                Bank1     SSTL15II   Output        None                No                  ON             None                               No                                 ---              ---                 ---                 30               ---          OFF                ---                34                5                         ---                       ---           
BA_0[1]               AD23  Yes    HSIO85NB1                                                Bank1     SSTL15II   Output        None                No                  ON             None                               No                                 ---              ---                 ---                 30               ---          OFF                ---                34                5                         ---                       ---           
BA_0[2]               AD25  Yes    HSIO84NB1                                                Bank1     SSTL15II   Output        None                No                  ON             None                               No                                 ---              ---                 ---                 30               ---          OFF                ---                34                5                         ---                       ---           
BANK0_1_7_CALIB_DONE  D4    Yes    GPIO248NB2                                               Bank2     LVCMOS25   Output        None                No                  ON             None                               No                                 ---              ---                 ---                 120              ---          OFF                8                  ---               5                         ---                       OFF           
BG[0]                 AG7   Yes    HSIO159PB0/DQS                                           Bank0     HSTL12I    Output        None                No                  ON             None                               No                                 ---              ---                 ---                 50               ---          OFF                ---                50                5                         ---                       ---           
BG[1]                 AG6   Yes    HSIO159NB0/DQS                                           Bank0     HSTL12I    Output        None                No                  ON             None                               No                                 ---              ---                 ---                 50               ---          OFF                ---                50                5                         ---                       ---           
CAS_N                 AL2   Yes    HSIO162NB0                                               Bank0     HSTL12I    Output        None                No                  ON             None                               No                                 ---              ---                 ---                 50               ---          OFF                ---                50                5                         ---                       ---           
CAS_N_0               AF25  Yes    HSIO86NB1                                                Bank1     SSTL15II   Output        None                No                  ON             None                               No                                 ---              ---                 ---                 30               ---          OFF                ---                34                5                         ---                       ---           
CK0                   AG4   Yes    HSIO170PB0/CLKIN_N_2/CCC_NW_CLKIN_N_2/CCC_NW_PLL1_OUT0   Bank0     HSTL12I    Output        None                No                  ON             None                               No                                 ---              ---                 ---                 50               ---          OFF                ---                50                5                         ---                       ---           
CK0_0                 AP26  Yes    HSIO75PB1/DQS/CCC_NE_PLL0_OUT0                           Bank1     SSTL15II   Output        None                No                  ON             None                               No                                 ---              ---                 ---                 30               ---          OFF                ---                34                5                         ---                       ---           
CK0_N                 AG5   Yes    HSIO170NB0                                               Bank0     HSTL12I    Output        None                No                  ON             None                               No                                 ---              ---                 ---                 50               ---          OFF                ---                50                5                         ---                       ---           
CK0_N_0               AP27  Yes    HSIO75NB1/DQS                                            Bank1     SSTL15II   Output        None                No                  ON             None                               No                                 ---              ---                 ---                 30               ---          OFF                ---                34                5                         ---                       ---           
CKE                   AG9   Yes    HSIO158NB0                                               Bank0     HSTL12I    Output        None                No                  ON             None                               No                                 ---              ---                 ---                 50               ---          OFF                ---                50                5                         ---                       ---           
CKE_0                 AF22  Yes    HSIO87PB1/DQS                                            Bank1     SSTL15II   Output        None                No                  ON             None                               No                                 ---              ---                 ---                 30               ---          OFF                ---                34                5                         ---                       ---           
CS_N                  AF9   Yes    HSIO158PB0                                               Bank0     HSTL12I    Output        None                No                  ON             None                               No                                 ---              ---                 ---                 50               ---          OFF                ---                50                5                         ---                       ---           
CS_N_0                AE22  Yes    HSIO87NB1/DQS                                            Bank1     SSTL15II   Output        None                No                  ON             None                               No                                 ---              ---                 ---                 30               ---          OFF                ---                34                5                         ---                       ---           
CTRLR_READY_DDR3      A2    Yes    GPIO251PB2                                               Bank2     LVCMOS25   Output        None                No                  ON             None                               No                                 ---              ---                 ---                 120              ---          OFF                8                  ---               5                         ---                       OFF           
CTRLR_READY_DDR4      C4    Yes    GPIO254NB2                                               Bank2     LVCMOS25   Output        None                No                  ON             None                               No                                 ---              ---                 ---                 120              ---          OFF                8                  ---               5                         ---                       OFF           
dip_switch_o[0]       H23   Yes    HSIO60PB6                                                Bank6     LVCMOS18   Input         None                No                  ON             Up                                 No                                 OFF              ---                 OFF                 120              OFF          ---                ---                ---               ---                       ---                       ---           
dip_switch_o[1]       D21   Yes    HSIO48NB6                                                Bank6     LVCMOS18   Input         None                No                  ON             Up                                 No                                 OFF              ---                 OFF                 120              OFF          ---                ---                ---               ---                       ---                       ---           
dip_switch_o[2]       H24   Yes    HSIO61NB6                                                Bank6     LVCMOS18   Input         None                No                  ON             Up                                 No                                 OFF              ---                 OFF                 120              OFF          ---                ---                ---               ---                       ---                       ---           
dip_switch_o[3]       C22   Yes    HSIO50PB6/DQS                                            Bank6     LVCMOS18   Input         None                No                  ON             Up                                 No                                 OFF              ---                 OFF                 120              OFF          ---                ---                ---               ---                       ---                       ---           
DM[0]                 AN23  Yes    HSIO95NB1                                                Bank1     SSTL15II   Output        None                No                  ON             None                               No                                 ---              ---                 ---                 30               ---          OFF                ---                34                5                         ---                       OFF           
DM[1]                 AL20  Yes    HSIO101PB1                                               Bank1     SSTL15II   Output        None                No                  ON             None                               No                                 ---              ---                 ---                 30               ---          OFF                ---                34                5                         ---                       OFF           
DM_N[0]               AE11  Yes    HSIO150PB0                                               Bank0     POD12I     Output        None                No                  ON             None                               No                                 ---              ---                 ---                 60               ---          OFF                ---                40                5                         ---                       OFF           
DM_N[1]               AK8   Yes    HSIO144NB0                                               Bank0     POD12I     Output        None                No                  ON             None                               No                                 ---              ---                 ---                 60               ---          OFF                ---                40                5                         ---                       OFF           
DQ[0]                 AE12  Yes    HSIO155PB0                                               Bank0     POD12I     Inout         None                No                  ON             None                               No                                 OFF              MID                 ON                  60               ---          OFF                ---                40                5                         ---                       ---           
DQ[1]                 AF12  Yes    HSIO155NB0                                               Bank0     POD12I     Inout         None                No                  ON             None                               No                                 OFF              MID                 ON                  60               ---          OFF                ---                40                5                         ---                       ---           
DQ[2]                 AG10  Yes    HSIO154PB0                                               Bank0     POD12I     Inout         None                No                  ON             None                               No                                 OFF              MID                 ON                  60               ---          OFF                ---                40                5                         ---                       ---           
DQ[3]                 AF10  Yes    HSIO154NB0                                               Bank0     POD12I     Inout         None                No                  ON             None                               No                                 OFF              MID                 ON                  60               ---          OFF                ---                40                5                         ---                       ---           
DQ[4]                 AD10  Yes    HSIO152PB0                                               Bank0     POD12I     Inout         None                No                  ON             None                               No                                 OFF              MID                 ON                  60               ---          OFF                ---                40                5                         ---                       ---           
DQ[5]                 AE10  Yes    HSIO152NB0                                               Bank0     POD12I     Inout         None                No                  ON             None                               No                                 OFF              MID                 ON                  60               ---          OFF                ---                40                5                         ---                       ---           
DQ[6]                 AD13  Yes    HSIO151PB0                                               Bank0     POD12I     Inout         None                No                  ON             None                               No                                 OFF              MID                 ON                  60               ---          OFF                ---                40                5                         ---                       ---           
DQ[7]                 AD14  Yes    HSIO151NB0                                               Bank0     POD12I     Inout         None                No                  ON             None                               No                                 OFF              MID                 ON                  60               ---          OFF                ---                40                5                         ---                       ---           
DQ[8]                 AH6   Yes    HSIO149PB0                                               Bank0     POD12I     Inout         None                No                  ON             None                               No                                 OFF              MID                 ON                  60               ---          OFF                ---                40                5                         ---                       ---           
DQ[9]                 AH7   Yes    HSIO149NB0                                               Bank0     POD12I     Inout         None                No                  ON             None                               No                                 OFF              MID                 ON                  60               ---          OFF                ---                40                5                         ---                       ---           
DQ[10]                AJ9   Yes    HSIO148PB0                                               Bank0     POD12I     Inout         None                No                  ON             None                               No                                 OFF              MID                 ON                  60               ---          OFF                ---                40                5                         ---                       ---           
DQ[11]                AJ8   Yes    HSIO148NB0                                               Bank0     POD12I     Inout         None                No                  ON             None                               No                                 OFF              MID                 ON                  60               ---          OFF                ---                40                5                         ---                       ---           
DQ[12]                AH9   Yes    HSIO146NB0                                               Bank0     POD12I     Inout         None                No                  ON             None                               No                                 OFF              MID                 ON                  60               ---          OFF                ---                40                5                         ---                       ---           
DQ[13]                AK5   Yes    HSIO145PB0                                               Bank0     POD12I     Inout         None                No                  ON             None                               No                                 OFF              MID                 ON                  60               ---          OFF                ---                40                5                         ---                       ---           
DQ[14]                AK6   Yes    HSIO145NB0                                               Bank0     POD12I     Inout         None                No                  ON             None                               No                                 OFF              MID                 ON                  60               ---          OFF                ---                40                5                         ---                       ---           
DQ[15]                AK7   Yes    HSIO144PB0/CLKIN_N_5                                     Bank0     POD12I     Inout         None                No                  ON             None                               No                                 OFF              MID                 ON                  60               ---          OFF                ---                40                5                         ---                       ---           
DQ_0[0]               AN22  Yes    HSIO90NB1                                                Bank1     SSTL15II   Inout         None                No                  ON             None                               No                                 OFF              MID                 ON                  30               ---          OFF                ---                34                5                         ---                       ---           
DQ_0[1]               AN21  Yes    HSIO90PB1                                                Bank1     SSTL15II   Inout         None                No                  ON             None                               No                                 OFF              MID                 ON                  30               ---          OFF                ---                34                5                         ---                       ---           
DQ_0[2]               AM24  Yes    HSIO91NB1                                                Bank1     SSTL15II   Inout         None                No                  ON             None                               No                                 OFF              MID                 ON                  30               ---          OFF                ---                34                5                         ---                       ---           
DQ_0[3]               AN24  Yes    HSIO91PB1                                                Bank1     SSTL15II   Inout         None                No                  ON             None                               No                                 OFF              MID                 ON                  30               ---          OFF                ---                34                5                         ---                       ---           
DQ_0[4]               AP21  Yes    HSIO92NB1                                                Bank1     SSTL15II   Inout         None                No                  ON             None                               No                                 OFF              MID                 ON                  30               ---          OFF                ---                34                5                         ---                       ---           
DQ_0[5]               AP20  Yes    HSIO92PB1                                                Bank1     SSTL15II   Inout         None                No                  ON             None                               No                                 OFF              MID                 ON                  30               ---          OFF                ---                34                5                         ---                       ---           
DQ_0[6]               AP19  Yes    HSIO94NB1                                                Bank1     SSTL15II   Inout         None                No                  ON             None                               No                                 OFF              MID                 ON                  30               ---          OFF                ---                34                5                         ---                       ---           
DQ_0[7]               AN19  Yes    HSIO94PB1                                                Bank1     SSTL15II   Inout         None                No                  ON             None                               No                                 OFF              MID                 ON                  30               ---          OFF                ---                34                5                         ---                       ---           
DQ_0[8]               AM21  Yes    HSIO96NB1                                                Bank1     SSTL15II   Inout         None                No                  ON             None                               No                                 OFF              MID                 ON                  30               ---          OFF                ---                34                5                         ---                       ---           
DQ_0[9]               AK22  Yes    HSIO97NB1                                                Bank1     SSTL15II   Inout         None                No                  ON             None                               No                                 OFF              MID                 ON                  30               ---          OFF                ---                34                5                         ---                       ---           
DQ_0[10]              AK21  Yes    HSIO97PB1                                                Bank1     SSTL15II   Inout         None                No                  ON             None                               No                                 OFF              MID                 ON                  30               ---          OFF                ---                34                5                         ---                       ---           
DQ_0[11]              AK20  Yes    HSIO98NB1                                                Bank1     SSTL15II   Inout         None                No                  ON             None                               No                                 OFF              MID                 ON                  30               ---          OFF                ---                34                5                         ---                       ---           
DQ_0[12]              AJ20  Yes    HSIO98PB1/CLKIN_N_6                                      Bank1     SSTL15II   Inout         None                No                  ON             None                               No                                 OFF              MID                 ON                  30               ---          OFF                ---                34                5                         ---                       ---           
DQ_0[13]              AH21  Yes    HSIO100NB1                                               Bank1     SSTL15II   Inout         None                No                  ON             None                               No                                 OFF              MID                 ON                  30               ---          OFF                ---                34                5                         ---                       ---           
DQ_0[14]              AG21  Yes    HSIO100PB1                                               Bank1     SSTL15II   Inout         None                No                  ON             None                               No                                 OFF              MID                 ON                  30               ---          OFF                ---                34                5                         ---                       ---           
DQ_0[15]              AM19  Yes    HSIO101NB1                                               Bank1     SSTL15II   Inout         None                No                  ON             None                               No                                 OFF              MID                 ON                  30               ---          OFF                ---                34                5                         ---                       ---           
DQS[0]                AE13  Yes    HSIO153PB0/DQS                                           Bank0     POD12I     Inout         None                No                  ON             None                               No                                 OFF              MID                 ON                  60               ---          OFF                ---                40                5                         ---                       ---           
DQS[1]                AJ5   Yes    HSIO147PB0/DQS                                           Bank0     POD12I     Inout         None                No                  ON             None                               No                                 OFF              MID                 ON                  60               ---          OFF                ---                40                5                         ---                       ---           
DQS_0[0]              AP23  Yes    HSIO93PB1/DQS                                            Bank1     SSTL15II   Inout         None                No                  ON             None                               No                                 OFF              MID                 ON                  30               ---          OFF                ---                34                5                         ---                       ---           
DQS_0[1]              AH22  Yes    HSIO99PB1/DQS                                            Bank1     SSTL15II   Inout         None                No                  ON             None                               No                                 OFF              MID                 ON                  30               ---          OFF                ---                34                5                         ---                       ---           
DQS_N[0]              AF13  Yes    HSIO153NB0/DQS                                           Bank0     POD12I     Inout         None                No                  ON             None                               No                                 OFF              MID                 ON                  60               ---          OFF                ---                40                5                         ---                       ---           
DQS_N[1]              AJ6   Yes    HSIO147NB0/DQS                                           Bank0     POD12I     Inout         None                No                  ON             None                               No                                 OFF              MID                 ON                  60               ---          OFF                ---                40                5                         ---                       ---           
DQS_N_0[0]            AP24  Yes    HSIO93NB1/DQS                                            Bank1     SSTL15II   Inout         None                No                  ON             None                               No                                 OFF              MID                 ON                  30               ---          OFF                ---                34                5                         ---                       ---           
DQS_N_0[1]            AJ21  Yes    HSIO99NB1/DQS                                            Bank1     SSTL15II   Inout         None                No                  ON             None                               No                                 OFF              MID                 ON                  30               ---          OFF                ---                34                5                         ---                       ---           
led_o[0]              F22   Yes    HSIO64NB6                                                Bank6     LVCMOS18   Output        None                No                  ON             None                               No                                 ---              ---                 ---                 120              ---          OFF                8                  ---               5                         ---                       OFF           
led_o[1]              B26   Yes    HSIO71NB6                                                Bank6     LVCMOS18   Output        None                No                  ON             None                               No                                 ---              ---                 ---                 120              ---          OFF                8                  ---               5                         ---                       OFF           
led_o[2]              C26   Yes    HSIO70NB6                                                Bank6     LVCMOS18   Output        None                No                  ON             None                               No                                 ---              ---                 ---                 120              ---          OFF                8                  ---               5                         ---                       OFF           
led_o[3]              D25   Yes    HSIO70PB6/CCC_SE_PLL1_OUT1                               Bank6     LVCMOS18   Output        None                No                  ON             None                               No                                 ---              ---                 ---                 120              ---          OFF                8                  ---               5                         ---                       OFF           
led_o[4]              C27   Yes    HSIO71PB6/CCC_SE_CLKIN_S_15                              Bank6     LVCMOS18   Output        None                No                  ON             None                               No                                 ---              ---                 ---                 120              ---          OFF                8                  ---               5                         ---                       OFF           
led_o[5]              F23   Yes    HSIO62PB6/DQS/CCC_SE_PLL0_OUT0                           Bank6     LVCMOS18   Output        None                No                  ON             None                               No                                 ---              ---                 ---                 120              ---          OFF                8                  ---               5                         ---                       OFF           
led_o[6]              H22   Yes    HSIO60NB6                                                Bank6     LVCMOS18   Output        None                No                  ON             None                               No                                 ---              ---                 ---                 120              ---          OFF                8                  ---               5                         ---                       OFF           
led_o[7]              H21   Yes    HSIO36NB6                                                Bank6     LVCMOS18   Output        None                No                  ON             None                               No                                 ---              ---                 ---                 120              ---          OFF                8                  ---               5                         ---                       OFF           
ODT                   AE7   Yes    HSIO157PB0                                               Bank0     HSTL12I    Output        None                No                  ON             None                               No                                 ---              ---                 ---                 50               ---          OFF                ---                50                5                         ---                       ---           
ODT_0                 AF23  Yes    HSIO88NB1                                                Bank1     SSTL15II   Output        None                No                  ON             None                               No                                 ---              ---                 ---                 30               ---          OFF                ---                34                5                         ---                       ---           
PCIE_1_PERST_N        G24   Yes    HSIO61PB6                                                Bank6     LVCMOS18   Input         None                No                  ON             Up                                 No                                 OFF              ---                 OFF                 120              OFF          ---                ---                ---               ---                       ---                       ---           
PCIESS_LANE_RXD0_N    V30   Fixed  XCVR_0_RX0_N                                             ---       
PCIESS_LANE_RXD0_P    V29   Fixed  XCVR_0_RX0_P                                             ---       
PCIESS_LANE_RXD1_N    W32   Fixed  XCVR_0_RX1_N                                             ---       
PCIESS_LANE_RXD1_P    W31   Fixed  XCVR_0_RX1_P                                             ---       
PCIESS_LANE_RXD2_N    Y30   Fixed  XCVR_0_RX2_N                                             ---       
PCIESS_LANE_RXD2_P    Y29   Fixed  XCVR_0_RX2_P                                             ---       
PCIESS_LANE_RXD3_N    AB30  Fixed  XCVR_0_RX3_N                                             ---       
PCIESS_LANE_RXD3_P    AB29  Fixed  XCVR_0_RX3_P                                             ---       
PCIESS_LANE_TXD0_N    V34   Fixed  XCVR_0_TX0_N                                             ---       
PCIESS_LANE_TXD0_P    V33   Fixed  XCVR_0_TX0_P                                             ---       
PCIESS_LANE_TXD1_N    Y34   Fixed  XCVR_0_TX1_N                                             ---       
PCIESS_LANE_TXD1_P    Y33   Fixed  XCVR_0_TX1_P                                             ---       
PCIESS_LANE_TXD2_N    AA32  Fixed  XCVR_0_TX2_N                                             ---       
PCIESS_LANE_TXD2_P    AA31  Fixed  XCVR_0_TX2_P                                             ---       
PCIESS_LANE_TXD3_N    AB34  Fixed  XCVR_0_TX3_N                                             ---       
PCIESS_LANE_TXD3_P    AB33  Fixed  XCVR_0_TX3_P                                             ---       
PLL_LOCK_DDR3         D3    Yes    GPIO248PB2/CCC_SW_PLL1_OUT1                              Bank2     LVCMOS25   Output        None                No                  ON             None                               No                                 ---              ---                 ---                 120              ---          OFF                8                  ---               5                         ---                       OFF           
PLL_LOCK_DDR4         A3    Yes    GPIO251NB2                                               Bank2     LVCMOS25   Output        None                No                  ON             None                               No                                 ---              ---                 ---                 120              ---          OFF                8                  ---               5                         ---                       OFF           
RAS_N                 AD9   Yes    HSIO161PB0                                               Bank0     HSTL12I    Output        None                No                  ON             None                               No                                 ---              ---                 ---                 50               ---          OFF                ---                50                5                         ---                       ---           
RAS_N_0               AE23  Yes    HSIO85PB1                                                Bank1     SSTL15II   Output        None                No                  ON             None                               No                                 ---              ---                 ---                 30               ---          OFF                ---                34                5                         ---                       ---           
REF_CLK_0             E25   Yes    HSIO63PB6/CLKIN_S_12/CCC_SE_CLKIN_S_12/CCC_SE_PLL0_OUT0  Bank6     LVCMOS18   Input         None                No                  ON             Up                                 No                                 OFF              ---                 OFF                 120              OFF          ---                ---                ---               ---                       ---                       ---           
REF_CLK_PAD_N         W28   Fixed  XCVR_0A_REFCLK_N                                         ---       
REF_CLK_PAD_P         W27   Fixed  XCVR_0A_REFCLK_P                                         ---       
RESET_N               AF7   Yes    HSIO157NB0                                               Bank0     HSTL12I    Output        None                No                  ON             None                               No                                 ---              ---                 ---                 50               ---          OFF                ---                50                5                         ---                       ---           
RESET_N_0             AG22  Yes    HSIO88PB1                                                Bank1     SSTL15II   Output        None                No                  ON             None                               No                                 ---              ---                 ---                 30               ---          OFF                ---                34                5                         ---                       ---           
RX                    H18   Yes    HSIO37PB6                                                Bank6     LVCMOS18   Input         None                No                  ON             Up                                 No                                 OFF              ---                 OFF                 120              OFF          ---                ---                ---               ---                       ---                       ---           
SHIELD0               AD11  Yes    HSIO150NB0                                               Bank0     SHIELD12   Output        ---                 ---                 ---            ---                                ---                                ---              ---                 ---                 ---              ---          ---                ---                ---               ---                       ---                       ---           
SHIELD0_0             AM22  Yes    HSIO95PB1                                                Bank1     SHIELD15   Output        ---                 ---                 ---            ---                                ---                                ---              ---                 ---                 ---              ---          ---                ---                ---               ---                       ---                       ---           
SHIELD1               AH8   Yes    HSIO146PB0/CLKIN_N_4                                     Bank0     SHIELD12   Output        ---                 ---                 ---            ---                                ---                                ---              ---                 ---                 ---              ---          ---                ---                ---               ---                       ---                       ---           
SHIELD1_0             AM20  Yes    HSIO96PB1/CLKIN_N_7                                      Bank1     SHIELD15   Output        ---                 ---                 ---            ---                                ---                                ---              ---                 ---                 ---              ---          ---                ---                ---               ---                       ---                       ---           
switch_i[0]           B19   Yes    HSIO46PB6                                                Bank6     LVCMOS18   Input         None                No                  ON             Up                                 No                                 OFF              ---                 OFF                 120              OFF          ---                ---                ---               ---                       ---                       ---           
switch_i[1]           A25   Yes    HSIO68PB6/DQS/CCC_SE_PLL1_OUT0                           Bank6     LVCMOS18   Input         None                No                  ON             Up                                 No                                 OFF              ---                 OFF                 120              OFF          ---                ---                ---               ---                       ---                       ---           
switch_i[2]           C21   Yes    HSIO49PB6                                                Bank6     LVCMOS18   Input         None                No                  ON             Up                                 No                                 OFF              ---                 OFF                 120              OFF          ---                ---                ---               ---                       ---                       ---           
switch_i[3]           B27   Yes    HSIO69NB6                                                Bank6     LVCMOS18   Input         None                No                  ON             Up                                 No                                 OFF              ---                 OFF                 120              OFF          ---                ---                ---               ---                       ---                       ---           
TX                    G17   Yes    HSIO37NB6                                                Bank6     LVCMOS18   Output        None                No                  ON             None                               No                                 ---              ---                 ---                 120              ---          OFF                8                  ---               5                         ---                       OFF           
USER_RESETN           K22   Yes    HSIO55PB6                                                Bank6     LVCMOS18   Input         None                No                  ON             Up                                 No                                 OFF              ---                 OFF                 120              OFF          ---                ---                ---               ---                       ---                       ---           
WE_N                  AK2   Yes    HSIO162PB0                                               Bank0     HSTL12I    Output        None                No                  ON             None                               No                                 ---              ---                 ---                 50               ---          OFF                ---                50                5                         ---                       ---           
WE_N_0                AF24  Yes    HSIO86PB1                                                Bank1     SSTL15II   Output        None                No                  ON             None                               No                                 ---              ---                 ---                 30               ---          OFF                ---                34                5                         ---                       ---           
