Compile Report
Microsemi Corporation - Microsemi Libero Software Release 2022.1 (Version 2022.1.0.1)
Date: Tue May 17 09:13:00 2022

Device Selection
+--------------------------------------------+-------------+
| Family                                     | PolarFire   |
| Device                                     | MPF300T     |
| Package                                    | FCG1152     |
| Speed Grade                                | -1          |
| Core Voltage                               | 1.0V        |
| Part Range                                 | EXT         |
| Default I/O technology                     | LVCMOS 1.8V |
| FPGA Hardware Breakpoint Auto Instantation | Off         |
+--------------------------------------------+-------------+

Source Files
+---------+-----------------------------------------------------------------------------------------------------------+
| Topcell | PCIe_EP_Demo                                                                                              |
| Format  | Verilog                                                                                                   |
| Source  | /sqahyd/Pramod/Github_Examples/SmartDebug_PCIe_Register_read/PCIe_Register_Read/synthesis/PCIe_EP_Demo.vm |
+---------+-----------------------------------------------------------------------------------------------------------+

Options
+----------------------------------------------------+----+
| Limit the number of high fanout nets to display to | 10 |
+----------------------------------------------------+----+

Resource Usage
+---------------------------+-------+--------+------------+
| Type                      | Used  | Total  | Percentage |
+---------------------------+-------+--------+------------+
| 4LUT                      | 41791 | 299544 | 13.95      |
| DFF                       | 32738 | 299544 | 10.93      |
| I/O Register              | 0     | 1536   | 0.00       |
| User I/O                  | 130   | 512    | 25.39      |
| -- Single-ended I/O       | 118   | 512    | 23.05      |
| -- Differential I/O Pairs | 6     | 256    | 2.34       |
| uSRAM                     | 215   | 2772   | 7.76       |
| LSRAM                     | 45    | 952    | 4.73       |
| Math                      | 0     | 924    | 0.00       |
| H-Chip Global             | 13    | 48     | 27.08      |
| PLL                       | 3     | 8      | 37.50      |
| DLL                       | 2     | 8      | 25.00      |
| BANKCTRL                  | 4     | 7      | 57.14      |
| CRN_INT                   | 2     | 24     | 8.33       |
| INIT                      | 1     | 1      | 100.00     |
| OSC_RC160MHZ              | 1     | 1      | 100.00     |
| Transceiver Lanes         | 4     | 16     | 25.00      |
| Transceiver PCIe          | 1     | 2      | 50.00      |
| TX_PLL                    | 1     | 11     | 9.09       |
| LINK                      | 1     | 10     | 10.00      |
| XCVR_REF_CLK              | 1     | 11     | 9.09       |
| PCIE_COMMON               | 1     | 1      | 100.00     |
| ICB_CLKDIV                | 1     | 24     | 4.17       |
| ICB_CLKINT                | 4     | 72     | 5.56       |
| NGMUX                     | 1     | 12     | 8.33       |
| ICB_INT                   | 1     | 12     | 8.33       |
+---------------------------+-------+--------+------------+

Detailed Logic Resource Usage
+-----------------------+-------+-------+
| Type                  | 4LUT  | DFF   |
+-----------------------+-------+-------+
| Fabric Logic          | 37591 | 28538 |
| uSRAM Interface Logic | 2580  | 2580  |
| LSRAM Interface Logic | 1620  | 1620  |
| Math Interface Logic  | 0     | 0     |
| Total Used            | 41791 | 32738 |
+-----------------------+-------+-------+

Detailed Carry Chains Resource Usage
+--------+------+
| Length | Used |
| 6      | 10   |
| 7      | 47   |
| 8      | 108  |
| 9      | 141  |
| 10     | 42   |
| 11     | 17   |
| 12     | 18   |
| 13     | 35   |
| 14     | 10   |
| 15     | 9    |
| 17     | 2    |
| 18     | 4    |
| 19     | 4    |
| 20     | 2    |
| 21     | 8    |
| 22     | 2    |
| 23     | 2    |
| 24     | 3    |
| 25     | 4    |
| 26     | 5    |
| 27     | 3    |
| 29     | 3    |
| 30     | 1    |
| 31     | 15   |
| 32     | 7    |
| 33     | 3    |
| Total  | 505  |
+--------+------+

Detailed 4LUT Groups Resource Usage
+--------+------+
| Length | Used |
| 2      | 776  |
| 5      | 23   |
| 22     | 6    |
| Total  | 805  |
+--------+------+

I/O Function
+--------------------------------------+--------------+-------------+-----------------+
| Type                                 | w/o register | w/ register | w/ DDR register |
+--------------------------------------+--------------+-------------+-----------------+
| Input I/O                            | 12           | 0           | 0               |
| Output I/O                           | 74           | 0           | 0               |
| Bidirectional I/O                    | 32           | 0           | 0               |
| Differential Input I/O Pairs         | 0            | 0           | 0               |
| Differential Output I/O Pairs        | 2            | 0           | 0               |
| Differential Bidirectional I/O Pairs | 4            | 0           | 0               |
+--------------------------------------+--------------+-------------+-----------------+

Nets assigned to chip global resources
+--------+---------+------------------------------------------------------------------------------------------------------+
| Fanout | Type    | Name                                                                                                 |
+--------+---------+------------------------------------------------------------------------------------------------------+
| 18667  | INT_NET | Net   : PF_DDR4_SS_0_SYS_CLK                                                                         |
|        |         | Driver: PF_DDR4_SS_0/CCC_0/clkint_4/U0_RGB1                                                          |
|        |         | Source: NETLIST                                                                                      |
| 9792   | INT_NET | Net   : PF_DDR3_SS_0_SYS_CLK                                                                         |
|        |         | Driver: PF_DDR3_SS_0/CCC_0/clkint_4/U0_RGB1                                                          |
|        |         | Source: NETLIST                                                                                      |
| 4719   | INT_NET | Net   : PF_DDR4_SS_0/reset_n_int_arst                                                                |
|        |         | Driver: PF_DDR4_SS_0/DDRPHY_BLK_0/IOD_TRAINING_0/COREDDR_TIP_INT_U/reset_n_int_0_rep_RNIU00C/U0_RGB1 |
|        |         | Source: NETLIST                                                                                      |
| 4686   | INT_NET | Net   : PF_DDR3_SS_0/reset_n_int_arst                                                                |
|        |         | Driver: PF_DDR3_SS_0/DDRPHY_BLK_0/IOD_TRAINING_0/COREDDR_TIP_INT_U/reset_n_int_0_rep_RNIU00C/U0_RGB1 |
|        |         | Source: NETLIST                                                                                      |
| 4272   | INT_NET | Net   : dff_1_arst                                                                                   |
|        |         | Driver: PF_RESET_0/PF_RESET_0/dff_1_rep_RNIGGTA/U0_RGB1                                              |
|        |         | Source: NETLIST                                                                                      |
| 4236   | INT_NET | Net   : PF_DDR4_SS_0/MSC_i_264/MSC_i_265/MSC_net_1031                                                |
|        |         | Driver: PF_DDR4_SS_0/MSC_i_264/MSC_i_265/MSC_i_602/MSC_i_603/IHxbc/U0_RGB1                           |
|        |         | Source: NETLIST                                                                                      |
| 4109   | INT_NET | Net   : AXI4_Interconnect_0/AXI4_Interconnect_0/sysReset_arst                                        |
|        |         | Driver: AXI4_Interconnect_0/AXI4_Interconnect_0/arst_aclk_sync/sysReset_RNIS26/U0_RGB1               |
|        |         | Source: NETLIST                                                                                      |
| 3971   | INT_NET | Net   : PF_DDR3_SS_0/MSC_i_0/MSC_i_1/MSC_net_969                                                     |
|        |         | Driver: PF_DDR3_SS_0/MSC_i_0/MSC_i_1/MSC_i_262/MSC_i_263/IHxbc/U0_RGB1                               |
|        |         | Source: NETLIST                                                                                      |
| 1098   | INT_NET | Net   : CLKINT_0_Y                                                                                   |
|        |         | Driver: CLKINT_0/U0_RGB1                                                                             |
|        |         | Source: NETLIST                                                                                      |
| 1      | INT_NET | Net   : CCC_111MHz_0_OUT0_FABCLK_0                                                                   |
|        |         | Driver: CCC_111MHz_0/CCC_111MHz_0/clkint_0/U0_RGB1                                                   |
|        |         | Source: NETLIST                                                                                      |
| 1      | INT_NET | Net   : PF_DDR4_SS_0/DDRPHY_BLK_0/CLKINT_CMD_Y                                                       |
|        |         | Driver: PF_DDR4_SS_0/DDRPHY_BLK_0/CLKINT_CMD/U0_RGB1                                                 |
|        |         | Source: NETLIST                                                                                      |
| 1      | INT_NET | Net   : PF_DDR3_SS_0/DDRPHY_BLK_0/CLKINT_CMD_Y                                                       |
|        |         | Driver: PF_DDR3_SS_0/DDRPHY_BLK_0/CLKINT_CMD/U0_RGB1                                                 |
|        |         | Source: NETLIST                                                                                      |
| 1      | INT_NET | Net   : PCIe_EP_0/PCIe_TL_CLK_0_TL_CLK                                                               |
|        |         | Driver: PCIe_EP_0/PCIe_TL_CLK_0/NGMUX_0/NGMUX_0/I_CLKINT/U0_RGB1                                     |
|        |         | Source: NETLIST                                                                                      |
+--------+---------+------------------------------------------------------------------------------------------------------+

Nets assigned to row global resources
+--------+------+------+
| Fanout | Type | Name |
+--------+------+------+
+--------+------+------+

High fanout nets
+--------+---------+-----------------------------------------------------------------------------------------------------------------------------------------+
| Fanout | Type    | Name                                                                                                                                    |
+--------+---------+-----------------------------------------------------------------------------------------------------------------------------------------+
| 457    | INT_NET | Net   : AND3_0_Y                                                                                                                        |
|        |         | Driver: AND3_0                                                                                                                          |
| 361    | INT_NET | Net   : CoreDMA_IO_CTRL_0/CoreAXI4_Lite_0/CoreAXI4_Lite_0/sysReset                                                                      |
|        |         | Driver: CoreDMA_IO_CTRL_0/CoreAXI4_Lite_0/CoreAXI4_Lite_0/arst_aclk_sync/sysReset                                                       |
| 360    | INT_NET | Net   : PF_DDR3_SS_0/MSC_i_0/MSC_i_1/MSC_i_6/MSC_i_9/NHu28hCmxuoE778pzLsq5Fwt9Drb[0]                                                    |
|        |         | Driver: PF_DDR3_SS_0/MSC_i_0/MSC_i_1/MSC_i_6/MSC_i_9/IEkngaDsJuGrIhhaEnokCdh147A1b5zgabn9c127eIuLtrm2DtomxI35oxG6gkd5mpr1zgr[0]         |
| 360    | INT_NET | Net   : PF_DDR4_SS_0/MSC_i_264/MSC_i_265/MSC_i_270/MSC_i_273/NHu28hCmxuoE778pzLsq5Fwt9Drb[0]                                            |
|        |         | Driver: PF_DDR4_SS_0/MSC_i_264/MSC_i_265/MSC_i_270/MSC_i_273/IEkngaDsJuGrIhhaEnokCdh147A1b5zgabn9c127eIuLtrm2DtomxI35oxG6gkd5mpr1zgr[0] |
| 288    | INT_NET | Net   : PF_DDR3_SS_0/MSC_i_0/MSC_i_1/MSC_i_6/MSC_i_134/MSC_i_227/MSC_i_228/MSC_i_242/NxC4mH0p48s[1]                                     |
|        |         | Driver: PF_DDR3_SS_0/MSC_i_0/MSC_i_1/MSC_i_6/MSC_i_134/MSC_i_227/MSC_i_228/MSC_i_242/IxC4mH0p48s[1]                                     |
| 288    | INT_NET | Net   : PF_DDR3_SS_0/MSC_i_0/MSC_i_1/MSC_i_6/MSC_i_9/NHu28hCmxuoE778pzLsq5Fwt9Drb[1]                                                    |
|        |         | Driver: PF_DDR3_SS_0/MSC_i_0/MSC_i_1/MSC_i_6/MSC_i_9/IEkngaDsJuGrIhhaEnokCdh147A1b5zgabn9c127eIuLtrm2DtomxI35oxG6gkd5mpr1zgr[1]         |
| 288    | INT_NET | Net   : PF_DDR4_SS_0/MSC_i_264/MSC_i_265/MSC_i_270/MSC_i_273/NHu28hCmxuoE778pzLsq5Fwt9Drb[1]                                            |
|        |         | Driver: PF_DDR4_SS_0/MSC_i_264/MSC_i_265/MSC_i_270/MSC_i_273/IEkngaDsJuGrIhhaEnokCdh147A1b5zgabn9c127eIuLtrm2DtomxI35oxG6gkd5mpr1zgr[1] |
| 288    | INT_NET | Net   : PF_DDR4_SS_0/MSC_i_264/MSC_i_265/MSC_i_270/MSC_i_473/MSC_i_567/MSC_i_568/MSC_i_582/NxC4mH0p48s[1]                               |
|        |         | Driver: PF_DDR4_SS_0/MSC_i_264/MSC_i_265/MSC_i_270/MSC_i_473/MSC_i_567/MSC_i_568/MSC_i_582/IxC4mH0p48s[1]                               |
| 257    | INT_NET | Net   : CoreDMA_IO_CTRL_0/CoreDMA_Controller_0/CoreDMA_Controller_0/CAXI4DMAOl01[6]                                                     |
|        |         | Driver: CoreDMA_IO_CTRL_0/CoreDMA_Controller_0/CoreDMA_Controller_0/CAXI4DMAI00OI/CAXI4DMAO00I[6]                                       |
| 256    | INT_NET | Net   : PF_DDR3_SS_0/MSC_i_0/MSC_i_1/MSC_i_6/MSC_i_134/MSC_i_138/MSC_i_139/MSC_i_154/NxC4mH0p48s[1]                                     |
|        |         | Driver: PF_DDR3_SS_0/MSC_i_0/MSC_i_1/MSC_i_6/MSC_i_134/MSC_i_138/MSC_i_139/MSC_i_154/IxC4mH0p48s[1]                                     |
+--------+---------+-----------------------------------------------------------------------------------------------------------------------------------------+

High fanout nets (through buffer trees)
+--------+---------+-----------------------------------------------------------------------------------------------------------------------------------------+
| Fanout | Type    | Name                                                                                                                                    |
+--------+---------+-----------------------------------------------------------------------------------------------------------------------------------------+
| 457    | INT_NET | Net   : AND3_0_Y                                                                                                                        |
|        |         | Driver: AND3_0                                                                                                                          |
| 361    | INT_NET | Net   : CoreDMA_IO_CTRL_0/CoreAXI4_Lite_0/CoreAXI4_Lite_0/sysReset                                                                      |
|        |         | Driver: CoreDMA_IO_CTRL_0/CoreAXI4_Lite_0/CoreAXI4_Lite_0/arst_aclk_sync/sysReset                                                       |
| 360    | INT_NET | Net   : PF_DDR3_SS_0/MSC_i_0/MSC_i_1/MSC_i_6/MSC_i_9/NHu28hCmxuoE778pzLsq5Fwt9Drb[0]                                                    |
|        |         | Driver: PF_DDR3_SS_0/MSC_i_0/MSC_i_1/MSC_i_6/MSC_i_9/IEkngaDsJuGrIhhaEnokCdh147A1b5zgabn9c127eIuLtrm2DtomxI35oxG6gkd5mpr1zgr[0]         |
| 360    | INT_NET | Net   : PF_DDR4_SS_0/MSC_i_264/MSC_i_265/MSC_i_270/MSC_i_273/NHu28hCmxuoE778pzLsq5Fwt9Drb[0]                                            |
|        |         | Driver: PF_DDR4_SS_0/MSC_i_264/MSC_i_265/MSC_i_270/MSC_i_273/IEkngaDsJuGrIhhaEnokCdh147A1b5zgabn9c127eIuLtrm2DtomxI35oxG6gkd5mpr1zgr[0] |
| 288    | INT_NET | Net   : PF_DDR3_SS_0/MSC_i_0/MSC_i_1/MSC_i_6/MSC_i_134/MSC_i_227/MSC_i_228/MSC_i_242/NxC4mH0p48s[1]                                     |
|        |         | Driver: PF_DDR3_SS_0/MSC_i_0/MSC_i_1/MSC_i_6/MSC_i_134/MSC_i_227/MSC_i_228/MSC_i_242/IxC4mH0p48s[1]                                     |
| 288    | INT_NET | Net   : PF_DDR3_SS_0/MSC_i_0/MSC_i_1/MSC_i_6/MSC_i_9/NHu28hCmxuoE778pzLsq5Fwt9Drb[1]                                                    |
|        |         | Driver: PF_DDR3_SS_0/MSC_i_0/MSC_i_1/MSC_i_6/MSC_i_9/IEkngaDsJuGrIhhaEnokCdh147A1b5zgabn9c127eIuLtrm2DtomxI35oxG6gkd5mpr1zgr[1]         |
| 288    | INT_NET | Net   : PF_DDR4_SS_0/MSC_i_264/MSC_i_265/MSC_i_270/MSC_i_273/NHu28hCmxuoE778pzLsq5Fwt9Drb[1]                                            |
|        |         | Driver: PF_DDR4_SS_0/MSC_i_264/MSC_i_265/MSC_i_270/MSC_i_273/IEkngaDsJuGrIhhaEnokCdh147A1b5zgabn9c127eIuLtrm2DtomxI35oxG6gkd5mpr1zgr[1] |
| 288    | INT_NET | Net   : PF_DDR4_SS_0/MSC_i_264/MSC_i_265/MSC_i_270/MSC_i_473/MSC_i_567/MSC_i_568/MSC_i_582/NxC4mH0p48s[1]                               |
|        |         | Driver: PF_DDR4_SS_0/MSC_i_264/MSC_i_265/MSC_i_270/MSC_i_473/MSC_i_567/MSC_i_568/MSC_i_582/IxC4mH0p48s[1]                               |
| 257    | INT_NET | Net   : CoreDMA_IO_CTRL_0/CoreDMA_Controller_0/CoreDMA_Controller_0/CAXI4DMAOl01[6]                                                     |
|        |         | Driver: CoreDMA_IO_CTRL_0/CoreDMA_Controller_0/CoreDMA_Controller_0/CAXI4DMAI00OI/CAXI4DMAO00I[6]                                       |
| 256    | INT_NET | Net   : PF_DDR3_SS_0/MSC_i_0/MSC_i_1/MSC_i_6/MSC_i_134/MSC_i_138/MSC_i_139/MSC_i_154/NxC4mH0p48s[1]                                     |
|        |         | Driver: PF_DDR3_SS_0/MSC_i_0/MSC_i_1/MSC_i_6/MSC_i_134/MSC_i_138/MSC_i_139/MSC_i_154/IxC4mH0p48s[1]                                     |
+--------+---------+-----------------------------------------------------------------------------------------------------------------------------------------+

