Resource Usage Report for IOG_IOD_DDRX4_COMP 

Mapping to part: mpf300tfcg1152-1
Cell usage:
BUFF            1 use
CLKINT          11 uses
HS_IO_CLK       5 uses
ICB_CLKDIVDELAY  2 uses
IOD             7 uses
LANECTRL        2 uses
MX2             1 use
OR2             1 use
OSC_RC160MHZ    1 use
PLL             2 uses
CFG1           18 uses
CFG2           257 uses
CFG3           237 uses
CFG4           921 uses

Carry cells:
ARI1            380 uses - used for arithmetic functions
ARI1            1106 uses - used for Wide-Mux implementation
Total ARI1      1486 uses


Sequential Cells: 
SLE            2329 uses

DSP Blocks:    0 of 924 (0%)

I/O ports: 83
I/O primitives: 77
INBUF          5 uses
INBUF_DIFF     3 uses
OUTBUF         66 uses
OUTBUF_DIFF    3 uses


Global Clock Buffers: 11

Total LUTs:    2919

Extra resources required for RAM and MACC_PA interface logic during P&R:

RAM64X12 Interface Logic : SLEs = 0; LUTs = 0;
RAM1K20  Interface Logic : SLEs = 0; LUTs = 0;
MACC_PA     Interface Logic : SLEs = 0; LUTs = 0;
MACC_PA_BC_ROM     Interface Logic : SLEs = 0; LUTs = 0;

Total number of SLEs after P&R:  2329 + 0 + 0 + 0 = 2329;
Total number of LUTs after P&R:  2919 + 0 + 0 + 0 = 2919;

